Archive member included to satisfy reference by file (symbol)

..//libFiles/epBlinkyLibrary.a(ep_bsp.c.o)
                              _build/nrf52840_xxaa/main.c.o (ep_bsp_init)
..//libFiles/epBlinkyLibrary.a(freertos_hooks.c.o)
                              _build/nrf52840_xxaa/tasks.c.o (vApplicationIdleHook)
..//libFiles/epBlinkyLibrary.a(led_helper.c.o)
                              _build/nrf52840_xxaa/main.c.o (led_init)
..//libFiles/epBlinkyLibrary.a(nrfx_gpiote.c.o)
                              _build/nrf52840_xxaa/nrf_libuarte_drv.c.o (nrfx_gpiote_init)
..//libFiles/epBlinkyLibrary.a(uart_helper.c.o)
                              _build/nrf52840_xxaa/main.c.o (tx_enqueue)
..//libFiles/epBlinkyLibrary.a(time_helper.c.o)
                              _build/nrf52840_xxaa/main.c.o (set_time)
c:/program files (x86)/arm gnu toolchain arm-none-eabi/11.3 rel1/bin/../lib/gcc/arm-none-eabi/11.3.1/thumb/v7e-m+fp/hard\libc_nano.a(libc_a-exit.o)
                              c:/program files (x86)/arm gnu toolchain arm-none-eabi/11.3 rel1/bin/../lib/gcc/arm-none-eabi/11.3.1/thumb/v7e-m+fp/hard/crt0.o (exit)
c:/program files (x86)/arm gnu toolchain arm-none-eabi/11.3 rel1/bin/../lib/gcc/arm-none-eabi/11.3.1/thumb/v7e-m+fp/hard\libc_nano.a(libc_a-nano-vfprintf_float.o)
                              (_printf_float)
c:/program files (x86)/arm gnu toolchain arm-none-eabi/11.3 rel1/bin/../lib/gcc/arm-none-eabi/11.3.1/thumb/v7e-m+fp/hard\libc_nano.a(libc_a-nano-vfprintf_i.o)
                              c:/program files (x86)/arm gnu toolchain arm-none-eabi/11.3 rel1/bin/../lib/gcc/arm-none-eabi/11.3.1/thumb/v7e-m+fp/hard\libc_nano.a(libc_a-nano-vfprintf_float.o) (_printf_common)
c:/program files (x86)/arm gnu toolchain arm-none-eabi/11.3 rel1/bin/../lib/gcc/arm-none-eabi/11.3.1/thumb/v7e-m+fp/hard\libc_nano.a(libc_a-findfp.o)
                              c:/program files (x86)/arm gnu toolchain arm-none-eabi/11.3 rel1/bin/../lib/gcc/arm-none-eabi/11.3.1/thumb/v7e-m+fp/hard\libc_nano.a(libc_a-exit.o) (__stdio_exit_handler)
c:/program files (x86)/arm gnu toolchain arm-none-eabi/11.3 rel1/bin/../lib/gcc/arm-none-eabi/11.3.1/thumb/v7e-m+fp/hard\libc_nano.a(libc_a-fprintf.o)
                              ..//libFiles/epBlinkyLibrary.a(uart_helper.c.o) (fprintf)
c:/program files (x86)/arm gnu toolchain arm-none-eabi/11.3 rel1/bin/../lib/gcc/arm-none-eabi/11.3.1/thumb/v7e-m+fp/hard\libc_nano.a(libc_a-fwalk.o)
                              c:/program files (x86)/arm gnu toolchain arm-none-eabi/11.3 rel1/bin/../lib/gcc/arm-none-eabi/11.3.1/thumb/v7e-m+fp/hard\libc_nano.a(libc_a-findfp.o) (_fwalk_sglue)
c:/program files (x86)/arm gnu toolchain arm-none-eabi/11.3 rel1/bin/../lib/gcc/arm-none-eabi/11.3.1/thumb/v7e-m+fp/hard\libc_nano.a(libc_a-sprintf.o)
                              ..//libFiles/epBlinkyLibrary.a(uart_helper.c.o) (sprintf)
c:/program files (x86)/arm gnu toolchain arm-none-eabi/11.3 rel1/bin/../lib/gcc/arm-none-eabi/11.3.1/thumb/v7e-m+fp/hard\libc_nano.a(libc_a-stdio.o)
                              c:/program files (x86)/arm gnu toolchain arm-none-eabi/11.3 rel1/bin/../lib/gcc/arm-none-eabi/11.3.1/thumb/v7e-m+fp/hard\libc_nano.a(libc_a-findfp.o) (__sread)
c:/program files (x86)/arm gnu toolchain arm-none-eabi/11.3 rel1/bin/../lib/gcc/arm-none-eabi/11.3.1/thumb/v7e-m+fp/hard\libc_nano.a(libc_a-vsprintf.o)
                              ..//libFiles/epBlinkyLibrary.a(uart_helper.c.o) (vsprintf)
c:/program files (x86)/arm gnu toolchain arm-none-eabi/11.3 rel1/bin/../lib/gcc/arm-none-eabi/11.3.1/thumb/v7e-m+fp/hard\libc_nano.a(libc_a-memset.o)
                              c:/program files (x86)/arm gnu toolchain arm-none-eabi/11.3 rel1/bin/../lib/gcc/arm-none-eabi/11.3.1/thumb/v7e-m+fp/hard/crt0.o (memset)
c:/program files (x86)/arm gnu toolchain arm-none-eabi/11.3 rel1/bin/../lib/gcc/arm-none-eabi/11.3.1/thumb/v7e-m+fp/hard\libc_nano.a(libc_a-localeconv.o)
                              c:/program files (x86)/arm gnu toolchain arm-none-eabi/11.3 rel1/bin/../lib/gcc/arm-none-eabi/11.3.1/thumb/v7e-m+fp/hard\libc_nano.a(libc_a-nano-vfprintf_float.o) (_localeconv_r)
c:/program files (x86)/arm gnu toolchain arm-none-eabi/11.3 rel1/bin/../lib/gcc/arm-none-eabi/11.3.1/thumb/v7e-m+fp/hard\libc_nano.a(libc_a-closer.o)
                              c:/program files (x86)/arm gnu toolchain arm-none-eabi/11.3 rel1/bin/../lib/gcc/arm-none-eabi/11.3.1/thumb/v7e-m+fp/hard\libc_nano.a(libc_a-stdio.o) (_close_r)
c:/program files (x86)/arm gnu toolchain arm-none-eabi/11.3 rel1/bin/../lib/gcc/arm-none-eabi/11.3.1/thumb/v7e-m+fp/hard\libc_nano.a(libc_a-reent.o)
                              c:/program files (x86)/arm gnu toolchain arm-none-eabi/11.3 rel1/bin/../lib/gcc/arm-none-eabi/11.3.1/thumb/v7e-m+fp/hard\libc_nano.a(libc_a-closer.o) (errno)
c:/program files (x86)/arm gnu toolchain arm-none-eabi/11.3 rel1/bin/../lib/gcc/arm-none-eabi/11.3.1/thumb/v7e-m+fp/hard\libc_nano.a(libc_a-impure.o)
[...]
Memory Configuration

Name             Origin             Length             Attributes
FLASH            0x00000000         0x000d9000         xr
RAM              0x20000000         0x0003bc48         xrw
*default*        0x00000000         0xffffffff

Linker script and memory map


.text           0x00000000     0x92c8
 *(.isr_vector)
 .isr_vector    0x00000000      0x200 _build/nrf52840_xxaa/gcc_startup_nrf52840.S.o
                0x00000000                __isr_vector
 *(.text*)
 .text.deregister_tm_clones
                0x00000200       0x1c c:/program files (x86)/arm gnu toolchain arm-none-eabi/11.3 rel1/bin/../lib/gcc/arm-none-eabi/11.3.1/thumb/v7e-m+fp/hard/crtbegin.o
 .text.register_tm_clones
                0x0000021c       0x24 c:/program files (x86)/arm gnu toolchain arm-none-eabi/11.3 rel1/bin/../lib/gcc/arm-none-eabi/11.3.1/thumb/v7e-m+fp/hard/crtbegin.o
 .text.__do_global_dtors_aux
                0x00000240       0x28 c:/program files (x86)/arm gnu toolchain arm-none-eabi/11.3 rel1/bin/../lib/gcc/arm-none-eabi/11.3.1/thumb/v7e-m+fp/hard/crtbegin.o
 .text.frame_dummy
                0x00000268       0x24 c:/program files (x86)/arm gnu toolchain arm-none-eabi/11.3 rel1/bin/../lib/gcc/arm-none-eabi/11.3.1/thumb/v7e-m+fp/hard/crtbegin.o
 .text          0x0000028c       0x7c c:/program files (x86)/arm gnu toolchain arm-none-eabi/11.3 rel1/bin/../lib/gcc/arm-none-eabi/11.3.1/thumb/v7e-m+fp/hard/crt0.o
                0x0000028c                _stack_init
                0x00000294                _start
                0x00000294                _mainCRTStartup
 .text          0x00000308       0x3c _build/nrf52840_xxaa/gcc_startup_nrf52840.S.o
                0x00000308                Reset_Handler
                0x00000330                NMI_Handler
                0x00000332                HardFault_Handler
                0x00000334                MemoryManagement_Handler
                0x00000336                BusFault_Handler
                0x00000338                UsageFault_Handler
                0x0000033c                DebugMon_Handler
                0x00000340                SysTick_Handler
                0x00000342                PDM_IRQHandler
                0x00000342                TEMP_IRQHandler
                0x00000342                QDEC_IRQHandler
                0x00000342                PWM3_IRQHandler
                0x00000342                FPU_IRQHandler
                0x00000342                USBD_IRQHandler
                0x00000342                SPIM0_SPIS0_TWIM0_TWIS0_SPI0_TWI0_IRQHandler
                0x00000342                PWM1_IRQHandler
                0x00000342                CRYPTOCELL_IRQHandler
                0x00000342                I2S_IRQHandler
                0x00000342                RADIO_IRQHandler
                0x00000342                TIMER0_IRQHandler
                0x00000342                SWI2_EGU2_IRQHandler
                0x00000342                SPIM3_IRQHandler
                0x00000342                PWM2_IRQHandler
                0x00000342                ECB_IRQHandler
                0x00000342                SPIM1_SPIS1_TWIM1_TWIS1_SPI1_TWI1_IRQHandler
                0x00000342                Default_Handler
                0x00000342                CCM_AAR_IRQHandler
                0x00000342                SWI5_EGU5_IRQHandler
                0x00000342                RNG_IRQHandler
                0x00000342                PWM0_IRQHandler
                0x00000342                SWI3_EGU3_IRQHandler
                0x00000342                SWI1_EGU1_IRQHandler
                0x00000342                SPIM2_SPIS2_SPI2_IRQHandler
                0x00000342                NFCT_IRQHandler
                0x00000342                SWI0_EGU0_IRQHandler
                0x00000342                MWU_IRQHandler
                0x00000342                SWI4_EGU4_IRQHandler
                0x00000342                QSPI_IRQHandler
                0x00000342                COMP_LPCOMP_IRQHandler
 .text.bsp_board_led_on
                0x00000344        0xc _build/nrf52840_xxaa/boards.c.o
                0x00000344                bsp_board_led_on
 .text.bsp_board_led_off
                0x00000350        0xc _build/nrf52840_xxaa/boards.c.o
                0x00000350                bsp_board_led_off
 .text.bsp_board_init
                0x0000035c       0x24 _build/nrf52840_xxaa/boards.c.o
                0x0000035c                bsp_board_init
 .text.nrf_balloc_init
                0x00000380       0x3c _build/nrf52840_xxaa/nrf_balloc.c.o
                0x00000380                nrf_balloc_init
 .text.nrf_balloc_alloc
                0x000003bc       0x4c _build/nrf52840_xxaa/nrf_balloc.c.o
                0x000003bc                nrf_balloc_alloc
 .text.nrf_balloc_free
                0x00000408       0x2c _build/nrf52840_xxaa/nrf_balloc.c.o
                0x00000408                nrf_balloc_free
 .text.rx_buffer_schedule
                0x00000434       0x38 _build/nrf52840_xxaa/nrf_libuarte_async.c.o
 .text.uart_evt_handler
                0x0000046c       0xf8 _build/nrf52840_xxaa/nrf_libuarte_async.c.o
 .text.nrf_libuarte_async_timeout_handler
                0x00000564       0x90 _build/nrf52840_xxaa/nrf_libuarte_async.c.o
                0x00000564                nrf_libuarte_async_timeout_handler
 .text.tmr_evt_handler
                0x000005f4        0x8 _build/nrf52840_xxaa/nrf_libuarte_async.c.o
 .text.nrf_libuarte_async_init
                0x000005fc      0x280 _build/nrf52840_xxaa/nrf_libuarte_async.c.o
                0x000005fc                nrf_libuarte_async_init
 .text.nrf_libuarte_async_uninit
                0x0000087c       0x68 _build/nrf52840_xxaa/nrf_libuarte_async.c.o
                0x0000087c                nrf_libuarte_async_uninit
 .text.nrf_libuarte_async_enable
                0x000008e4       0x80 _build/nrf52840_xxaa/nrf_libuarte_async.c.o
                0x000008e4                nrf_libuarte_async_enable
 .text.nrf_libuarte_async_tx
                0x00000964        0x8 _build/nrf52840_xxaa/nrf_libuarte_async.c.o
                0x00000964                nrf_libuarte_async_tx
 .text.nrf_libuarte_async_rx_free
                0x0000096c       0x58 _build/nrf52840_xxaa/nrf_libuarte_async.c.o
                0x0000096c                nrf_libuarte_async_rx_free
 .text.tmr_evt_handler
                0x000009c4        0x4 _build/nrf52840_xxaa/nrf_libuarte_drv.c.o
                0x000009c4                tmr_evt_handler
 .text.irq_handler
                0x000009c8      0x1e4 _build/nrf52840_xxaa/nrf_libuarte_drv.c.o
 .text.ppi_free
                0x00000bac       0x50 _build/nrf52840_xxaa/nrf_libuarte_drv.c.o
 .text.ppi_channel_configure
                0x00000bfc       0x3c _build/nrf52840_xxaa/nrf_libuarte_drv.c.o
 .text.nrf_libuarte_drv_init
                0x00000c38      0x3a8 _build/nrf52840_xxaa/nrf_libuarte_drv.c.o
                0x00000c38                nrf_libuarte_drv_init
 .text.nrf_libuarte_drv_uninit
                0x00000fe0      0x148 _build/nrf52840_xxaa/nrf_libuarte_drv.c.o
                0x00000fe0                nrf_libuarte_drv_uninit
 .text.nrf_libuarte_drv_tx
                0x00001128       0xd0 _build/nrf52840_xxaa/nrf_libuarte_drv.c.o
                0x00001128                nrf_libuarte_drv_tx
 .text.nrf_libuarte_drv_rx_start
                0x000011f8       0xbc _build/nrf52840_xxaa/nrf_libuarte_drv.c.o
                0x000011f8                nrf_libuarte_drv_rx_start
 .text.nrf_libuarte_drv_rx_buf_rsp
                0x000012b4       0x58 _build/nrf52840_xxaa/nrf_libuarte_drv.c.o
                0x000012b4                nrf_libuarte_drv_rx_buf_rsp
 .text.UARTE0_UART0_IRQHandler
                0x0000130c        0xc _build/nrf52840_xxaa/nrf_libuarte_drv.c.o
                0x0000130c                UARTE0_UART0_IRQHandler
 .text.UARTE1_IRQHandler
                0x00001318        0xc _build/nrf52840_xxaa/nrf_libuarte_drv.c.o
                0x00001318                UARTE1_IRQHandler
 .text.nrf_queue_push
                0x00001324       0xd8 _build/nrf52840_xxaa/nrf_queue.c.o
                0x00001324                nrf_queue_push
 .text.nrf_queue_generic_pop
                0x000013fc       0xc8 _build/nrf52840_xxaa/nrf_queue.c.o
                0x000013fc                nrf_queue_generic_pop
 .text.nrf_queue_reset
                0x000014c4       0x20 _build/nrf52840_xxaa/nrf_queue.c.o
                0x000014c4                nrf_queue_reset
 .text.retarget_init
                0x000014e4       0x28 _build/nrf52840_xxaa/retarget.c.o
                0x000014e4                retarget_init
 .text._write   0x0000150c       0xa0 _build/nrf52840_xxaa/retarget.c.o
                0x0000150c                _write
 .text._read    0x000015ac        0x4 _build/nrf52840_xxaa/retarget.c.o
                0x000015ac                _read
 .text.app_error_handler_bare
                0x000015b0       0x20 _build/nrf52840_xxaa/app_error.c.o
                0x000015b0                app_error_handler_bare
 .text.app_error_fault_handler
                0x000015d0       0x30 _build/nrf52840_xxaa/app_error_weak.c.o
                0x000015d0                app_error_fault_handler
 .text.app_util_critical_region_enter
                0x00001600       0x10 _build/nrf52840_xxaa/app_util_platform.c.o
                0x00001600                app_util_critical_region_enter
 .text.app_util_critical_region_exit
                0x00001610       0x14 _build/nrf52840_xxaa/app_util_platform.c.o
                0x00001610                app_util_critical_region_exit
 .text.vListInitialise
                0x00001624       0x18 _build/nrf52840_xxaa/list.c.o
                0x00001624                vListInitialise
 .text.vListInitialiseItem
                0x0000163c        0x8 _build/nrf52840_xxaa/list.c.o
                0x0000163c                vListInitialiseItem
 .text.vListInsertEnd
                0x00001644       0x18 _build/nrf52840_xxaa/list.c.o
                0x00001644                vListInsertEnd
 .text.vListInsert
                0x0000165c       0x30 _build/nrf52840_xxaa/list.c.o
                0x0000165c                vListInsert
 .text.uxListRemove
                0x0000168c       0x24 _build/nrf52840_xxaa/list.c.o
                0x0000168c                uxListRemove
 .text.prvInsertBlockIntoFreeList
                0x000016b0       0x64 _build/nrf52840_xxaa/heap_4.c.o
 .text.pvPortMalloc
                0x00001714      0x100 _build/nrf52840_xxaa/heap_4.c.o
                0x00001714                pvPortMalloc
 .text.vPortFree
                0x00001814       0x50 _build/nrf52840_xxaa/heap_4.c.o
                0x00001814                vPortFree
 .text.prvTaskExitError
                0x00001864        0x8 _build/nrf52840_xxaa/port_cmsis.c.o
 .text.pxPortInitialiseStack
                0x0000186c       0x24 _build/nrf52840_xxaa/port_cmsis.c.o
                0x0000186c                pxPortInitialiseStack
 .text.xPortStartScheduler
                0x00001890       0x4c _build/nrf52840_xxaa/port_cmsis.c.o
                0x00001890                xPortStartScheduler
 .text.vPortEnterCritical
                0x000018dc       0x14 _build/nrf52840_xxaa/port_cmsis.c.o
                0x000018dc                vPortEnterCritical
 .text.vPortExitCritical
                0x000018f0       0x14 _build/nrf52840_xxaa/port_cmsis.c.o
                0x000018f0                vPortExitCritical
 .text.RTC1_IRQHandler
                0x00001904       0x84 _build/nrf52840_xxaa/port_cmsis_systick.c.o
                0x00001904                RTC1_IRQHandler
 .text.vPortSetupTimerInterrupt
                0x00001988       0x38 _build/nrf52840_xxaa/port_cmsis_systick.c.o
                0x00001988                vPortSetupTimerInterrupt
 .text.vPortSuppressTicksAndSleep
                0x000019c0      0x104 _build/nrf52840_xxaa/port_cmsis_systick.c.o
                0x000019c0                vPortSuppressTicksAndSleep
 .text.vPortStartFirstTask
                0x00001ac4       0x1c _build/nrf52840_xxaa/port.c.o
                0x00001ac4                vPortStartFirstTask
 .text.SVC_Handler
                0x00001ae0       0x20 _build/nrf52840_xxaa/port.c.o
                0x00001ae0                SVC_Handler
 .text.PendSV_Handler
                0x00001b00       0x60 _build/nrf52840_xxaa/port.c.o
                0x00001b00                PendSV_Handler
 .text.prvCopyDataToQueue
                0x00001b60       0x78 _build/nrf52840_xxaa/queue.c.o
 .text.prvUnlockQueue
                0x00001bd8       0x8c _build/nrf52840_xxaa/queue.c.o
 .text.xQueueGenericCreate
                0x00001c64       0x74 _build/nrf52840_xxaa/queue.c.o
                0x00001c64                xQueueGenericCreate
 .text.xQueueGenericSend
                0x00001cd8      0x118 _build/nrf52840_xxaa/queue.c.o
                0x00001cd8                xQueueGenericSend
 .text.xQueueGenericSendFromISR
                0x00001df0       0x64 _build/nrf52840_xxaa/queue.c.o
                0x00001df0                xQueueGenericSendFromISR
 .text.xQueueGiveFromISR
                0x00001e54       0x60 _build/nrf52840_xxaa/queue.c.o
                0x00001e54                xQueueGiveFromISR
 .text.xQueueReceive
                0x00001eb4      0x134 _build/nrf52840_xxaa/queue.c.o
                0x00001eb4                xQueueReceive
 .text.xQueueSemaphoreTake
                0x00001fe8      0x168 _build/nrf52840_xxaa/queue.c.o
                0x00001fe8                xQueueSemaphoreTake
 .text.vQueueAddToRegistry
                0x00002150       0x20 _build/nrf52840_xxaa/queue.c.o
                0x00002150                vQueueAddToRegistry
 .text.vQueueWaitForMessageRestricted
                0x00002170       0x50 _build/nrf52840_xxaa/queue.c.o
                0x00002170                vQueueWaitForMessageRestricted
 .text.prvAddCurrentTaskToDelayedList
                0x000021c0       0x8c _build/nrf52840_xxaa/tasks.c.o
 .text.xTaskCreate
                0x0000224c      0x1d8 _build/nrf52840_xxaa/tasks.c.o
                0x0000224c                xTaskCreate
 .text.vTaskResume
                0x00002424       0x98 _build/nrf52840_xxaa/tasks.c.o
                0x00002424                vTaskResume
 .text.vTaskStartScheduler
                0x000024bc       0x60 _build/nrf52840_xxaa/tasks.c.o
                0x000024bc                vTaskStartScheduler
 .text.vTaskSuspendAll
                0x0000251c       0x10 _build/nrf52840_xxaa/tasks.c.o
                0x0000251c                vTaskSuspendAll
 .text.xTaskGetTickCount
                0x0000252c        0xc _build/nrf52840_xxaa/tasks.c.o
                0x0000252c                xTaskGetTickCount
 .text.vTaskStepTick
                0x00002538       0x10 _build/nrf52840_xxaa/tasks.c.o
                0x00002538                vTaskStepTick
 .text.xTaskIncrementTick
                0x00002548      0x154 _build/nrf52840_xxaa/tasks.c.o
                0x00002548                xTaskIncrementTick
 .text.xTaskResumeAll
                0x0000269c      0x118 _build/nrf52840_xxaa/tasks.c.o
                0x0000269c                xTaskResumeAll
 .text.vTaskDelay
                0x000027b4       0x38 _build/nrf52840_xxaa/tasks.c.o
                0x000027b4                vTaskDelay
 .text.prvIdleTask
                0x000027ec      0x12c _build/nrf52840_xxaa/tasks.c.o
 .text.vTaskSwitchContext
                0x00002918       0x6c _build/nrf52840_xxaa/tasks.c.o
                0x00002918                vTaskSwitchContext
 .text.vTaskSuspend
                0x00002984       0xec _build/nrf52840_xxaa/tasks.c.o
                0x00002984                vTaskSuspend
 .text.vTaskPlaceOnEventList
                0x00002a70       0x20 _build/nrf52840_xxaa/tasks.c.o
                0x00002a70                vTaskPlaceOnEventList
 .text.vTaskPlaceOnEventListRestricted
                0x00002a90       0x2c _build/nrf52840_xxaa/tasks.c.o
                0x00002a90                vTaskPlaceOnEventListRestricted
 .text.xTaskRemoveFromEventList
                0x00002abc       0xa4 _build/nrf52840_xxaa/tasks.c.o
                0x00002abc                xTaskRemoveFromEventList
 .text.vTaskInternalSetTimeOutState
                0x00002b60       0x18 _build/nrf52840_xxaa/tasks.c.o
                0x00002b60                vTaskInternalSetTimeOutState
 .text.xTaskCheckForTimeOut
                0x00002b78       0x68 _build/nrf52840_xxaa/tasks.c.o
                0x00002b78                xTaskCheckForTimeOut
 .text.vTaskMissedYield
                0x00002be0        0xc _build/nrf52840_xxaa/tasks.c.o
                0x00002be0                vTaskMissedYield
 .text.eTaskConfirmSleepModeStatus
                0x00002bec       0x38 _build/nrf52840_xxaa/tasks.c.o
                0x00002bec                eTaskConfirmSleepModeStatus
 .text.xTaskGetSchedulerState
                0x00002c24       0x20 _build/nrf52840_xxaa/tasks.c.o
                0x00002c24                xTaskGetSchedulerState
 .text.xTaskPriorityInherit
                0x00002c44       0xb0 _build/nrf52840_xxaa/tasks.c.o
                0x00002c44                xTaskPriorityInherit
 .text.xTaskPriorityDisinherit
                0x00002cf4       0x88 _build/nrf52840_xxaa/tasks.c.o
                0x00002cf4                xTaskPriorityDisinherit
 .text.vTaskPriorityDisinheritAfterTimeout
                0x00002d7c       0x9c _build/nrf52840_xxaa/tasks.c.o
                0x00002d7c                vTaskPriorityDisinheritAfterTimeout
 .text.pvTaskIncrementMutexHeldCount
                0x00002e18       0x18 _build/nrf52840_xxaa/tasks.c.o
                0x00002e18                pvTaskIncrementMutexHeldCount
 .text.prvCheckForValidListAndQueue
                0x00002e30       0x5c _build/nrf52840_xxaa/timers.c.o
 .text.xTimerCreateTimerTask
                0x00002e8c       0x3c _build/nrf52840_xxaa/timers.c.o
                0x00002e8c                xTimerCreateTimerTask
 .text.xTimerCreate
                0x00002ec8       0x34 _build/nrf52840_xxaa/timers.c.o
                0x00002ec8                xTimerCreate
 .text.xTimerGenericCommand
                0x00002efc       0x58 _build/nrf52840_xxaa/timers.c.o
                0x00002efc                xTimerGenericCommand
 .text.prvSwitchTimerLists
                0x00002f54       0x74 _build/nrf52840_xxaa/timers.c.o
 .text.prvTimerTask
                0x00002fc8      0x204 _build/nrf52840_xxaa/timers.c.o
 .text.nrf_drv_clock_lfclk_request
                0x000031cc       0x5c _build/nrf52840_xxaa/nrf_drv_clock.c.o
                0x000031cc                nrf_drv_clock_lfclk_request
 .text.nrfx_clock_lfclk_start
                0x00003228       0x24 _build/nrf52840_xxaa/nrfx_clock.c.o
                0x00003228                nrfx_clock_lfclk_start
 .text.POWER_CLOCK_IRQHandler
                0x0000324c       0x70 _build/nrf52840_xxaa/nrfx_clock.c.o
                0x0000324c                POWER_CLOCK_IRQHandler
 .text.nrfx_ppi_channel_alloc
                0x000032bc       0x68 _build/nrf52840_xxaa/nrfx_ppi.c.o
                0x000032bc                nrfx_ppi_channel_alloc
 .text.nrfx_ppi_channel_free
                0x00003324       0x38 _build/nrf52840_xxaa/nrfx_ppi.c.o
                0x00003324                nrfx_ppi_channel_free
 .text.nrfx_ppi_channel_assign
                0x0000335c       0x4c _build/nrf52840_xxaa/nrfx_ppi.c.o
                0x0000335c                nrfx_ppi_channel_assign
 .text.nrfx_ppi_channel_fork_assign
                0x000033a8       0x28 _build/nrf52840_xxaa/nrfx_ppi.c.o
                0x000033a8                nrfx_ppi_channel_fork_assign
 .text.nrfx_ppi_channel_enable
                0x000033d0       0x28 _build/nrf52840_xxaa/nrfx_ppi.c.o
                0x000033d0                nrfx_ppi_channel_enable
 .text.nrfx_ppi_channel_disable
                0x000033f8       0x28 _build/nrf52840_xxaa/nrfx_ppi.c.o
                0x000033f8                nrfx_ppi_channel_disable
 .text.nrfx_ppi_group_alloc
                0x00003420       0x64 _build/nrf52840_xxaa/nrfx_ppi.c.o
                0x00003420                nrfx_ppi_group_alloc
 .text.nrfx_ppi_group_free
                0x00003484       0x48 _build/nrf52840_xxaa/nrfx_ppi.c.o
                0x00003484                nrfx_ppi_group_free
 .text.nrfx_ppi_group_enable
                0x000034cc       0x30 _build/nrf52840_xxaa/nrfx_ppi.c.o
                0x000034cc                nrfx_ppi_group_enable
 .text.nrfx_ppi_channels_include_in_group
                0x000034fc       0x48 _build/nrf52840_xxaa/nrfx_ppi.c.o
                0x000034fc                nrfx_ppi_channels_include_in_group
 .text.irq_handler
                0x00003544       0xb0 _build/nrf52840_xxaa/nrfx_rtc.c.o
 .text.nrfx_rtc_init
                0x000035f4       0x90 _build/nrf52840_xxaa/nrfx_rtc.c.o
                0x000035f4                nrfx_rtc_init
 .text.nrfx_rtc_uninit
                0x00003684       0x58 _build/nrf52840_xxaa/nrfx_rtc.c.o
                0x00003684                nrfx_rtc_uninit
 .text.nrfx_rtc_enable
                0x000036dc       0x18 _build/nrf52840_xxaa/nrfx_rtc.c.o
                0x000036dc                nrfx_rtc_enable
 .text.nrfx_rtc_disable
                0x000036f4       0x18 _build/nrf52840_xxaa/nrfx_rtc.c.o
                0x000036f4                nrfx_rtc_disable
 .text.nrfx_rtc_cc_set
                0x0000370c       0xa0 _build/nrf52840_xxaa/nrfx_rtc.c.o
                0x0000370c                nrfx_rtc_cc_set
 .text.nrfx_rtc_overflow_enable
                0x000037ac       0x2c _build/nrf52840_xxaa/nrfx_rtc.c.o
                0x000037ac                nrfx_rtc_overflow_enable
 .text.RTC0_IRQHandler
                0x000037d8       0x10 _build/nrf52840_xxaa/nrfx_rtc.c.o
                0x000037d8                RTC0_IRQHandler
 .text.RTC2_IRQHandler
                0x000037e8       0x10 _build/nrf52840_xxaa/nrfx_rtc.c.o
                0x000037e8                RTC2_IRQHandler
 .text.SAADC_IRQHandler
                0x000037f8      0x1ac _build/nrf52840_xxaa/nrfx_saadc.c.o
                0x000037f8                SAADC_IRQHandler
 .text.nrfx_timer_init
                0x000039a4      0x104 _build/nrf52840_xxaa/nrfx_timer.c.o
                0x000039a4                nrfx_timer_init
 .text.nrfx_timer_uninit
                0x00003aa8       0x6c _build/nrf52840_xxaa/nrfx_timer.c.o
                0x00003aa8                nrfx_timer_uninit
 .text.nrfx_timer_enable
                0x00003b14       0x1c _build/nrf52840_xxaa/nrfx_timer.c.o
                0x00003b14                nrfx_timer_enable
 .text.nrfx_timer_disable
                0x00003b30       0x1c _build/nrf52840_xxaa/nrfx_timer.c.o
                0x00003b30                nrfx_timer_disable
 .text.nrfx_timer_clear
                0x00003b4c        0x8 _build/nrf52840_xxaa/nrfx_timer.c.o
                0x00003b4c                nrfx_timer_clear
 .text.nrfx_timer_compare
                0x00003b54       0x40 _build/nrf52840_xxaa/nrfx_timer.c.o
                0x00003b54                nrfx_timer_compare
 .text.TIMER1_IRQHandler
                0x00003b94       0x58 _build/nrf52840_xxaa/nrfx_timer.c.o
                0x00003b94                TIMER1_IRQHandler
 .text.TIMER2_IRQHandler
                0x00003bec       0x58 _build/nrf52840_xxaa/nrfx_timer.c.o
                0x00003bec                TIMER2_IRQHandler
 .text.TIMER3_IRQHandler
                0x00003c44       0x58 _build/nrf52840_xxaa/nrfx_timer.c.o
                0x00003c44                TIMER3_IRQHandler
 .text.TIMER4_IRQHandler
                0x00003c9c       0x58 _build/nrf52840_xxaa/nrfx_timer.c.o
                0x00003c9c                TIMER4_IRQHandler
 .text.WDT_IRQHandler
                0x00003cf4       0x2c _build/nrf52840_xxaa/nrfx_wdt.c.o
                0x00003cf4                WDT_IRQHandler
 .text.nrfx_wdt_init
                0x00003d20       0x58 _build/nrf52840_xxaa/nrfx_wdt.c.o
                0x00003d20                nrfx_wdt_init
 .text.nrfx_wdt_enable
                0x00003d78       0x1c _build/nrf52840_xxaa/nrfx_wdt.c.o
                0x00003d78                nrfx_wdt_enable
 .text.nrfx_wdt_channel_alloc
                0x00003d94       0x4c _build/nrf52840_xxaa/nrfx_wdt.c.o
                0x00003d94                nrfx_wdt_channel_alloc
 .text.nrfx_wdt_channel_feed
                0x00003de0       0x18 _build/nrf52840_xxaa/nrfx_wdt.c.o
                0x00003de0                nrfx_wdt_channel_feed
 .text.SystemInit
                0x00003df8      0x274 _build/nrf52840_xxaa/system_nrf52840.c.o
                0x00003df8                SystemInit
 .text.LEDTask  0x0000406c       0x98 _build/nrf52840_xxaa/main.c.o
 .text.startup.main
                0x00004104       0xc4 _build/nrf52840_xxaa/main.c.o
                0x00004104                main
 .text.ep_bsp_init
                0x000041c8      0x18c ..//libFiles/epBlinkyLibrary.a(ep_bsp.c.o)
                0x000041c8                ep_bsp_init
 .text.vApplicationIdleHook
                0x00004354       0x18 ..//libFiles/epBlinkyLibrary.a(freertos_hooks.c.o)
                0x00004354                vApplicationIdleHook
 .text.led_timer_callback
                0x0000436c       0x30 ..//libFiles/epBlinkyLibrary.a(led_helper.c.o)
 .text.led_blink
                0x0000439c       0xe4 ..//libFiles/epBlinkyLibrary.a(led_helper.c.o)
 .text.led_task_func
                0x00004480      0x11c ..//libFiles/epBlinkyLibrary.a(led_helper.c.o)
 .text.led_init
                0x0000459c       0xdc ..//libFiles/epBlinkyLibrary.a(led_helper.c.o)
                0x0000459c                led_init
 .text.led_mode
                0x00004678       0x58 ..//libFiles/epBlinkyLibrary.a(led_helper.c.o)
                0x00004678                led_mode
 .text.nrfx_gpiote_init
                0x000046d0       0xac ..//libFiles/epBlinkyLibrary.a(nrfx_gpiote.c.o)
                0x000046d0                nrfx_gpiote_init
 .text.nrfx_gpiote_out_init
                0x0000477c      0x100 ..//libFiles/epBlinkyLibrary.a(nrfx_gpiote.c.o)
                0x0000477c                nrfx_gpiote_out_init
 .text.nrfx_gpiote_out_uninit
                0x0000487c       0x7c ..//libFiles/epBlinkyLibrary.a(nrfx_gpiote.c.o)
                0x0000487c                nrfx_gpiote_out_uninit
 .text.nrfx_gpiote_out_task_enable
                0x000048f8       0x24 ..//libFiles/epBlinkyLibrary.a(nrfx_gpiote.c.o)
                0x000048f8                nrfx_gpiote_out_task_enable
 .text.nrfx_gpiote_set_task_addr_get
                0x0000491c       0x1c ..//libFiles/epBlinkyLibrary.a(nrfx_gpiote.c.o)
                0x0000491c                nrfx_gpiote_set_task_addr_get
 .text.nrfx_gpiote_clr_task_addr_get
                0x00004938       0x1c ..//libFiles/epBlinkyLibrary.a(nrfx_gpiote.c.o)
                0x00004938                nrfx_gpiote_clr_task_addr_get
 .text.GPIOTE_IRQHandler
                0x00004954      0x1bc ..//libFiles/epBlinkyLibrary.a(nrfx_gpiote.c.o)
                0x00004954                GPIOTE_IRQHandler
 .text.debug_uart_event_handler
                0x00004b10       0xbc ..//libFiles/epBlinkyLibrary.a(uart_helper.c.o)
                0x00004b10                debug_uart_event_handler
 .text.debugUartTxTask
                0x00004bcc       0x2c ..//libFiles/epBlinkyLibrary.a(uart_helper.c.o)
                0x00004bcc                debugUartTxTask
 .text.init_uart_helper.part.0
                0x00004bf8       0xf0 ..//libFiles/epBlinkyLibrary.a(uart_helper.c.o)
 .text.tx_enqueue
                0x00004ce8      0x188 ..//libFiles/epBlinkyLibrary.a(uart_helper.c.o)
                0x00004ce8                tx_enqueue
 .text.init_uart
                0x00004e70       0xac ..//libFiles/epBlinkyLibrary.a(uart_helper.c.o)
                0x00004e70                init_uart
 .text.uninit_uart
                0x00004f1c       0xc0 ..//libFiles/epBlinkyLibrary.a(uart_helper.c.o)
                0x00004f1c                uninit_uart
 .text.rtc_event_handler
                0x00004fdc       0x30 ..//libFiles/epBlinkyLibrary.a(time_helper.c.o)
 .text.set_time
                0x0000500c      0x168 ..//libFiles/epBlinkyLibrary.a(time_helper.c.o)
                0x0000500c                set_time
 .text.exit     0x00005174       0x24 c:/program files (x86)/arm gnu toolchain arm-none-eabi/11.3 rel1/bin/../lib/gcc/arm-none-eabi/11.3.1/thumb/v7e-m+fp/hard\libc_nano.a(libc_a-exit.o)
                0x00005174                exit
 .text.__cvt    0x00005198       0xc4 c:/program files (x86)/arm gnu toolchain arm-none-eabi/11.3 rel1/bin/../lib/gcc/arm-none-eabi/11.3.1/thumb/v7e-m+fp/hard\libc_nano.a(libc_a-nano-vfprintf_float.o)
                0x00005198                __cvt
 .text.__exponent
                0x0000525c       0x7c c:/program files (x86)/arm gnu toolchain arm-none-eabi/11.3 rel1/bin/../lib/gcc/arm-none-eabi/11.3.1/thumb/v7e-m+fp/hard\libc_nano.a(libc_a-nano-vfprintf_float.o)
                0x0000525c                __exponent
 .text._printf_float
                0x000052d8      0x46c c:/program files (x86)/arm gnu toolchain arm-none-eabi/11.3 rel1/bin/../lib/gcc/arm-none-eabi/11.3.1/thumb/v7e-m+fp/hard\libc_nano.a(libc_a-nano-vfprintf_float.o)
                0x000052d8                _printf_float
 .text._printf_common
                0x00005744       0xda c:/program files (x86)/arm gnu toolchain arm-none-eabi/11.3 rel1/bin/../lib/gcc/arm-none-eabi/11.3.1/thumb/v7e-m+fp/hard\libc_nano.a(libc_a-nano-vfprintf_i.o)
                0x00005744                _printf_common
 *fill*         0x0000581e        0x2 
 .text._printf_i
                0x00005820      0x244 c:/program files (x86)/arm gnu toolchain arm-none-eabi/11.3 rel1/bin/../lib/gcc/arm-none-eabi/11.3.1/thumb/v7e-m+fp/hard\libc_nano.a(libc_a-nano-vfprintf_i.o)
                0x00005820                _printf_i
 .text.std      0x00005a64       0x48 c:/program files (x86)/arm gnu toolchain arm-none-eabi/11.3 rel1/bin/../lib/gcc/arm-none-eabi/11.3.1/thumb/v7e-m+fp/hard\libc_nano.a(libc_a-findfp.o)
 .text.stdio_exit_handler
                0x00005aac       0x18 c:/program files (x86)/arm gnu toolchain arm-none-eabi/11.3 rel1/bin/../lib/gcc/arm-none-eabi/11.3.1/thumb/v7e-m+fp/hard\libc_nano.a(libc_a-findfp.o)
 .text.cleanup_stdio
                0x00005ac4       0x40 c:/program files (x86)/arm gnu toolchain arm-none-eabi/11.3 rel1/bin/../lib/gcc/arm-none-eabi/11.3.1/thumb/v7e-m+fp/hard\libc_nano.a(libc_a-findfp.o)
 .text.global_stdio_init.part.0
                0x00005b04       0x3c c:/program files (x86)/arm gnu toolchain arm-none-eabi/11.3 rel1/bin/../lib/gcc/arm-none-eabi/11.3.1/thumb/v7e-m+fp/hard\libc_nano.a(libc_a-findfp.o)
 .text.__sfp_lock_acquire
                0x00005b40        0xc c:/program files (x86)/arm gnu toolchain arm-none-eabi/11.3 rel1/bin/../lib/gcc/arm-none-eabi/11.3.1/thumb/v7e-m+fp/hard\libc_nano.a(libc_a-findfp.o)
                0x00005b40                __sfp_lock_acquire
 .text.__sfp_lock_release
                0x00005b4c        0xc c:/program files (x86)/arm gnu toolchain arm-none-eabi/11.3 rel1/bin/../lib/gcc/arm-none-eabi/11.3.1/thumb/v7e-m+fp/hard\libc_nano.a(libc_a-findfp.o)
                0x00005b4c                __sfp_lock_release
 .text.__sinit  0x00005b58       0x30 c:/program files (x86)/arm gnu toolchain arm-none-eabi/11.3 rel1/bin/../lib/gcc/arm-none-eabi/11.3.1/thumb/v7e-m+fp/hard\libc_nano.a(libc_a-findfp.o)
                0x00005b58                __sinit
 .text.fprintf  0x00005b88       0x24 c:/program files (x86)/arm gnu toolchain arm-none-eabi/11.3 rel1/bin/../lib/gcc/arm-none-eabi/11.3.1/thumb/v7e-m+fp/hard\libc_nano.a(libc_a-fprintf.o)
                0x00005b88                fiprintf
                0x00005b88                fprintf
 .text._fwalk_sglue
                0x00005bac       0x3c c:/program files (x86)/arm gnu toolchain arm-none-eabi/11.3 rel1/bin/../lib/gcc/arm-none-eabi/11.3.1/thumb/v7e-m+fp/hard\libc_nano.a(libc_a-fwalk.o)
                0x00005bac                _fwalk_sglue
 .text.sprintf  0x00005be8       0x40 c:/program files (x86)/arm gnu toolchain arm-none-eabi/11.3 rel1/bin/../lib/gcc/arm-none-eabi/11.3.1/thumb/v7e-m+fp/hard\libc_nano.a(libc_a-sprintf.o)
                0x00005be8                siprintf
                0x00005be8                sprintf
 .text.__sread  0x00005c28       0x22 c:/program files (x86)/arm gnu toolchain arm-none-eabi/11.3 rel1/bin/../lib/gcc/arm-none-eabi/11.3.1/thumb/v7e-m+fp/hard\libc_nano.a(libc_a-stdio.o)
                0x00005c28                __sread
 .text.__swrite
                0x00005c4a       0x38 c:/program files (x86)/arm gnu toolchain arm-none-eabi/11.3 rel1/bin/../lib/gcc/arm-none-eabi/11.3.1/thumb/v7e-m+fp/hard\libc_nano.a(libc_a-stdio.o)
                0x00005c4a                __swrite
 .text.__sseek  0x00005c82       0x24 c:/program files (x86)/arm gnu toolchain arm-none-eabi/11.3 rel1/bin/../lib/gcc/arm-none-eabi/11.3.1/thumb/v7e-m+fp/hard\libc_nano.a(libc_a-stdio.o)
                0x00005c82                __sseek
 .text.__sclose
                0x00005ca6        0x8 c:/program files (x86)/arm gnu toolchain arm-none-eabi/11.3 rel1/bin/../lib/gcc/arm-none-eabi/11.3.1/thumb/v7e-m+fp/hard\libc_nano.a(libc_a-stdio.o)
                0x00005ca6                __sclose
 *fill*         0x00005cae        0x2 
 .text._vsprintf_r
                0x00005cb0       0x2c c:/program files (x86)/arm gnu toolchain arm-none-eabi/11.3 rel1/bin/../lib/gcc/arm-none-eabi/11.3.1/thumb/v7e-m+fp/hard\libc_nano.a(libc_a-vsprintf.o)
                0x00005cb0                _vsprintf_r
                0x00005cb0                _vsiprintf_r
 .text.vsprintf
                0x00005cdc       0x14 c:/program files (x86)/arm gnu toolchain arm-none-eabi/11.3 rel1/bin/../lib/gcc/arm-none-eabi/11.3.1/thumb/v7e-m+fp/hard\libc_nano.a(libc_a-vsprintf.o)
                0x00005cdc                vsiprintf
                0x00005cdc                vsprintf
 .text.memset   0x00005cf0       0x10 c:/program files (x86)/arm gnu toolchain arm-none-eabi/11.3 rel1/bin/../lib/gcc/arm-none-eabi/11.3.1/thumb/v7e-m+fp/hard\libc_nano.a(libc_a-memset.o)
                0x00005cf0                memset
 .text._localeconv_r
                0x00005d00        0x8 c:/program files (x86)/arm gnu toolchain arm-none-eabi/11.3 rel1/bin/../lib/gcc/arm-none-eabi/11.3.1/thumb/v7e-m+fp/hard\libc_nano.a(libc_a-localeconv.o)
                0x00005d00                _localeconv_r
 .text._close_r
                0x00005d08       0x20 c:/program files (x86)/arm gnu toolchain arm-none-eabi/11.3 rel1/bin/../lib/gcc/arm-none-eabi/11.3.1/thumb/v7e-m+fp/hard\libc_nano.a(libc_a-closer.o)
                0x00005d08                _close_r
 .text._lseek_r
                0x00005d28       0x24 c:/program files (x86)/arm gnu toolchain arm-none-eabi/11.3 rel1/bin/../lib/gcc/arm-none-eabi/11.3.1/thumb/v7e-m+fp/hard\libc_nano.a(libc_a-lseekr.o)
                0x00005d28                _lseek_r
 .text._read_r  0x00005d4c       0x24 c:/program files (x86)/arm gnu toolchain arm-none-eabi/11.3 rel1/bin/../lib/gcc/arm-none-eabi/11.3.1/thumb/v7e-m+fp/hard\libc_nano.a(libc_a-readr.o)
                0x00005d4c                _read_r
 .text._write_r
                0x00005d70       0x24 c:/program files (x86)/arm gnu toolchain arm-none-eabi/11.3 rel1/bin/../lib/gcc/arm-none-eabi/11.3.1/thumb/v7e-m+fp/hard\libc_nano.a(libc_a-writer.o)
                0x00005d70                _write_r
 .text.__libc_init_array
                0x00005d94       0x48 c:/program files (x86)/arm gnu toolchain arm-none-eabi/11.3 rel1/bin/../lib/gcc/arm-none-eabi/11.3.1/thumb/v7e-m+fp/hard\libc_nano.a(libc_a-init.o)
                0x00005d94                __libc_init_array
 .text.__retarget_lock_acquire_recursive
                0x00005ddc        0x2 c:/program files (x86)/arm gnu toolchain arm-none-eabi/11.3 rel1/bin/../lib/gcc/arm-none-eabi/11.3.1/thumb/v7e-m+fp/hard\libc_nano.a(libc_a-lock.o)
                0x00005ddc                __retarget_lock_acquire_recursive
 .text.__retarget_lock_release_recursive
                0x00005dde        0x2 c:/program files (x86)/arm gnu toolchain arm-none-eabi/11.3 rel1/bin/../lib/gcc/arm-none-eabi/11.3.1/thumb/v7e-m+fp/hard\libc_nano.a(libc_a-lock.o)
                0x00005dde                __retarget_lock_release_recursive
 .text          0x00005de0       0xa0 c:/program files (x86)/arm gnu toolchain arm-none-eabi/11.3 rel1/bin/../lib/gcc/arm-none-eabi/11.3.1/thumb/v7e-m+fp/hard\libc_nano.a(libc_a-memchr.o)
                0x00005de0                memchr
 .text.memcpy   0x00005e80       0x1c c:/program files (x86)/arm gnu toolchain arm-none-eabi/11.3 rel1/bin/../lib/gcc/arm-none-eabi/11.3.1/thumb/v7e-m+fp/hard\libc_nano.a(libc_a-memcpy-stub.o)
                0x00005e80                memcpy
 .text          0x00005e9c       0x10 c:/program files (x86)/arm gnu toolchain arm-none-eabi/11.3 rel1/bin/../lib/gcc/arm-none-eabi/11.3.1/thumb/v7e-m+fp/hard\libc_nano.a(libc_a-strlen.o)
                0x00005e9c                strlen
 .text.quorem   0x00005eac      0x110 c:/program files (x86)/arm gnu toolchain arm-none-eabi/11.3 rel1/bin/../lib/gcc/arm-none-eabi/11.3.1/thumb/v7e-m+fp/hard\libc_nano.a(libc_a-dtoa.o)
 *fill*         0x00005fbc        0x4 
 .text._dtoa_r  0x00005fc0      0xbe4 c:/program files (x86)/arm gnu toolchain arm-none-eabi/11.3 rel1/bin/../lib/gcc/arm-none-eabi/11.3.1/thumb/v7e-m+fp/hard\libc_nano.a(libc_a-dtoa.o)
                0x00005fc0                _dtoa_r
 .text._free_r  0x00006ba4       0x98 c:/program files (x86)/arm gnu toolchain arm-none-eabi/11.3 rel1/bin/../lib/gcc/arm-none-eabi/11.3.1/thumb/v7e-m+fp/hard\libc_nano.a(libc_a-freer.o)
                0x00006ba4                _free_r
 .text.malloc   0x00006c3c       0x10 c:/program files (x86)/arm gnu toolchain arm-none-eabi/11.3 rel1/bin/../lib/gcc/arm-none-eabi/11.3.1/thumb/v7e-m+fp/hard\libc_nano.a(libc_a-malloc.o)
                0x00006c3c                malloc
 .text.sbrk_aligned
                0x00006c4c       0x40 c:/program files (x86)/arm gnu toolchain arm-none-eabi/11.3 rel1/bin/../lib/gcc/arm-none-eabi/11.3.1/thumb/v7e-m+fp/hard\libc_nano.a(libc_a-mallocr.o)
 .text._malloc_r
                0x00006c8c       0xec c:/program files (x86)/arm gnu toolchain arm-none-eabi/11.3 rel1/bin/../lib/gcc/arm-none-eabi/11.3.1/thumb/v7e-m+fp/hard\libc_nano.a(libc_a-mallocr.o)
                0x00006c8c                _malloc_r
 .text.__malloc_lock
                0x00006d78        0xc c:/program files (x86)/arm gnu toolchain arm-none-eabi/11.3 rel1/bin/../lib/gcc/arm-none-eabi/11.3.1/thumb/v7e-m+fp/hard\libc_nano.a(libc_a-mlock.o)
                0x00006d78                __malloc_lock
 .text.__malloc_unlock
                0x00006d84        0xc c:/program files (x86)/arm gnu toolchain arm-none-eabi/11.3 rel1/bin/../lib/gcc/arm-none-eabi/11.3.1/thumb/v7e-m+fp/hard\libc_nano.a(libc_a-mlock.o)
                0x00006d84                __malloc_unlock
 .text._Balloc  0x00006d90       0x80 c:/program files (x86)/arm gnu toolchain arm-none-eabi/11.3 rel1/bin/../lib/gcc/arm-none-eabi/11.3.1/thumb/v7e-m+fp/hard\libc_nano.a(libc_a-mprec.o)
                0x00006d90                _Balloc
 .text._Bfree   0x00006e10       0x44 c:/program files (x86)/arm gnu toolchain arm-none-eabi/11.3 rel1/bin/../lib/gcc/arm-none-eabi/11.3.1/thumb/v7e-m+fp/hard\libc_nano.a(libc_a-mprec.o)
                0x00006e10                _Bfree
 .text.__multadd
                0x00006e54       0x8c c:/program files (x86)/arm gnu toolchain arm-none-eabi/11.3 rel1/bin/../lib/gcc/arm-none-eabi/11.3.1/thumb/v7e-m+fp/hard\libc_nano.a(libc_a-mprec.o)
                0x00006e54                __multadd
 .text.__hi0bits
                0x00006ee0       0x40 c:/program files (x86)/arm gnu toolchain arm-none-eabi/11.3 rel1/bin/../lib/gcc/arm-none-eabi/11.3.1/thumb/v7e-m+fp/hard\libc_nano.a(libc_a-mprec.o)
                0x00006ee0                __hi0bits
 .text.__lo0bits
                0x00006f20       0x5a c:/program files (x86)/arm gnu toolchain arm-none-eabi/11.3 rel1/bin/../lib/gcc/arm-none-eabi/11.3.1/thumb/v7e-m+fp/hard\libc_nano.a(libc_a-mprec.o)
                0x00006f20                __lo0bits
 *fill*         0x00006f7a        0x2 
 .text.__i2b    0x00006f7c       0x2c c:/program files (x86)/arm gnu toolchain arm-none-eabi/11.3 rel1/bin/../lib/gcc/arm-none-eabi/11.3.1/thumb/v7e-m+fp/hard\libc_nano.a(libc_a-mprec.o)
                0x00006f7c                __i2b
 .text.__multiply
                0x00006fa8      0x154 c:/program files (x86)/arm gnu toolchain arm-none-eabi/11.3 rel1/bin/../lib/gcc/arm-none-eabi/11.3.1/thumb/v7e-m+fp/hard\libc_nano.a(libc_a-mprec.o)
                0x00006fa8                __multiply
 .text.__pow5mult
                0x000070fc       0xb4 c:/program files (x86)/arm gnu toolchain arm-none-eabi/11.3 rel1/bin/../lib/gcc/arm-none-eabi/11.3.1/thumb/v7e-m+fp/hard\libc_nano.a(libc_a-mprec.o)
                0x000070fc                __pow5mult
 .text.__lshift
                0x000071b0       0xd8 c:/program files (x86)/arm gnu toolchain arm-none-eabi/11.3 rel1/bin/../lib/gcc/arm-none-eabi/11.3.1/thumb/v7e-m+fp/hard\libc_nano.a(libc_a-mprec.o)
                0x000071b0                __lshift
 .text.__mcmp   0x00007288       0x38 c:/program files (x86)/arm gnu toolchain arm-none-eabi/11.3 rel1/bin/../lib/gcc/arm-none-eabi/11.3.1/thumb/v7e-m+fp/hard\libc_nano.a(libc_a-mprec.o)
                0x00007288                __mcmp
 .text.__mdiff  0x000072c0      0x114 c:/program files (x86)/arm gnu toolchain arm-none-eabi/11.3 rel1/bin/../lib/gcc/arm-none-eabi/11.3.1/thumb/v7e-m+fp/hard\libc_nano.a(libc_a-mprec.o)
                0x000072c0                __mdiff
 .text.__d2b    0x000073d4       0xb4 c:/program files (x86)/arm gnu toolchain arm-none-eabi/11.3 rel1/bin/../lib/gcc/arm-none-eabi/11.3.1/thumb/v7e-m+fp/hard\libc_nano.a(libc_a-mprec.o)
                0x000073d4                __d2b
 .text.__ssputs_r
                0x00007488       0xb4 c:/program files (x86)/arm gnu toolchain arm-none-eabi/11.3 rel1/bin/../lib/gcc/arm-none-eabi/11.3.1/thumb/v7e-m+fp/hard\libc_nano.a(libc_a-nano-svfprintf.o)
                0x00007488                __ssputs_r
 .text._svfprintf_r
                0x0000753c      0x1fc c:/program files (x86)/arm gnu toolchain arm-none-eabi/11.3 rel1/bin/../lib/gcc/arm-none-eabi/11.3.1/thumb/v7e-m+fp/hard\libc_nano.a(libc_a-nano-svfprintf.o)
                0x0000753c                _svfiprintf_r
                0x0000753c                _svfprintf_r
 .text.__sfputc_r
                0x00007738       0x2e c:/program files (x86)/arm gnu toolchain arm-none-eabi/11.3 rel1/bin/../lib/gcc/arm-none-eabi/11.3.1/thumb/v7e-m+fp/hard\libc_nano.a(libc_a-nano-vfprintf.o)
 .text.__sfputs_r
                0x00007766       0x24 c:/program files (x86)/arm gnu toolchain arm-none-eabi/11.3 rel1/bin/../lib/gcc/arm-none-eabi/11.3.1/thumb/v7e-m+fp/hard\libc_nano.a(libc_a-nano-vfprintf.o)
                0x00007766                __sfputs_r
 *fill*         0x0000778a        0x2 
 .text._vfprintf_r
                0x0000778c      0x234 c:/program files (x86)/arm gnu toolchain arm-none-eabi/11.3 rel1/bin/../lib/gcc/arm-none-eabi/11.3.1/thumb/v7e-m+fp/hard\libc_nano.a(libc_a-nano-vfprintf.o)
                0x0000778c                _vfprintf_r
                0x0000778c                _vfiprintf_r
 .text.__sflush_r
                0x000079c0      0x10c c:/program files (x86)/arm gnu toolchain arm-none-eabi/11.3 rel1/bin/../lib/gcc/arm-none-eabi/11.3.1/thumb/v7e-m+fp/hard\libc_nano.a(libc_a-fflush.o)
                0x000079c0                __sflush_r
 .text._fflush_r
                0x00007acc       0x50 c:/program files (x86)/arm gnu toolchain arm-none-eabi/11.3 rel1/bin/../lib/gcc/arm-none-eabi/11.3.1/thumb/v7e-m+fp/hard\libc_nano.a(libc_a-fflush.o)
                0x00007acc                _fflush_r
 .text.__swbuf_r
                0x00007b1c       0x7a c:/program files (x86)/arm gnu toolchain arm-none-eabi/11.3 rel1/bin/../lib/gcc/arm-none-eabi/11.3.1/thumb/v7e-m+fp/hard\libc_nano.a(libc_a-wbuf.o)
                0x00007b1c                __swbuf_r
 *fill*         0x00007b96        0x2 
 .text.__swsetup_r
                0x00007b98       0xb0 c:/program files (x86)/arm gnu toolchain arm-none-eabi/11.3 rel1/bin/../lib/gcc/arm-none-eabi/11.3.1/thumb/v7e-m+fp/hard\libc_nano.a(libc_a-wsetup.o)
                0x00007b98                __swsetup_r
 .text.memmove  0x00007c48       0x34 c:/program files (x86)/arm gnu toolchain arm-none-eabi/11.3 rel1/bin/../lib/gcc/arm-none-eabi/11.3.1/thumb/v7e-m+fp/hard\libc_nano.a(libc_a-memmove.o)
                0x00007c48                memmove
 .text._sbrk_r  0x00007c7c       0x20 c:/program files (x86)/arm gnu toolchain arm-none-eabi/11.3 rel1/bin/../lib/gcc/arm-none-eabi/11.3.1/thumb/v7e-m+fp/hard\libc_nano.a(libc_a-sbrkr.o)
                0x00007c7c                _sbrk_r
 .text.__assert_func
                0x00007c9c       0x3c c:/program files (x86)/arm gnu toolchain arm-none-eabi/11.3 rel1/bin/../lib/gcc/arm-none-eabi/11.3.1/thumb/v7e-m+fp/hard\libc_nano.a(libc_a-assert.o)
                0x00007c9c                __assert_func
 .text._calloc_r
                0x00007cd8       0x2c c:/program files (x86)/arm gnu toolchain arm-none-eabi/11.3 rel1/bin/../lib/gcc/arm-none-eabi/11.3.1/thumb/v7e-m+fp/hard\libc_nano.a(libc_a-callocr.o)
                0x00007cd8                _calloc_r
 .text.__ascii_mbtowc
                0x00007d04       0x24 c:/program files (x86)/arm gnu toolchain arm-none-eabi/11.3 rel1/bin/../lib/gcc/arm-none-eabi/11.3.1/thumb/v7e-m+fp/hard\libc_nano.a(libc_a-mbtowc_r.o)
                0x00007d04                __ascii_mbtowc
 .text._realloc_r
                0x00007d28       0x5e c:/program files (x86)/arm gnu toolchain arm-none-eabi/11.3 rel1/bin/../lib/gcc/arm-none-eabi/11.3.1/thumb/v7e-m+fp/hard\libc_nano.a(libc_a-reallocr.o)
                0x00007d28                _realloc_r
 .text.__ascii_wctomb
                0x00007d86       0x1a c:/program files (x86)/arm gnu toolchain arm-none-eabi/11.3 rel1/bin/../lib/gcc/arm-none-eabi/11.3.1/thumb/v7e-m+fp/hard\libc_nano.a(libc_a-wctomb_r.o)
                0x00007d86                __ascii_wctomb
 .text.__swhatbuf_r
                0x00007da0       0x4c c:/program files (x86)/arm gnu toolchain arm-none-eabi/11.3 rel1/bin/../lib/gcc/arm-none-eabi/11.3.1/thumb/v7e-m+fp/hard\libc_nano.a(libc_a-makebuf.o)
                0x00007da0                __swhatbuf_r
 .text.__smakebuf_r
                0x00007dec       0x78 c:/program files (x86)/arm gnu toolchain arm-none-eabi/11.3 rel1/bin/../lib/gcc/arm-none-eabi/11.3.1/thumb/v7e-m+fp/hard\libc_nano.a(libc_a-makebuf.o)
                0x00007dec                __smakebuf_r
 .text._fstat_r
                0x00007e64       0x24 c:/program files (x86)/arm gnu toolchain arm-none-eabi/11.3 rel1/bin/../lib/gcc/arm-none-eabi/11.3.1/thumb/v7e-m+fp/hard\libc_nano.a(libc_a-fstatr.o)
                0x00007e64                _fstat_r
 .text._isatty_r
                0x00007e88       0x20 c:/program files (x86)/arm gnu toolchain arm-none-eabi/11.3 rel1/bin/../lib/gcc/arm-none-eabi/11.3.1/thumb/v7e-m+fp/hard\libc_nano.a(libc_a-isattyr.o)
                0x00007e88                _isatty_r
 .text.abort    0x00007ea8        0xe c:/program files (x86)/arm gnu toolchain arm-none-eabi/11.3 rel1/bin/../lib/gcc/arm-none-eabi/11.3.1/thumb/v7e-m+fp/hard\libc_nano.a(libc_a-abort.o)
                0x00007ea8                abort
 .text._malloc_usable_size_r
                0x00007eb6       0x10 c:/program files (x86)/arm gnu toolchain arm-none-eabi/11.3 rel1/bin/../lib/gcc/arm-none-eabi/11.3.1/thumb/v7e-m+fp/hard\libc_nano.a(libc_a-msizer.o)
                0x00007eb6                _malloc_usable_size_r
 .text._raise_r
                0x00007ec6       0x50 c:/program files (x86)/arm gnu toolchain arm-none-eabi/11.3 rel1/bin/../lib/gcc/arm-none-eabi/11.3.1/thumb/v7e-m+fp/hard\libc_nano.a(libc_a-signal.o)
                0x00007ec6                _raise_r
 *fill*         0x00007f16        0x2 
 .text.raise    0x00007f18       0x10 c:/program files (x86)/arm gnu toolchain arm-none-eabi/11.3 rel1/bin/../lib/gcc/arm-none-eabi/11.3.1/thumb/v7e-m+fp/hard\libc_nano.a(libc_a-signal.o)
                0x00007f18                raise
 .text._kill_r  0x00007f28       0x24 c:/program files (x86)/arm gnu toolchain arm-none-eabi/11.3 rel1/bin/../lib/gcc/arm-none-eabi/11.3.1/thumb/v7e-m+fp/hard\libc_nano.a(libc_a-signalr.o)
                0x00007f28                _kill_r
 .text._getpid_r
                0x00007f4c        0x4 c:/program files (x86)/arm gnu toolchain arm-none-eabi/11.3 rel1/bin/../lib/gcc/arm-none-eabi/11.3.1/thumb/v7e-m+fp/hard\libc_nano.a(libc_a-signalr.o)
                0x00007f4c                _getpid_r
 .text._close   0x00007f50       0x10 c:/program files (x86)/arm gnu toolchain arm-none-eabi/11.3 rel1/bin/../lib/gcc/arm-none-eabi/11.3.1/thumb/v7e-m+fp/hard\libnosys.a(close.o)
                0x00007f50                _close
 .text._fstat   0x00007f60       0x10 c:/program files (x86)/arm gnu toolchain arm-none-eabi/11.3 rel1/bin/../lib/gcc/arm-none-eabi/11.3.1/thumb/v7e-m+fp/hard\libnosys.a(fstat.o)
                0x00007f60                _fstat
 .text._getpid  0x00007f70       0x10 c:/program files (x86)/arm gnu toolchain arm-none-eabi/11.3 rel1/bin/../lib/gcc/arm-none-eabi/11.3.1/thumb/v7e-m+fp/hard\libnosys.a(getpid.o)
                0x00007f70                _getpid
 .text._isatty  0x00007f80       0x10 c:/program files (x86)/arm gnu toolchain arm-none-eabi/11.3 rel1/bin/../lib/gcc/arm-none-eabi/11.3.1/thumb/v7e-m+fp/hard\libnosys.a(isatty.o)
                0x00007f80                _isatty
 .text._kill    0x00007f90       0x10 c:/program files (x86)/arm gnu toolchain arm-none-eabi/11.3 rel1/bin/../lib/gcc/arm-none-eabi/11.3.1/thumb/v7e-m+fp/hard\libnosys.a(kill.o)
                0x00007f90                _kill
 .text._lseek   0x00007fa0       0x10 c:/program files (x86)/arm gnu toolchain arm-none-eabi/11.3 rel1/bin/../lib/gcc/arm-none-eabi/11.3.1/thumb/v7e-m+fp/hard\libnosys.a(lseek.o)
                0x00007fa0                _lseek
 .text._sbrk    0x00007fb0       0x1c c:/program files (x86)/arm gnu toolchain arm-none-eabi/11.3 rel1/bin/../lib/gcc/arm-none-eabi/11.3.1/thumb/v7e-m+fp/hard\libnosys.a(sbrk.o)
                0x00007fb0                _sbrk
 .text._exit    0x00007fcc        0x4 c:/program files (x86)/arm gnu toolchain arm-none-eabi/11.3 rel1/bin/../lib/gcc/arm-none-eabi/11.3.1/thumb/v7e-m+fp/hard\libnosys.a(_exit.o)
                0x00007fcc                _exit
 .text          0x00007fd0      0x378 c:/program files (x86)/arm gnu toolchain arm-none-eabi/11.3 rel1/bin/../lib/gcc/arm-none-eabi/11.3.1/thumb/v7e-m+fp/hard\libgcc.a(_arm_addsubdf3.o)
                0x00007fd0                __aeabi_drsub
                0x00007fd8                __aeabi_dsub
                0x00007fd8                __subdf3
                0x00007fdc                __aeabi_dadd
                0x00007fdc                __adddf3
                0x00008254                __floatunsidf
                0x00008254                __aeabi_ui2d
                0x00008274                __floatsidf
                0x00008274                __aeabi_i2d
                0x00008298                __aeabi_f2d
                0x00008298                __extendsfdf2
                0x000082dc                __floatundidf
                0x000082dc                __aeabi_ul2d
                0x000082ec                __floatdidf
                0x000082ec                __aeabi_l2d
 .text          0x00008348      0x424 c:/program files (x86)/arm gnu toolchain arm-none-eabi/11.3 rel1/bin/../lib/gcc/arm-none-eabi/11.3.1/thumb/v7e-m+fp/hard\libgcc.a(_arm_muldivdf3.o)
                0x00008348                __aeabi_dmul
                0x00008348                __muldf3
                0x0000859c                __divdf3
                0x0000859c                __aeabi_ddiv
 .text          0x0000876c      0x110 c:/program files (x86)/arm gnu toolchain arm-none-eabi/11.3 rel1/bin/../lib/gcc/arm-none-eabi/11.3.1/thumb/v7e-m+fp/hard\libgcc.a(_arm_cmpdf2.o)
                0x0000876c                __gtdf2
                0x0000876c                __gedf2
                0x00008774                __ltdf2
                0x00008774                __ledf2
                0x0000877c                __nedf2
                0x0000877c                __eqdf2
                0x0000877c                __cmpdf2
                0x000087f8                __aeabi_cdrcmple
                0x00008808                __aeabi_cdcmpeq
                0x00008808                __aeabi_cdcmple
                0x00008818                __aeabi_dcmpeq
                0x0000882c                __aeabi_dcmplt
                0x00008840                __aeabi_dcmple
                0x00008854                __aeabi_dcmpge
                0x00008868                __aeabi_dcmpgt
 .text          0x0000887c       0x2c c:/program files (x86)/arm gnu toolchain arm-none-eabi/11.3 rel1/bin/../lib/gcc/arm-none-eabi/11.3.1/thumb/v7e-m+fp/hard\libgcc.a(_arm_unorddf2.o)
                0x0000887c                __unorddf2
                0x0000887c                __aeabi_dcmpun
 .text          0x000088a8       0x50 c:/program files (x86)/arm gnu toolchain arm-none-eabi/11.3 rel1/bin/../lib/gcc/arm-none-eabi/11.3.1/thumb/v7e-m+fp/hard\libgcc.a(_arm_fixdfsi.o)
                0x000088a8                __aeabi_d2iz
                0x000088a8                __fixdfsi
 .text          0x000088f8       0x30 c:/program files (x86)/arm gnu toolchain arm-none-eabi/11.3 rel1/bin/../lib/gcc/arm-none-eabi/11.3.1/thumb/v7e-m+fp/hard\libgcc.a(_aeabi_uldivmod.o)
                0x000088f8                __aeabi_uldivmod
 .text.__udivmoddi4
                0x00008928      0x2c8 c:/program files (x86)/arm gnu toolchain arm-none-eabi/11.3 rel1/bin/../lib/gcc/arm-none-eabi/11.3.1/thumb/v7e-m+fp/hard\libgcc.a(_udivmoddi4.o)
                0x00008928                __udivmoddi4
 .text          0x00008bf0        0x4 c:/program files (x86)/arm gnu toolchain arm-none-eabi/11.3 rel1/bin/../lib/gcc/arm-none-eabi/11.3.1/thumb/v7e-m+fp/hard\libgcc.a(_dvmd_tls.o)
                0x00008bf0                __aeabi_idiv0
                0x00008bf0                __aeabi_ldiv0
 *(.init)
 .init          0x00008bf4        0x4 c:/program files (x86)/arm gnu toolchain arm-none-eabi/11.3 rel1/bin/../lib/gcc/arm-none-eabi/11.3.1/thumb/v7e-m+fp/hard/crti.o
                0x00008bf4                _init
 .init          0x00008bf8        0x8 c:/program files (x86)/arm gnu toolchain arm-none-eabi/11.3 rel1/bin/../lib/gcc/arm-none-eabi/11.3.1/thumb/v7e-m+fp/hard/crtn.o
 *(.fini)
 .fini          0x00008c00        0x4 c:/program files (x86)/arm gnu toolchain arm-none-eabi/11.3 rel1/bin/../lib/gcc/arm-none-eabi/11.3.1/thumb/v7e-m+fp/hard/crti.o
                0x00008c00                _fini
 .fini          0x00008c04        0x8 c:/program files (x86)/arm gnu toolchain arm-none-eabi/11.3 rel1/bin/../lib/gcc/arm-none-eabi/11.3.1/thumb/v7e-m+fp/hard/crtn.o
 *crtbegin.o(.ctors)
 *crtbegin?.o(.ctors)
 *(EXCLUDE_FILE(*crtend.o *crtend?.o) .ctors)
 *(SORT_BY_NAME(.ctors.*))
 *(.ctors)
 *crtbegin.o(.dtors)
 *crtbegin?.o(.dtors)
 *(EXCLUDE_FILE(*crtend.o *crtend?.o) .dtors)
 *(SORT_BY_NAME(.dtors.*))
 *(.dtors)
 *(.rodata*)
 .rodata        0x00008c0c        0x6 _build/nrf52840_xxaa/nrf_libuarte_async.c.o
 *fill*         0x00008c12        0x2 
 .rodata        0x00008c14        0x3 _build/nrf52840_xxaa/nrf_libuarte_drv.c.o
 *fill*         0x00008c17        0x1 
 .rodata.vTaskStartScheduler.str1.4
                0x00008c18        0x5 _build/nrf52840_xxaa/tasks.c.o
 *fill*         0x00008c1d        0x3 
 .rodata.prvCheckForValidListAndQueue.str1.4
                0x00008c20        0x5 _build/nrf52840_xxaa/timers.c.o
 *fill*         0x00008c25        0x3 
 .rodata.xTimerCreateTimerTask.str1.4
                0x00008c28        0x8 _build/nrf52840_xxaa/timers.c.o
 .rodata.CSWTCH.15
                0x00008c30        0x6 _build/nrf52840_xxaa/system_nrf52840.c.o
 *fill*         0x00008c36        0x2 
 .rodata.CSWTCH.6
                0x00008c38        0x6 _build/nrf52840_xxaa/system_nrf52840.c.o
 *fill*         0x00008c3e        0x2 
 .rodata.LEDTask.str1.4
                0x00008c40       0x54 _build/nrf52840_xxaa/main.c.o
 .rodata.main.str1.4
                0x00008c94       0x78 _build/nrf52840_xxaa/main.c.o
 .rodata.__func__.0
                0x00008d0c        0x8 _build/nrf52840_xxaa/main.c.o
 .rodata.__func__.1
                0x00008d14       0x16 _build/nrf52840_xxaa/main.c.o
 *fill*         0x00008d2a        0x2 
 .rodata        0x00008d2c       0x15 ..//libFiles/epBlinkyLibrary.a(ep_bsp.c.o)
 *fill*         0x00008d41        0x3 
 .rodata.led_blink.str1.4
                0x00008d44       0x27 ..//libFiles/epBlinkyLibrary.a(led_helper.c.o)
 *fill*         0x00008d6b        0x1 
 .rodata.led_task_func.str1.4
                0x00008d6c       0x18 ..//libFiles/epBlinkyLibrary.a(led_helper.c.o)
 .rodata.led_init.str1.4
                0x00008d84       0x66 ..//libFiles/epBlinkyLibrary.a(led_helper.c.o)
 *fill*         0x00008dea        0x2 
 .rodata.__func__.0
                0x00008dec        0xa ..//libFiles/epBlinkyLibrary.a(led_helper.c.o)
 *fill*         0x00008df6        0x2 
 .rodata.__func__.1
                0x00008df8        0xe ..//libFiles/epBlinkyLibrary.a(led_helper.c.o)
 *fill*         0x00008e06        0x2 
 .rodata.__func__.2
                0x00008e08        0x9 ..//libFiles/epBlinkyLibrary.a(led_helper.c.o)
 *fill*         0x00008e11        0x3 
 .rodata.init_uart_helper.part.0.str1.4
                0x00008e14        0x7 ..//libFiles/epBlinkyLibrary.a(uart_helper.c.o)
 *fill*         0x00008e1b        0x1 
 .rodata.tx_enqueue.str1.4
                0x00008e1c       0x4b ..//libFiles/epBlinkyLibrary.a(uart_helper.c.o)
                                 0x5f (size before relaxing)
 *fill*         0x00008e67        0x1 
 .rodata.debug_uart
                0x00008e68       0x28 ..//libFiles/epBlinkyLibrary.a(uart_helper.c.o)
 .rodata.debug_uart_libuarte
                0x00008e90       0x10 ..//libFiles/epBlinkyLibrary.a(uart_helper.c.o)
 .rodata.debug_uart_timer
                0x00008ea0        0x8 ..//libFiles/epBlinkyLibrary.a(uart_helper.c.o)
 *fill*         0x00008ea8        0x8 
 .rodata.delay_machine_code.0
                0x00008eb0        0x6 ..//libFiles/epBlinkyLibrary.a(uart_helper.c.o)
 *fill*         0x00008eb6        0x2 
 .rodata.set_time.str1.4
                0x00008eb8       0x7c ..//libFiles/epBlinkyLibrary.a(time_helper.c.o)
                                 0x9c (size before relaxing)
 .rodata        0x00008f34        0x6 ..//libFiles/epBlinkyLibrary.a(time_helper.c.o)
 *fill*         0x00008f3a        0x2 
 .rodata.__func__.0
                0x00008f3c        0xb ..//libFiles/epBlinkyLibrary.a(time_helper.c.o)
 *fill*         0x00008f47        0x1 
 .rodata.__func__.1
                0x00008f48        0x9 ..//libFiles/epBlinkyLibrary.a(time_helper.c.o)
 .rodata._printf_float.str1.1
                0x00008f51       0x12 c:/program files (x86)/arm gnu toolchain arm-none-eabi/11.3 rel1/bin/../lib/gcc/arm-none-eabi/11.3.1/thumb/v7e-m+fp/hard\libc_nano.a(libc_a-nano-vfprintf_float.o)
 .rodata._printf_i.str1.1
                0x00008f63       0x22 c:/program files (x86)/arm gnu toolchain arm-none-eabi/11.3 rel1/bin/../lib/gcc/arm-none-eabi/11.3.1/thumb/v7e-m+fp/hard\libc_nano.a(libc_a-nano-vfprintf_i.o)
 .rodata._dtoa_r.str1.1
                0x00008f85       0x8e c:/program files (x86)/arm gnu toolchain arm-none-eabi/11.3 rel1/bin/../lib/gcc/arm-none-eabi/11.3.1/thumb/v7e-m+fp/hard\libc_nano.a(libc_a-dtoa.o)
                                 0x90 (size before relaxing)
 .rodata._Balloc.str1.1
                0x00009013       0x5a c:/program files (x86)/arm gnu toolchain arm-none-eabi/11.3 rel1/bin/../lib/gcc/arm-none-eabi/11.3.1/thumb/v7e-m+fp/hard\libc_nano.a(libc_a-mprec.o)
                                 0x71 (size before relaxing)
 .rodata.__multadd.str1.1
                0x0000906d       0x11 c:/program files (x86)/arm gnu toolchain arm-none-eabi/11.3 rel1/bin/../lib/gcc/arm-none-eabi/11.3.1/thumb/v7e-m+fp/hard\libc_nano.a(libc_a-mprec.o)
 *fill*         0x0000906d        0x3 
 .rodata.__mprec_bigtens
                0x00009070       0x28 c:/program files (x86)/arm gnu toolchain arm-none-eabi/11.3 rel1/bin/../lib/gcc/arm-none-eabi/11.3.1/thumb/v7e-m+fp/hard\libc_nano.a(libc_a-mprec.o)
                0x00009070                __mprec_bigtens
 .rodata.__mprec_tens
                0x00009098       0xc8 c:/program files (x86)/arm gnu toolchain arm-none-eabi/11.3 rel1/bin/../lib/gcc/arm-none-eabi/11.3.1/thumb/v7e-m+fp/hard\libc_nano.a(libc_a-mprec.o)
                0x00009098                __mprec_tens
 .rodata.p05.0  0x00009160        0xc c:/program files (x86)/arm gnu toolchain arm-none-eabi/11.3 rel1/bin/../lib/gcc/arm-none-eabi/11.3.1/thumb/v7e-m+fp/hard\libc_nano.a(libc_a-mprec.o)
 .rodata._svfprintf_r.str1.1
                0x0000916c       0x11 c:/program files (x86)/arm gnu toolchain arm-none-eabi/11.3 rel1/bin/../lib/gcc/arm-none-eabi/11.3.1/thumb/v7e-m+fp/hard\libc_nano.a(libc_a-nano-svfprintf.o)
 .rodata._vfprintf_r.str1.1
                0x0000917d       0x11 c:/program files (x86)/arm gnu toolchain arm-none-eabi/11.3 rel1/bin/../lib/gcc/arm-none-eabi/11.3.1/thumb/v7e-m+fp/hard\libc_nano.a(libc_a-nano-vfprintf.o)
 .rodata._setlocale_r.str1.1
                0x0000917d        0x8 c:/program files (x86)/arm gnu toolchain arm-none-eabi/11.3 rel1/bin/../lib/gcc/arm-none-eabi/11.3.1/thumb/v7e-m+fp/hard\libc_nano.a(libc_a-locale.o)
                                  0x9 (size before relaxing)
 .rodata.str1.1
                0x00009185        0x2 c:/program files (x86)/arm gnu toolchain arm-none-eabi/11.3 rel1/bin/../lib/gcc/arm-none-eabi/11.3.1/thumb/v7e-m+fp/hard\libc_nano.a(libc_a-locale.o)
 .rodata.__assert_func.str1.1
                0x00009187       0x3c c:/program files (x86)/arm gnu toolchain arm-none-eabi/11.3 rel1/bin/../lib/gcc/arm-none-eabi/11.3.1/thumb/v7e-m+fp/hard\libc_nano.a(libc_a-assert.o)
                                 0x3d (size before relaxing)
 .rodata._ctype_
                0x000091c3      0x101 c:/program files (x86)/arm gnu toolchain arm-none-eabi/11.3 rel1/bin/../lib/gcc/arm-none-eabi/11.3.1/thumb/v7e-m+fp/hard\libc_nano.a(libc_a-ctype_.o)
                0x000091c3                _ctype_
 *(.eh_frame*)
 .eh_frame      0x000092c4        0x0 c:/program files (x86)/arm gnu toolchain arm-none-eabi/11.3 rel1/bin/../lib/gcc/arm-none-eabi/11.3.1/thumb/v7e-m+fp/hard/crtbegin.o
 .eh_frame      0x000092c4        0x4 c:/program files (x86)/arm gnu toolchain arm-none-eabi/11.3 rel1/bin/../lib/gcc/arm-none-eabi/11.3.1/thumb/v7e-m+fp/hard/crtend.o

.glue_7         0x000092c8        0x0
 .glue_7        0x000092c8        0x0 linker stubs

.glue_7t        0x000092c8        0x0
 .glue_7t       0x000092c8        0x0 linker stubs

.vfp11_veneer   0x000092c8        0x0
 .vfp11_veneer  0x000092c8        0x0 linker stubs

.v4_bx          0x000092c8        0x0
 .v4_bx         0x000092c8        0x0 linker stubs

.iplt           0x000092c8        0x0
 .iplt          0x000092c8        0x0 c:/program files (x86)/arm gnu toolchain arm-none-eabi/11.3 rel1/bin/../lib/gcc/arm-none-eabi/11.3.1/thumb/v7e-m+fp/hard/crtbegin.o

.mem_section_dummy_rom

.sdh_soc_observers
                0x000092c8        0x0
                [!provide]                PROVIDE (__start_sdh_soc_observers = .)
 *(SORT_BY_NAME(.sdh_soc_observers*))
                [!provide]                PROVIDE (__stop_sdh_soc_observers = .)

.pwr_mgmt_data  0x000092c8        0x0
                [!provide]                PROVIDE (__start_pwr_mgmt_data = .)
 *(SORT_BY_NAME(.pwr_mgmt_data*))
                [!provide]                PROVIDE (__stop_pwr_mgmt_data = .)

.sdh_ble_observers
                0x000092c8        0x0
                [!provide]                PROVIDE (__start_sdh_ble_observers = .)
 *(SORT_BY_NAME(.sdh_ble_observers*))
                [!provide]                PROVIDE (__stop_sdh_ble_observers = .)

.log_const_data
                0x000092c8        0x0
                [!provide]                PROVIDE (__start_log_const_data = .)
 *(SORT_BY_NAME(.log_const_data*))
                [!provide]                PROVIDE (__stop_log_const_data = .)

.nrf_balloc     0x000092c8       0x14
                [!provide]                PROVIDE (__start_nrf_balloc = .)
 *(.nrf_balloc)
 .nrf_balloc    0x000092c8       0x14 ..//libFiles/epBlinkyLibrary.a(uart_helper.c.o)
                0x000092c8                debug_uart_rx_pool
                [!provide]                PROVIDE (__stop_nrf_balloc = .)

.nrf_queue      0x000092dc       0x14
                [!provide]                PROVIDE (__start_nrf_queue = .)
 *(.nrf_queue)
 .nrf_queue     0x000092dc       0x14 ..//libFiles/epBlinkyLibrary.a(uart_helper.c.o)
                0x000092dc                debug_uart_rxdata_queue
                [!provide]                PROVIDE (__stop_nrf_queue = .)

.sdh_req_observers
                0x000092f0        0x0
                [!provide]                PROVIDE (__start_sdh_req_observers = .)
 *(SORT_BY_NAME(.sdh_req_observers*))
                [!provide]                PROVIDE (__stop_sdh_req_observers = .)

.sdh_state_observers
                0x000092f0        0x0
                [!provide]                PROVIDE (__start_sdh_state_observers = .)
 *(SORT_BY_NAME(.sdh_state_observers*))
                [!provide]                PROVIDE (__stop_sdh_state_observers = .)

.sdh_stack_observers
                0x000092f0        0x0
                [!provide]                PROVIDE (__start_sdh_stack_observers = .)
 *(SORT_BY_NAME(.sdh_stack_observers*))
                [!provide]                PROVIDE (__stop_sdh_stack_observers = .)

.cli_command    0x000092f0        0x0
                [!provide]                PROVIDE (__start_cli_command = .)
 *(.cli_command)
                [!provide]                PROVIDE (__stop_cli_command = .)

.crypto_data    0x000092f0        0x0
                [!provide]                PROVIDE (__start_crypto_data = .)
 *(SORT_BY_NAME(.crypto_data*))
                [!provide]                PROVIDE (__stop_crypto_data = .)

.log_backends   0x000092f0        0x0
                [!provide]                PROVIDE (__start_log_backends = .)
 *(SORT_BY_NAME(.log_backends*))
                [!provide]                PROVIDE (__stop_log_backends = .)

.ARM.extab
 *(.ARM.extab* .gnu.linkonce.armextab.*)
                0x000092f0                __exidx_start = .

.ARM.exidx      0x000092f0        0x8
 *(.ARM.exidx* .gnu.linkonce.armexidx.*)
 .ARM.exidx     0x000092f0        0x8 c:/program files (x86)/arm gnu toolchain arm-none-eabi/11.3 rel1/bin/../lib/gcc/arm-none-eabi/11.3.1/thumb/v7e-m+fp/hard/crt0.o
                                 0x10 (size before relaxing)
 .ARM.exidx.text.__udivmoddi4
                0x000092f8        0x0 c:/program files (x86)/arm gnu toolchain arm-none-eabi/11.3 rel1/bin/../lib/gcc/arm-none-eabi/11.3.1/thumb/v7e-m+fp/hard\libgcc.a(_udivmoddi4.o)
                                  0x8 (size before relaxing)
                0x000092f8                __exidx_end = .

.rel.dyn        0x000092f8        0x0
 .rel.iplt      0x000092f8        0x0 c:/program files (x86)/arm gnu toolchain arm-none-eabi/11.3 rel1/bin/../lib/gcc/arm-none-eabi/11.3.1/thumb/v7e-m+fp/hard/crtbegin.o
                0x000092f8                . = ALIGN (0x4)
                0x000092f8                __etext = .

.data           0x20000000      0x1e4 load address 0x000092f8
                0x20000000                __data_start__ = .
 *(vtable)
 *(.data*)
 .data.SystemCoreClock
                0x20000000        0x4 _build/nrf52840_xxaa/system_nrf52840.c.o
                0x20000000                SystemCoreClock
 .data.bTxDone  0x20000004        0x1 ..//libFiles/epBlinkyLibrary.a(uart_helper.c.o)
                0x20000004                bTxDone
 *fill*         0x20000005        0x3 
 .data.uart_helper
                0x20000008        0x4 ..//libFiles/epBlinkyLibrary.a(uart_helper.c.o)
                0x20000008                uart_helper
 .data.rtc      0x2000000c        0x8 ..//libFiles/epBlinkyLibrary.a(time_helper.c.o)
                0x2000000c                rtc
 .data.__sglue  0x20000014        0xc c:/program files (x86)/arm gnu toolchain arm-none-eabi/11.3 rel1/bin/../lib/gcc/arm-none-eabi/11.3.1/thumb/v7e-m+fp/hard\libc_nano.a(libc_a-findfp.o)
                0x20000014                __sglue
 .data._impure_data
                0x20000020       0x4c c:/program files (x86)/arm gnu toolchain arm-none-eabi/11.3 rel1/bin/../lib/gcc/arm-none-eabi/11.3.1/thumb/v7e-m+fp/hard\libc_nano.a(libc_a-impure.o)
                0x20000020                _impure_data
 .data._impure_ptr
                0x2000006c        0x4 c:/program files (x86)/arm gnu toolchain arm-none-eabi/11.3 rel1/bin/../lib/gcc/arm-none-eabi/11.3.1/thumb/v7e-m+fp/hard\libc_nano.a(libc_a-impure.o)
                0x2000006c                _impure_ptr
 .data.__global_locale
                0x20000070      0x16c c:/program files (x86)/arm gnu toolchain arm-none-eabi/11.3 rel1/bin/../lib/gcc/arm-none-eabi/11.3.1/thumb/v7e-m+fp/hard\libc_nano.a(libc_a-locale.o)
                0x20000070                __global_locale
                0x200001dc                . = ALIGN (0x4)
                0x200001dc                PROVIDE (__preinit_array_start = .)
 *(.preinit_array)
                0x200001dc                PROVIDE (__preinit_array_end = .)
                0x200001dc                . = ALIGN (0x4)
                0x200001dc                PROVIDE (__init_array_start = .)
 *(SORT_BY_NAME(.init_array.*))
 *(.init_array)
 .init_array    0x200001dc        0x4 c:/program files (x86)/arm gnu toolchain arm-none-eabi/11.3 rel1/bin/../lib/gcc/arm-none-eabi/11.3.1/thumb/v7e-m+fp/hard/crtbegin.o
                0x200001e0                PROVIDE (__init_array_end = .)
                0x200001e0                . = ALIGN (0x4)
                [!provide]                PROVIDE (__fini_array_start = .)
 *(SORT_BY_NAME(.fini_array.*))
 *(.fini_array)
 .fini_array    0x200001e0        0x4 c:/program files (x86)/arm gnu toolchain arm-none-eabi/11.3 rel1/bin/../lib/gcc/arm-none-eabi/11.3.1/thumb/v7e-m+fp/hard/crtbegin.o
                [!provide]                PROVIDE (__fini_array_end = .)
 *(.jcr*)
                0x200001e4                . = ALIGN (0x4)
                0x200001e4                __data_end__ = .
LOAD c:/program files (x86)/arm gnu toolchain arm-none-eabi/11.3 rel1/bin/../lib/gcc/arm-none-eabi/11.3.1/thumb/v7e-m+fp/hard/crti.o
LOAD c:/program files (x86)/arm gnu toolchain arm-none-eabi/11.3 rel1/bin/../lib/gcc/arm-none-eabi/11.3.1/thumb/v7e-m+fp/hard/crtbegin.o
LOAD c:/program files (x86)/arm gnu toolchain arm-none-eabi/11.3 rel1/bin/../lib/gcc/arm-none-eabi/11.3.1/thumb/v7e-m+fp/hard/crt0.o
LOAD _build/nrf52840_xxaa/gcc_startup_nrf52840.S.o
LOAD _build/nrf52840_xxaa/boards.c.o
LOAD _build/nrf52840_xxaa/nrf_balloc.c.o
LOAD _build/nrf52840_xxaa/bsp.c.o
LOAD _build/nrf52840_xxaa/nrf_section_iter.c.o
LOAD _build/nrf52840_xxaa/app_fifo.c.o
LOAD _build/nrf52840_xxaa/nrf_libuarte_async.c.o
LOAD _build/nrf52840_xxaa/nrf_libuarte_drv.c.o
LOAD _build/nrf52840_xxaa/nrf_log_str_formatter.c.o
LOAD _build/nrf52840_xxaa/nrf_memobj.c.o
LOAD _build/nrf52840_xxaa/nrf_queue.c.o
LOAD _build/nrf52840_xxaa/app_scheduler.c.o
LOAD _build/nrf52840_xxaa/nrf_strerror.c.o
LOAD _build/nrf52840_xxaa/app_timer_freertos.c.o
LOAD _build/nrf52840_xxaa/retarget.c.o
LOAD _build/nrf52840_xxaa/app_error.c.o
LOAD _build/nrf52840_xxaa/app_error_handler_gcc.c.o
LOAD _build/nrf52840_xxaa/app_error_weak.c.o
LOAD _build/nrf52840_xxaa/app_util_platform.c.o
LOAD _build/nrf52840_xxaa/nrf_fprintf.c.o
LOAD _build/nrf52840_xxaa/list.c.o
LOAD _build/nrf52840_xxaa/heap_4.c.o
LOAD _build/nrf52840_xxaa/port_cmsis.c.o
LOAD _build/nrf52840_xxaa/port_cmsis_systick.c.o
LOAD _build/nrf52840_xxaa/port.c.o
LOAD _build/nrf52840_xxaa/queue.c.o
LOAD _build/nrf52840_xxaa/stream_buffer.c.o
LOAD _build/nrf52840_xxaa/tasks.c.o
LOAD _build/nrf52840_xxaa/timers.c.o
LOAD _build/nrf52840_xxaa/nrf_drv_clock.c.o
LOAD _build/nrf52840_xxaa/nrf_drv_uart.c.o
LOAD _build/nrf52840_xxaa/nrfx_clock.c.o
LOAD _build/nrf52840_xxaa/nrfx_gpiote.c.o
LOAD _build/nrf52840_xxaa/nrfx_ppi.c.o
LOAD _build/nrf52840_xxaa/nrfx_rtc.c.o
LOAD _build/nrf52840_xxaa/nrfx_saadc.c.o
LOAD _build/nrf52840_xxaa/nrfx_timer.c.o
LOAD _build/nrf52840_xxaa/nrfx_uart.c.o
LOAD _build/nrf52840_xxaa/nrfx_wdt.c.o
LOAD _build/nrf52840_xxaa/system_nrf52840.c.o
LOAD _build/nrf52840_xxaa/main.c.o
LOAD ..//libFiles/epBlinkyLibrary.a
LOAD c:/program files (x86)/arm gnu toolchain arm-none-eabi/11.3 rel1/bin/../lib/gcc/arm-none-eabi/11.3.1/thumb/v7e-m+fp/hard\libc_nano.a
LOAD c:/program files (x86)/arm gnu toolchain arm-none-eabi/11.3 rel1/bin/../lib/gcc/arm-none-eabi/11.3.1/thumb/v7e-m+fp/hard\libnosys.a
LOAD c:/program files (x86)/arm gnu toolchain arm-none-eabi/11.3 rel1/bin/../lib/gcc/arm-none-eabi/11.3.1/thumb/v7e-m+fp/hard\libm.a
START GROUP
LOAD c:/program files (x86)/arm gnu toolchain arm-none-eabi/11.3 rel1/bin/../lib/gcc/arm-none-eabi/11.3.1/thumb/v7e-m+fp/hard\libgcc.a
LOAD c:/program files (x86)/arm gnu toolchain arm-none-eabi/11.3 rel1/bin/../lib/gcc/arm-none-eabi/11.3.1/thumb/v7e-m+fp/hard\libg_nano.a
LOAD c:/program files (x86)/arm gnu toolchain arm-none-eabi/11.3 rel1/bin/../lib/gcc/arm-none-eabi/11.3.1/thumb/v7e-m+fp/hard\libc_nano.a
END GROUP
START GROUP
LOAD c:/program files (x86)/arm gnu toolchain arm-none-eabi/11.3 rel1/bin/../lib/gcc/arm-none-eabi/11.3.1/thumb/v7e-m+fp/hard\libgcc.a
LOAD c:/program files (x86)/arm gnu toolchain arm-none-eabi/11.3 rel1/bin/../lib/gcc/arm-none-eabi/11.3.1/thumb/v7e-m+fp/hard\libc_nano.a
END GROUP
LOAD c:/program files (x86)/arm gnu toolchain arm-none-eabi/11.3 rel1/bin/../lib/gcc/arm-none-eabi/11.3.1/thumb/v7e-m+fp/hard/crtend.o
LOAD c:/program files (x86)/arm gnu toolchain arm-none-eabi/11.3 rel1/bin/../lib/gcc/arm-none-eabi/11.3.1/thumb/v7e-m+fp/hard/crtn.o
START GROUP
LOAD c:/program files (x86)/arm gnu toolchain arm-none-eabi/11.3 rel1/bin/../lib/gcc/arm-none-eabi/11.3.1/thumb/v7e-m+fp/hard\libgcc.a
LOAD c:/program files (x86)/arm gnu toolchain arm-none-eabi/11.3 rel1/bin/../lib/gcc/arm-none-eabi/11.3.1/thumb/v7e-m+fp/hard\libc.a
LOAD c:/program files (x86)/arm gnu toolchain arm-none-eabi/11.3 rel1/bin/../lib/gcc/arm-none-eabi/11.3.1/thumb/v7e-m+fp/hard\libnosys.a
END GROUP

.tm_clone_table
                0x200001e4        0x0 load address 0x000094dc
 .tm_clone_table
                0x200001e4        0x0 c:/program files (x86)/arm gnu toolchain arm-none-eabi/11.3 rel1/bin/../lib/gcc/arm-none-eabi/11.3.1/thumb/v7e-m+fp/hard/crtbegin.o
 .tm_clone_table
                0x200001e4        0x0 c:/program files (x86)/arm gnu toolchain arm-none-eabi/11.3 rel1/bin/../lib/gcc/arm-none-eabi/11.3.1/thumb/v7e-m+fp/hard/crtend.o

.igot.plt       0x200001e4        0x0 load address 0x000094dc
 .igot.plt      0x200001e4        0x0 c:/program files (x86)/arm gnu toolchain arm-none-eabi/11.3 rel1/bin/../lib/gcc/arm-none-eabi/11.3.1/thumb/v7e-m+fp/hard/crtbegin.o
                0x200001e4                . = ALIGN (0x4)

.mem_section_dummy_ram

.log_dynamic_data
                0x200001e4        0x0
                [!provide]                PROVIDE (__start_log_dynamic_data = .)
 *(SORT_BY_NAME(.log_dynamic_data*))
                [!provide]                PROVIDE (__stop_log_dynamic_data = .)

.log_filter_data
                0x200001e4        0x0
                [!provide]                PROVIDE (__start_log_filter_data = .)
 *(SORT_BY_NAME(.log_filter_data*))
                [!provide]                PROVIDE (__stop_log_filter_data = .)

.cli_sorted_cmd_ptrs
                0x200001e4        0x0
                [!provide]                PROVIDE (__start_cli_sorted_cmd_ptrs = .)
 *(.cli_sorted_cmd_ptrs)
                [!provide]                PROVIDE (__stop_cli_sorted_cmd_ptrs = .)

.fs_data        0x200001e4        0x0
                [!provide]                PROVIDE (__start_fs_data = .)
 *(.fs_data)
                [!provide]                PROVIDE (__stop_fs_data = .)

.bss            0x200001e4     0x9be4 load address 0x000094dc
                0x200001e4                . = ALIGN (0x4)
                0x200001e4                __bss_start__ = .
 *(.bss*)
 .bss.completed.1
                0x200001e4        0x1 c:/program files (x86)/arm gnu toolchain arm-none-eabi/11.3 rel1/bin/../lib/gcc/arm-none-eabi/11.3.1/thumb/v7e-m+fp/hard/crtbegin.o
 *fill*         0x200001e5        0x3 
 .bss.object.0  0x200001e8       0x18 c:/program files (x86)/arm gnu toolchain arm-none-eabi/11.3 rel1/bin/../lib/gcc/arm-none-eabi/11.3.1/thumb/v7e-m+fp/hard/crtbegin.o
 .bss.m_libuarte_instance
                0x20000200        0x8 _build/nrf52840_xxaa/nrf_libuarte_drv.c.o
 .bss.debug_uart
                0x20000208        0x4 _build/nrf52840_xxaa/retarget.c.o
                0x20000208                debug_uart
 .bss.txDone    0x2000020c        0x4 _build/nrf52840_xxaa/retarget.c.o
                0x2000020c                txDone
 .bss.txLockSemaphore
                0x20000210        0x4 _build/nrf52840_xxaa/retarget.c.o
                0x20000210                txLockSemaphore
 .bss.txSemaphore
                0x20000214        0x4 _build/nrf52840_xxaa/retarget.c.o
                0x20000214                txSemaphore
 .bss.m_in_critical_region
                0x20000218        0x4 _build/nrf52840_xxaa/app_util_platform.c.o
 .bss.pxEnd     0x2000021c        0x4 _build/nrf52840_xxaa/heap_4.c.o
 .bss.ucHeap    0x20000220     0x8000 _build/nrf52840_xxaa/heap_4.c.o
 .bss.xBlockAllocatedBit
                0x20008220        0x4 _build/nrf52840_xxaa/heap_4.c.o
 .bss.xFreeBytesRemaining
                0x20008224        0x4 _build/nrf52840_xxaa/heap_4.c.o
 .bss.xMinimumEverFreeBytesRemaining
                0x20008228        0x4 _build/nrf52840_xxaa/heap_4.c.o
 .bss.xStart    0x2000822c        0x8 _build/nrf52840_xxaa/heap_4.c.o
 .bss.uxCriticalNesting
                0x20008234        0x4 _build/nrf52840_xxaa/port_cmsis.c.o
 .bss.xQueueRegistry
                0x20008238       0x10 _build/nrf52840_xxaa/queue.c.o
                0x20008238                xQueueRegistry
 .bss.pxCurrentTCB
                0x20008248        0x4 _build/nrf52840_xxaa/tasks.c.o
                0x20008248                pxCurrentTCB
 .bss.pxDelayedTaskList
                0x2000824c        0x4 _build/nrf52840_xxaa/tasks.c.o
 .bss.pxOverflowDelayedTaskList
                0x20008250        0x4 _build/nrf52840_xxaa/tasks.c.o
 .bss.pxReadyTasksLists
                0x20008254       0x64 _build/nrf52840_xxaa/tasks.c.o
 .bss.uxCurrentNumberOfTasks
                0x200082b8        0x4 _build/nrf52840_xxaa/tasks.c.o
 .bss.uxDeletedTasksWaitingCleanUp
                0x200082bc        0x4 _build/nrf52840_xxaa/tasks.c.o
 .bss.uxPendedTicks
                0x200082c0        0x4 _build/nrf52840_xxaa/tasks.c.o
 .bss.uxSchedulerSuspended
                0x200082c4        0x4 _build/nrf52840_xxaa/tasks.c.o
 .bss.uxTaskNumber
                0x200082c8        0x4 _build/nrf52840_xxaa/tasks.c.o
 .bss.uxTopReadyPriority
                0x200082cc        0x4 _build/nrf52840_xxaa/tasks.c.o
 .bss.xDelayedTaskList1
                0x200082d0       0x14 _build/nrf52840_xxaa/tasks.c.o
 .bss.xDelayedTaskList2
                0x200082e4       0x14 _build/nrf52840_xxaa/tasks.c.o
 .bss.xIdleTaskHandle
                0x200082f8        0x4 _build/nrf52840_xxaa/tasks.c.o
 .bss.xNextTaskUnblockTime
                0x200082fc        0x4 _build/nrf52840_xxaa/tasks.c.o
 .bss.xNumOfOverflows
                0x20008300        0x4 _build/nrf52840_xxaa/tasks.c.o
 .bss.xPendingReadyList
                0x20008304       0x14 _build/nrf52840_xxaa/tasks.c.o
 .bss.xSchedulerRunning
                0x20008318        0x4 _build/nrf52840_xxaa/tasks.c.o
 .bss.xSuspendedTaskList
                0x2000831c       0x14 _build/nrf52840_xxaa/tasks.c.o
 .bss.xTasksWaitingTermination
                0x20008330       0x14 _build/nrf52840_xxaa/tasks.c.o
 .bss.xTickCount
                0x20008344        0x4 _build/nrf52840_xxaa/tasks.c.o
 .bss.xYieldPending
                0x20008348        0x4 _build/nrf52840_xxaa/tasks.c.o
 .bss.pxCurrentTimerList
                0x2000834c        0x4 _build/nrf52840_xxaa/timers.c.o
 .bss.pxOverflowTimerList
                0x20008350        0x4 _build/nrf52840_xxaa/timers.c.o
 .bss.xActiveTimerList1
                0x20008354       0x14 _build/nrf52840_xxaa/timers.c.o
 .bss.xActiveTimerList2
                0x20008368       0x14 _build/nrf52840_xxaa/timers.c.o
 .bss.xLastTime.0
                0x2000837c        0x4 _build/nrf52840_xxaa/timers.c.o
 .bss.xTimerQueue
                0x20008380        0x4 _build/nrf52840_xxaa/timers.c.o
 .bss.xTimerTaskHandle
                0x20008384        0x4 _build/nrf52840_xxaa/timers.c.o
 .bss.m_clock_cb
                0x20008388       0x14 _build/nrf52840_xxaa/nrf_drv_clock.c.o
 .bss.m_clock_cb
                0x2000839c        0x8 _build/nrf52840_xxaa/nrfx_clock.c.o
 .bss.m_channels_allocated
                0x200083a4        0x4 _build/nrf52840_xxaa/nrfx_ppi.c.o
 .bss.m_groups_allocated
                0x200083a8        0x1 _build/nrf52840_xxaa/nrfx_ppi.c.o
 *fill*         0x200083a9        0x3 
 .bss.m_cb      0x200083ac        0x6 _build/nrf52840_xxaa/nrfx_rtc.c.o
 *fill*         0x200083b2        0x2 
 .bss.m_handlers
                0x200083b4        0x8 _build/nrf52840_xxaa/nrfx_rtc.c.o
 .bss.m_cb      0x200083bc       0x30 _build/nrf52840_xxaa/nrfx_saadc.c.o
 .bss.m_cb      0x200083ec       0x30 _build/nrf52840_xxaa/nrfx_timer.c.o
 .bss.m_alloc_index
                0x2000841c        0x1 _build/nrf52840_xxaa/nrfx_wdt.c.o
 .bss.m_state   0x2000841d        0x1 _build/nrf52840_xxaa/nrfx_wdt.c.o
 *fill*         0x2000841e        0x2 
 .bss.m_wdt_event_handler
                0x20008420        0x4 _build/nrf52840_xxaa/nrfx_wdt.c.o
 .bss.ledTaskHandle
                0x20008424        0x4 _build/nrf52840_xxaa/main.c.o
                0x20008424                ledTaskHandle
 .bss.m_channel_id
                0x20008428        0x1 ..//libFiles/epBlinkyLibrary.a(ep_bsp.c.o)
                0x20008428                m_channel_id
 .bss.active_mode
                0x20008429        0x1 ..//libFiles/epBlinkyLibrary.a(led_helper.c.o)
                0x20008429                active_mode
 .bss.active_mode_change
                0x2000842a        0x1 ..//libFiles/epBlinkyLibrary.a(led_helper.c.o)
                0x2000842a                active_mode_change
 .bss.active_mode_latch
                0x2000842b        0x1 ..//libFiles/epBlinkyLibrary.a(led_helper.c.o)
                0x2000842b                active_mode_latch
 .bss.active_mode_leds
                0x2000842c        0x1 ..//libFiles/epBlinkyLibrary.a(led_helper.c.o)
                0x2000842c                active_mode_leds
 *fill*         0x2000842d        0x3 
 .bss.led_semaphore
                0x20008430        0x4 ..//libFiles/epBlinkyLibrary.a(led_helper.c.o)
                0x20008430                led_semaphore
 .bss.led_timer
                0x20008434        0x4 ..//libFiles/epBlinkyLibrary.a(led_helper.c.o)
                0x20008434                led_timer
 .bss.pvtLedTaskHandle
                0x20008438        0x4 ..//libFiles/epBlinkyLibrary.a(led_helper.c.o)
                0x20008438                pvtLedTaskHandle
 .bss.m_cb      0x2000843c       0x6c ..//libFiles/epBlinkyLibrary.a(nrfx_gpiote.c.o)
 .bss.debugControl
                0x200084a8        0x5 ..//libFiles/epBlinkyLibrary.a(uart_helper.c.o)
 *fill*         0x200084ad        0x3 
 .bss.debug_uart_libuartectrl_blk
                0x200084b0       0x40 ..//libFiles/epBlinkyLibrary.a(uart_helper.c.o)
 .bss.debug_uart_rx_pool_nrf_balloc_cb
                0x200084f0        0x8 ..//libFiles/epBlinkyLibrary.a(uart_helper.c.o)
 .bss.debug_uart_rx_pool_nrf_balloc_pool_mem
                0x200084f8      0x300 ..//libFiles/epBlinkyLibrary.a(uart_helper.c.o)
 .bss.debug_uart_rx_pool_nrf_balloc_pool_stack
                0x200087f8        0x3 ..//libFiles/epBlinkyLibrary.a(uart_helper.c.o)
 *fill*         0x200087fb        0x1 
 .bss.debug_uart_rxdata_queue_nrf_queue_buffer
                0x200087fc       0x10 ..//libFiles/epBlinkyLibrary.a(uart_helper.c.o)
 .bss.debug_uart_rxdata_queue_nrf_queue_cb
                0x2000880c        0xc ..//libFiles/epBlinkyLibrary.a(uart_helper.c.o)
 .bss.debug_uartctrl_blk
                0x20008818       0x28 ..//libFiles/epBlinkyLibrary.a(uart_helper.c.o)
 .bss.initialized.1
                0x20008840        0x1 ..//libFiles/epBlinkyLibrary.a(uart_helper.c.o)
 *fill*         0x20008841        0x3 
 .bss.temp_tx_buff
                0x20008844     0x1400 ..//libFiles/epBlinkyLibrary.a(uart_helper.c.o)
                0x20008844                temp_tx_buff
 .bss.temp_tx_buff_index
                0x20009c44        0x1 ..//libFiles/epBlinkyLibrary.a(uart_helper.c.o)
                0x20009c44                temp_tx_buff_index
 .bss.txInProcess
                0x20009c45        0x1 ..//libFiles/epBlinkyLibrary.a(uart_helper.c.o)
 .bss.uartStatus
                0x20009c46        0x1 ..//libFiles/epBlinkyLibrary.a(uart_helper.c.o)
 *fill*         0x20009c47        0x1 
 .bss.uartTxTaskHandle
                0x20009c48        0x4 ..//libFiles/epBlinkyLibrary.a(uart_helper.c.o)
                0x20009c48                uartTxTaskHandle
 .bss.xDebugUartRxQueue
                0x20009c4c        0x4 ..//libFiles/epBlinkyLibrary.a(uart_helper.c.o)
                0x20009c4c                xDebugUartRxQueue
 .bss.xDebugUartStatusSemaphore
                0x20009c50        0x4 ..//libFiles/epBlinkyLibrary.a(uart_helper.c.o)
                0x20009c50                xDebugUartStatusSemaphore
 .bss.xDebugUartTxLockoutSemaphore
                0x20009c54        0x4 ..//libFiles/epBlinkyLibrary.a(uart_helper.c.o)
                0x20009c54                xDebugUartTxLockoutSemaphore
 .bss.xDebugUartTxQueue
                0x20009c58        0x4 ..//libFiles/epBlinkyLibrary.a(uart_helper.c.o)
                0x20009c58                xDebugUartTxQueue
 .bss.xDebugUartTxSemaphore
                0x20009c5c        0x4 ..//libFiles/epBlinkyLibrary.a(uart_helper.c.o)
                0x20009c5c                xDebugUartTxSemaphore
 .bss.xTxTempBuffSemaphore
                0x20009c60        0x4 ..//libFiles/epBlinkyLibrary.a(uart_helper.c.o)
                0x20009c60                xTxTempBuffSemaphore
 .bss.sync_time_seconds
                0x20009c64        0x4 ..//libFiles/epBlinkyLibrary.a(time_helper.c.o)
                0x20009c64                sync_time_seconds
 .bss.tick_overflow_counter
                0x20009c68        0x4 ..//libFiles/epBlinkyLibrary.a(time_helper.c.o)
                0x20009c68                tick_overflow_counter
 .bss.ticks_at_sync
                0x20009c6c        0x4 ..//libFiles/epBlinkyLibrary.a(time_helper.c.o)
                0x20009c6c                ticks_at_sync
 .bss.time_semaphore
                0x20009c70        0x4 ..//libFiles/epBlinkyLibrary.a(time_helper.c.o)
                0x20009c70                time_semaphore
 .bss.utility_initialized
                0x20009c74        0x1 ..//libFiles/epBlinkyLibrary.a(time_helper.c.o)
 *fill*         0x20009c75        0x3 
 .bss.__sf      0x20009c78      0x138 c:/program files (x86)/arm gnu toolchain arm-none-eabi/11.3 rel1/bin/../lib/gcc/arm-none-eabi/11.3.1/thumb/v7e-m+fp/hard\libc_nano.a(libc_a-findfp.o)
                0x20009c78                __sf
 .bss.__stdio_exit_handler
                0x20009db0        0x4 c:/program files (x86)/arm gnu toolchain arm-none-eabi/11.3 rel1/bin/../lib/gcc/arm-none-eabi/11.3.1/thumb/v7e-m+fp/hard\libc_nano.a(libc_a-findfp.o)
                0x20009db0                __stdio_exit_handler
 .bss.errno     0x20009db4        0x4 c:/program files (x86)/arm gnu toolchain arm-none-eabi/11.3 rel1/bin/../lib/gcc/arm-none-eabi/11.3.1/thumb/v7e-m+fp/hard\libc_nano.a(libc_a-reent.o)
                0x20009db4                errno
 .bss.__lock___malloc_recursive_mutex
                0x20009db8        0x1 c:/program files (x86)/arm gnu toolchain arm-none-eabi/11.3 rel1/bin/../lib/gcc/arm-none-eabi/11.3.1/thumb/v7e-m+fp/hard\libc_nano.a(libc_a-lock.o)
                0x20009db8                __lock___malloc_recursive_mutex
 .bss.__lock___sfp_recursive_mutex
                0x20009db9        0x1 c:/program files (x86)/arm gnu toolchain arm-none-eabi/11.3 rel1/bin/../lib/gcc/arm-none-eabi/11.3.1/thumb/v7e-m+fp/hard\libc_nano.a(libc_a-lock.o)
                0x20009db9                __lock___sfp_recursive_mutex
 *fill*         0x20009dba        0x2 
 .bss.__malloc_free_list
                0x20009dbc        0x4 c:/program files (x86)/arm gnu toolchain arm-none-eabi/11.3 rel1/bin/../lib/gcc/arm-none-eabi/11.3.1/thumb/v7e-m+fp/hard\libc_nano.a(libc_a-mallocr.o)
                0x20009dbc                __malloc_free_list
 .bss.__malloc_sbrk_start
                0x20009dc0        0x4 c:/program files (x86)/arm gnu toolchain arm-none-eabi/11.3 rel1/bin/../lib/gcc/arm-none-eabi/11.3.1/thumb/v7e-m+fp/hard\libc_nano.a(libc_a-mallocr.o)
                0x20009dc0                __malloc_sbrk_start
 .bss.heap_end.0
                0x20009dc4        0x4 c:/program files (x86)/arm gnu toolchain arm-none-eabi/11.3 rel1/bin/../lib/gcc/arm-none-eabi/11.3.1/thumb/v7e-m+fp/hard\libnosys.a(sbrk.o)
 *(COMMON)
                0x20009dc8                . = ALIGN (0x4)
                0x20009dc8                __bss_end__ = .

.heap           0x20009dc8     0x2000
                0x20009dc8                __HeapBase = .
                0x20009dc8                __end__ = .
                0x20009dc8                PROVIDE (end = .)
 *(.heap*)
 .heap          0x20009dc8     0x2000 _build/nrf52840_xxaa/gcc_startup_nrf52840.S.o
                0x2000bdc8                __HeapLimit = .

.stack_dummy    0x20009dc8     0x2000
 *(.stack*)
 .stack         0x20009dc8     0x2000 _build/nrf52840_xxaa/gcc_startup_nrf52840.S.o
                0x2003bc48                __StackTop = (ORIGIN (RAM) + LENGTH (RAM))
                0x20039c48                __StackLimit = (__StackTop - SIZEOF (.stack_dummy))
                0x2003bc48                PROVIDE (__stack = __StackTop)
                0x00000001                ASSERT ((__StackLimit >= __HeapLimit), region RAM overflowed with stack)
                0x000001e4                DataInitFlashUsed = (__bss_start__ - __data_start__)
                0x000092f8                CodeFlashUsed = (__etext - ORIGIN (FLASH))
                0x000094dc                TotalFlashUsed = (CodeFlashUsed + DataInitFlashUsed)
                0x00000001                ASSERT ((TotalFlashUsed <= LENGTH (FLASH)), region FLASH overflowed with .data and user data)
OUTPUT(_build/nrf52840_xxaa.out elf32-littlearm)
LOAD linker stubs

.ARM.attributes
                0x00000000       0x30
 .ARM.attributes
                0x00000000       0x1e c:/program files (x86)/arm gnu toolchain arm-none-eabi/11.3 rel1/bin/../lib/gcc/arm-none-eabi/11.3.1/thumb/v7e-m+fp/hard/crti.o
 .ARM.attributes
                0x0000001e       0x34 c:/program files (x86)/arm gnu toolchain arm-none-eabi/11.3 rel1/bin/../lib/gcc/arm-none-eabi/11.3.1/thumb/v7e-m+fp/hard/crtbegin.o
 .ARM.attributes
                0x00000052       0x1c c:/program files (x86)/arm gnu toolchain arm-none-eabi/11.3 rel1/bin/../lib/gcc/arm-none-eabi/11.3.1/thumb/v7e-m+fp/hard/crt0.o
 .ARM.attributes
                0x0000006e       0x20 _build/nrf52840_xxaa/gcc_startup_nrf52840.S.o
 .ARM.attributes
                0x0000008e       0x34 _build/nrf52840_xxaa/boards.c.o
 .ARM.attributes
                0x000000c2       0x34 _build/nrf52840_xxaa/nrf_balloc.c.o
 .ARM.attributes
                0x000000f6       0x34 _build/nrf52840_xxaa/nrf_libuarte_async.c.o
 .ARM.attributes
                0x0000012a       0x34 _build/nrf52840_xxaa/nrf_libuarte_drv.c.o
 .ARM.attributes
                0x0000015e       0x34 _build/nrf52840_xxaa/nrf_queue.c.o
 .ARM.attributes
                0x00000192       0x34 _build/nrf52840_xxaa/retarget.c.o
 .ARM.attributes
                0x000001c6       0x34 _build/nrf52840_xxaa/app_error.c.o
 .ARM.attributes
                0x000001fa       0x34 _build/nrf52840_xxaa/app_error_weak.c.o
 .ARM.attributes
                0x0000022e       0x34 _build/nrf52840_xxaa/app_util_platform.c.o
 .ARM.attributes
                0x00000262       0x34 _build/nrf52840_xxaa/list.c.o
 .ARM.attributes
                0x00000296       0x34 _build/nrf52840_xxaa/heap_4.c.o
 .ARM.attributes
                0x000002ca       0x34 _build/nrf52840_xxaa/port_cmsis.c.o
 .ARM.attributes
                0x000002fe       0x34 _build/nrf52840_xxaa/port_cmsis_systick.c.o
 .ARM.attributes
                0x00000332       0x34 _build/nrf52840_xxaa/port.c.o
 .ARM.attributes
                0x00000366       0x34 _build/nrf52840_xxaa/queue.c.o
 .ARM.attributes
                0x0000039a       0x34 _build/nrf52840_xxaa/tasks.c.o
 .ARM.attributes
                0x000003ce       0x34 _build/nrf52840_xxaa/timers.c.o
 .ARM.attributes
                0x00000402       0x34 _build/nrf52840_xxaa/nrf_drv_clock.c.o
 .ARM.attributes
                0x00000436       0x34 _build/nrf52840_xxaa/nrfx_clock.c.o
 .ARM.attributes
                0x0000046a       0x34 _build/nrf52840_xxaa/nrfx_ppi.c.o
 .ARM.attributes
                0x0000049e       0x34 _build/nrf52840_xxaa/nrfx_rtc.c.o
 .ARM.attributes
                0x000004d2       0x34 _build/nrf52840_xxaa/nrfx_saadc.c.o
 .ARM.attributes
                0x00000506       0x34 _build/nrf52840_xxaa/nrfx_timer.c.o
 .ARM.attributes
                0x0000053a       0x34 _build/nrf52840_xxaa/nrfx_wdt.c.o
 .ARM.attributes
                0x0000056e       0x34 _build/nrf52840_xxaa/system_nrf52840.c.o
 .ARM.attributes
                0x000005a2       0x34 _build/nrf52840_xxaa/main.c.o
 .ARM.attributes
                0x000005d6       0x34 ..//libFiles/epBlinkyLibrary.a(ep_bsp.c.o)
 .ARM.attributes
                0x0000060a       0x34 ..//libFiles/epBlinkyLibrary.a(freertos_hooks.c.o)
 .ARM.attributes