Archive member included to satisfy reference by file (symbol)

..//libFiles/epBlinkyLibrary.a(ep_bsp.c.o)
                              _build/nrf52840_xxaa/main.c.o (ep_bsp_init)
..//libFiles/epBlinkyLibrary.a(freertos_hooks.c.o)
                              _build/nrf52840_xxaa/tasks.c.o (vApplicationIdleHook)
..//libFiles/epBlinkyLibrary.a(led_helper.c.o)
                              _build/nrf52840_xxaa/main.c.o (led_init)
..//libFiles/epBlinkyLibrary.a(nrfx_gpiote.c.o)
                              _build/nrf52840_xxaa/nrf_libuarte_drv.c.o (nrfx_gpiote_init)
..//libFiles/epBlinkyLibrary.a(uart_helper.c.o)
                              _build/nrf52840_xxaa/main.c.o (tx_enqueue)
..//libFiles/epBlinkyLibrary.a(time_helper.c.o)
                              _build/nrf52840_xxaa/main.c.o (set_time)
c:/program files (x86)/arm gnu toolchain arm-none-eabi/11.3 rel1/bin/../lib/gcc/arm-none-eabi/11.3.1/thumb/v7e-m+fp/hard\libc_nano.a(libc_a-exit.o)
                              c:/program files (x86)/arm gnu toolchain arm-none-eabi/11.3 rel1/bin/../lib/gcc/arm-none-eabi/11.3.1/thumb/v7e-m+fp/hard/crt0.o (exit)
c:/program files (x86)/arm gnu toolchain arm-none-eabi/11.3 rel1/bin/../lib/gcc/arm-none-eabi/11.3.1/thumb/v7e-m+fp/hard\libc_nano.a(libc_a-nano-vfprintf_float.o)
                              (_printf_float)
c:/program files (x86)/arm gnu toolchain arm-none-eabi/11.3 rel1/bin/../lib/gcc/arm-none-eabi/11.3.1/thumb/v7e-m+fp/hard\libc_nano.a(libc_a-nano-vfprintf_i.o)
                              c:/program files (x86)/arm gnu toolchain arm-none-eabi/11.3 rel1/bin/../lib/gcc/arm-none-eabi/11.3.1/thumb/v7e-m+fp/hard\libc_nano.a(libc_a-nano-vfprintf_float.o) (_printf_common)
c:/program files (x86)/arm gnu toolchain arm-none-eabi/11.3 rel1/bin/../lib/gcc/arm-none-eabi/11.3.1/thumb/v7e-m+fp/hard\libc_nano.a(libc_a-findfp.o)
                              c:/program files (x86)/arm gnu toolchain arm-none-eabi/11.3 rel1/bin/../lib/gcc/arm-none-eabi/11.3.1/thumb/v7e-m+fp/hard\libc_nano.a(libc_a-exit.o) (__stdio_exit_handler)
c:/program files (x86)/arm gnu toolchain arm-none-eabi/11.3 rel1/bin/../lib/gcc/arm-none-eabi/11.3.1/thumb/v7e-m+fp/hard\libc_nano.a(libc_a-fprintf.o)
                              ..//libFiles/epBlinkyLibrary.a(uart_helper.c.o) (fprintf)
c:/program files (x86)/arm gnu toolchain arm-none-eabi/11.3 rel1/bin/../lib/gcc/arm-none-eabi/11.3.1/thumb/v7e-m+fp/hard\libc_nano.a(libc_a-fwalk.o)
                              c:/program files (x86)/arm gnu toolchain arm-none-eabi/11.3 rel1/bin/../lib/gcc/arm-none-eabi/11.3.1/thumb/v7e-m+fp/hard\libc_nano.a(libc_a-findfp.o) (_fwalk_sglue)
c:/program files (x86)/arm gnu toolchain arm-none-eabi/11.3 rel1/bin/../lib/gcc/arm-none-eabi/11.3.1/thumb/v7e-m+fp/hard\libc_nano.a(libc_a-sprintf.o)
                              ..//libFiles/epBlinkyLibrary.a(uart_helper.c.o) (sprintf)
c:/program files (x86)/arm gnu toolchain arm-none-eabi/11.3 rel1/bin/../lib/gcc/arm-none-eabi/11.3.1/thumb/v7e-m+fp/hard\libc_nano.a(libc_a-stdio.o)
                              c:/program files (x86)/arm gnu toolchain arm-none-eabi/11.3 rel1/bin/../lib/gcc/arm-none-eabi/11.3.1/thumb/v7e-m+fp/hard\libc_nano.a(libc_a-findfp.o) (__sread)
c:/program files (x86)/arm gnu toolchain arm-none-eabi/11.3 rel1/bin/../lib/gcc/arm-none-eabi/11.3.1/thumb/v7e-m+fp/hard\libc_nano.a(libc_a-vsprintf.o)
                              ..//libFiles/epBlinkyLibrary.a(uart_helper.c.o) (vsprintf)
c:/program files (x86)/arm gnu toolchain arm-none-eabi/11.3 rel1/bin/../lib/gcc/arm-none-eabi/11.3.1/thumb/v7e-m+fp/hard\libc_nano.a(libc_a-memset.o)
                              c:/program files (x86)/arm gnu toolchain arm-none-eabi/11.3 rel1/bin/../lib/gcc/arm-none-eabi/11.3.1/thumb/v7e-m+fp/hard/crt0.o (memset)
c:/program files (x86)/arm gnu toolchain arm-none-eabi/11.3 rel1/bin/../lib/gcc/arm-none-eabi/11.3.1/thumb/v7e-m+fp/hard\libc_nano.a(libc_a-localeconv.o)
                              c:/program files (x86)/arm gnu toolchain arm-none-eabi/11.3 rel1/bin/../lib/gcc/arm-none-eabi/11.3.1/thumb/v7e-m+fp/hard\libc_nano.a(libc_a-nano-vfprintf_float.o) (_localeconv_r)
c:/program files (x86)/arm gnu toolchain arm-none-eabi/11.3 rel1/bin/../lib/gcc/arm-none-eabi/11.3.1/thumb/v7e-m+fp/hard\libc_nano.a(libc_a-closer.o)
                              c:/program files (x86)/arm gnu toolchain arm-none-eabi/11.3 rel1/bin/../lib/gcc/arm-none-eabi/11.3.1/thumb/v7e-m+fp/hard\libc_nano.a(libc_a-stdio.o) (_close_r)
c:/program files (x86)/arm gnu toolchain arm-none-eabi/11.3 rel1/bin/../lib/gcc/arm-none-eabi/11.3.1/thumb/v7e-m+fp/hard\libc_nano.a(libc_a-reent.o)
                              c:/program files (x86)/arm gnu toolchain arm-none-eabi/11.3 rel1/bin/../lib/gcc/arm-none-eabi/11.3.1/thumb/v7e-m+fp/hard\libc_nano.a(libc_a-closer.o) (errno)
c:/program files (x86)/arm gnu toolchain arm-none-eabi/11.3 rel1/bin/../lib/gcc/arm-none-eabi/11.3.1/thumb/v7e-m+fp/hard\libc_nano.a(libc_a-impure.o)
[...]
Memory Configuration

Name             Origin             Length             Attributes
FLASH            0x00000000         0x000d9000         xr
RAM              0x20000000         0x0003bc48         xrw
*default*        0x00000000         0xffffffff

Linker script and memory map


.text           0x00000000     0x9318
 *(.isr_vector)
 .isr_vector    0x00000000      0x200 _build/nrf52840_xxaa/gcc_startup_nrf52840.S.o
                0x00000000                __isr_vector
 *(.text*)
 .text.deregister_tm_clones
                0x00000200       0x1c c:/program files (x86)/arm gnu toolchain arm-none-eabi/11.3 rel1/bin/../lib/gcc/arm-none-eabi/11.3.1/thumb/v7e-m+fp/hard/crtbegin.o
 .text.register_tm_clones
                0x0000021c       0x24 c:/program files (x86)/arm gnu toolchain arm-none-eabi/11.3 rel1/bin/../lib/gcc/arm-none-eabi/11.3.1/thumb/v7e-m+fp/hard/crtbegin.o
 .text.__do_global_dtors_aux
                0x00000240       0x28 c:/program files (x86)/arm gnu toolchain arm-none-eabi/11.3 rel1/bin/../lib/gcc/arm-none-eabi/11.3.1/thumb/v7e-m+fp/hard/crtbegin.o
 .text.frame_dummy
                0x00000268       0x24 c:/program files (x86)/arm gnu toolchain arm-none-eabi/11.3 rel1/bin/../lib/gcc/arm-none-eabi/11.3.1/thumb/v7e-m+fp/hard/crtbegin.o
 .text          0x0000028c       0x7c c:/program files (x86)/arm gnu toolchain arm-none-eabi/11.3 rel1/bin/../lib/gcc/arm-none-eabi/11.3.1/thumb/v7e-m+fp/hard/crt0.o
                0x0000028c                _stack_init
                0x00000294                _start
                0x00000294                _mainCRTStartup
 .text          0x00000308       0x3c _build/nrf52840_xxaa/gcc_startup_nrf52840.S.o
                0x00000308                Reset_Handler
                0x00000330                NMI_Handler
                0x00000332                HardFault_Handler
                0x00000334                MemoryManagement_Handler
                0x00000336                BusFault_Handler
                0x00000338                UsageFault_Handler
                0x0000033c                DebugMon_Handler
                0x00000340                SysTick_Handler
                0x00000342                PDM_IRQHandler
                0x00000342                TEMP_IRQHandler
                0x00000342                QDEC_IRQHandler
                0x00000342                PWM3_IRQHandler
                0x00000342                FPU_IRQHandler
                0x00000342                USBD_IRQHandler
                0x00000342                SPIM0_SPIS0_TWIM0_TWIS0_SPI0_TWI0_IRQHandler
                0x00000342                PWM1_IRQHandler
                0x00000342                CRYPTOCELL_IRQHandler
                0x00000342                I2S_IRQHandler
                0x00000342                RADIO_IRQHandler
                0x00000342                TIMER0_IRQHandler
                0x00000342                SWI2_EGU2_IRQHandler
                0x00000342                SPIM3_IRQHandler
                0x00000342                PWM2_IRQHandler
                0x00000342                ECB_IRQHandler
                0x00000342                SPIM1_SPIS1_TWIM1_TWIS1_SPI1_TWI1_IRQHandler
                0x00000342                Default_Handler
                0x00000342                CCM_AAR_IRQHandler
                0x00000342                SWI5_EGU5_IRQHandler
                0x00000342                RNG_IRQHandler
                0x00000342                PWM0_IRQHandler
                0x00000342                SWI3_EGU3_IRQHandler
                0x00000342                SWI1_EGU1_IRQHandler
                0x00000342                SPIM2_SPIS2_SPI2_IRQHandler
                0x00000342                NFCT_IRQHandler
                0x00000342                SWI0_EGU0_IRQHandler
                0x00000342                MWU_IRQHandler
                0x00000342                SWI4_EGU4_IRQHandler
                0x00000342                QSPI_IRQHandler
                0x00000342                COMP_LPCOMP_IRQHandler
 .text.bsp_board_led_on
                0x00000344       0x24 _build/nrf52840_xxaa/boards.c.o
                0x00000344                bsp_board_led_on
 .text.bsp_board_led_off
                0x00000368       0x24 _build/nrf52840_xxaa/boards.c.o
                0x00000368                bsp_board_led_off
 .text.bsp_board_init
                0x0000038c       0x40 _build/nrf52840_xxaa/boards.c.o
                0x0000038c                bsp_board_init
 .text.nrf_balloc_init
                0x000003cc       0x3c _build/nrf52840_xxaa/nrf_balloc.c.o
                0x000003cc                nrf_balloc_init
 .text.nrf_balloc_alloc
                0x00000408       0x4c _build/nrf52840_xxaa/nrf_balloc.c.o
                0x00000408                nrf_balloc_alloc
 .text.nrf_balloc_free
                0x00000454       0x2c _build/nrf52840_xxaa/nrf_balloc.c.o
                0x00000454                nrf_balloc_free
 .text.rx_buffer_schedule
                0x00000480       0x38 _build/nrf52840_xxaa/nrf_libuarte_async.c.o
 .text.uart_evt_handler
                0x000004b8       0xf8 _build/nrf52840_xxaa/nrf_libuarte_async.c.o
 .text.nrf_libuarte_async_timeout_handler
                0x000005b0       0x90 _build/nrf52840_xxaa/nrf_libuarte_async.c.o
                0x000005b0                nrf_libuarte_async_timeout_handler
 .text.tmr_evt_handler
                0x00000640        0x8 _build/nrf52840_xxaa/nrf_libuarte_async.c.o
 .text.nrf_libuarte_async_init
                0x00000648      0x280 _build/nrf52840_xxaa/nrf_libuarte_async.c.o
                0x00000648                nrf_libuarte_async_init
 .text.nrf_libuarte_async_uninit
                0x000008c8       0x68 _build/nrf52840_xxaa/nrf_libuarte_async.c.o
                0x000008c8                nrf_libuarte_async_uninit
 .text.nrf_libuarte_async_enable
                0x00000930       0x80 _build/nrf52840_xxaa/nrf_libuarte_async.c.o
                0x00000930                nrf_libuarte_async_enable
 .text.nrf_libuarte_async_tx
                0x000009b0        0x8 _build/nrf52840_xxaa/nrf_libuarte_async.c.o
                0x000009b0                nrf_libuarte_async_tx
 .text.nrf_libuarte_async_rx_free
                0x000009b8       0x58 _build/nrf52840_xxaa/nrf_libuarte_async.c.o
                0x000009b8                nrf_libuarte_async_rx_free
 .text.tmr_evt_handler
                0x00000a10        0x4 _build/nrf52840_xxaa/nrf_libuarte_drv.c.o
                0x00000a10                tmr_evt_handler
 .text.irq_handler
                0x00000a14      0x1e4 _build/nrf52840_xxaa/nrf_libuarte_drv.c.o
 .text.ppi_free
                0x00000bf8       0x50 _build/nrf52840_xxaa/nrf_libuarte_drv.c.o
 .text.ppi_channel_configure
                0x00000c48       0x3c _build/nrf52840_xxaa/nrf_libuarte_drv.c.o
 .text.nrf_libuarte_drv_init
                0x00000c84      0x3a8 _build/nrf52840_xxaa/nrf_libuarte_drv.c.o
                0x00000c84                nrf_libuarte_drv_init
 .text.nrf_libuarte_drv_uninit
                0x0000102c      0x148 _build/nrf52840_xxaa/nrf_libuarte_drv.c.o
                0x0000102c                nrf_libuarte_drv_uninit
 .text.nrf_libuarte_drv_tx
                0x00001174       0xd0 _build/nrf52840_xxaa/nrf_libuarte_drv.c.o
                0x00001174                nrf_libuarte_drv_tx
 .text.nrf_libuarte_drv_rx_start
                0x00001244       0xbc _build/nrf52840_xxaa/nrf_libuarte_drv.c.o
                0x00001244                nrf_libuarte_drv_rx_start
 .text.nrf_libuarte_drv_rx_buf_rsp
                0x00001300       0x58 _build/nrf52840_xxaa/nrf_libuarte_drv.c.o
                0x00001300                nrf_libuarte_drv_rx_buf_rsp
 .text.UARTE0_UART0_IRQHandler
                0x00001358        0xc _build/nrf52840_xxaa/nrf_libuarte_drv.c.o
                0x00001358                UARTE0_UART0_IRQHandler
 .text.UARTE1_IRQHandler
                0x00001364        0xc _build/nrf52840_xxaa/nrf_libuarte_drv.c.o
                0x00001364                UARTE1_IRQHandler
 .text.nrf_queue_push
                0x00001370       0xd8 _build/nrf52840_xxaa/nrf_queue.c.o
                0x00001370                nrf_queue_push
 .text.nrf_queue_generic_pop
                0x00001448       0xc8 _build/nrf52840_xxaa/nrf_queue.c.o
                0x00001448                nrf_queue_generic_pop
 .text.nrf_queue_reset
                0x00001510       0x20 _build/nrf52840_xxaa/nrf_queue.c.o
                0x00001510                nrf_queue_reset
 .text.retarget_init
                0x00001530       0x28 _build/nrf52840_xxaa/retarget.c.o
                0x00001530                retarget_init
 .text._write   0x00001558       0xa0 _build/nrf52840_xxaa/retarget.c.o
                0x00001558                _write
 .text._read    0x000015f8        0x4 _build/nrf52840_xxaa/retarget.c.o
                0x000015f8                _read
 .text.app_error_handler_bare
                0x000015fc       0x20 _build/nrf52840_xxaa/app_error.c.o
                0x000015fc                app_error_handler_bare
 .text.app_error_fault_handler
                0x0000161c       0x30 _build/nrf52840_xxaa/app_error_weak.c.o
                0x0000161c                app_error_fault_handler
 .text.app_util_critical_region_enter
                0x0000164c       0x10 _build/nrf52840_xxaa/app_util_platform.c.o
                0x0000164c                app_util_critical_region_enter
 .text.app_util_critical_region_exit
                0x0000165c       0x14 _build/nrf52840_xxaa/app_util_platform.c.o
                0x0000165c                app_util_critical_region_exit
 .text.vListInitialise
                0x00001670       0x18 _build/nrf52840_xxaa/list.c.o
                0x00001670                vListInitialise
 .text.vListInitialiseItem
                0x00001688        0x8 _build/nrf52840_xxaa/list.c.o
                0x00001688                vListInitialiseItem
 .text.vListInsertEnd
                0x00001690       0x18 _build/nrf52840_xxaa/list.c.o
                0x00001690                vListInsertEnd
 .text.vListInsert
                0x000016a8       0x30 _build/nrf52840_xxaa/list.c.o
                0x000016a8                vListInsert
 .text.uxListRemove
                0x000016d8       0x24 _build/nrf52840_xxaa/list.c.o
                0x000016d8                uxListRemove
 .text.prvInsertBlockIntoFreeList
                0x000016fc       0x64 _build/nrf52840_xxaa/heap_4.c.o
 .text.pvPortMalloc
                0x00001760      0x100 _build/nrf52840_xxaa/heap_4.c.o
                0x00001760                pvPortMalloc
 .text.vPortFree
                0x00001860       0x50 _build/nrf52840_xxaa/heap_4.c.o
                0x00001860                vPortFree
 .text.prvTaskExitError
                0x000018b0        0x8 _build/nrf52840_xxaa/port_cmsis.c.o
 .text.pxPortInitialiseStack
                0x000018b8       0x24 _build/nrf52840_xxaa/port_cmsis.c.o
                0x000018b8                pxPortInitialiseStack
 .text.xPortStartScheduler
                0x000018dc       0x4c _build/nrf52840_xxaa/port_cmsis.c.o
                0x000018dc                xPortStartScheduler
 .text.vPortEnterCritical
                0x00001928       0x14 _build/nrf52840_xxaa/port_cmsis.c.o
                0x00001928                vPortEnterCritical
 .text.vPortExitCritical
                0x0000193c       0x14 _build/nrf52840_xxaa/port_cmsis.c.o
                0x0000193c                vPortExitCritical
 .text.RTC1_IRQHandler
                0x00001950       0x84 _build/nrf52840_xxaa/port_cmsis_systick.c.o
                0x00001950                RTC1_IRQHandler
 .text.vPortSetupTimerInterrupt
                0x000019d4       0x38 _build/nrf52840_xxaa/port_cmsis_systick.c.o
                0x000019d4                vPortSetupTimerInterrupt
 .text.vPortSuppressTicksAndSleep
                0x00001a0c      0x104 _build/nrf52840_xxaa/port_cmsis_systick.c.o
                0x00001a0c                vPortSuppressTicksAndSleep
 .text.vPortStartFirstTask
                0x00001b10       0x1c _build/nrf52840_xxaa/port.c.o
                0x00001b10                vPortStartFirstTask
 .text.SVC_Handler
                0x00001b2c       0x20 _build/nrf52840_xxaa/port.c.o
                0x00001b2c                SVC_Handler
 .text.PendSV_Handler
                0x00001b4c       0x60 _build/nrf52840_xxaa/port.c.o
                0x00001b4c                PendSV_Handler
 .text.prvCopyDataToQueue
                0x00001bac       0x78 _build/nrf52840_xxaa/queue.c.o
 .text.prvUnlockQueue
                0x00001c24       0x8c _build/nrf52840_xxaa/queue.c.o
 .text.xQueueGenericCreate
                0x00001cb0       0x74 _build/nrf52840_xxaa/queue.c.o
                0x00001cb0                xQueueGenericCreate
 .text.xQueueGenericSend
                0x00001d24      0x118 _build/nrf52840_xxaa/queue.c.o
                0x00001d24                xQueueGenericSend
 .text.xQueueGenericSendFromISR
                0x00001e3c       0x64 _build/nrf52840_xxaa/queue.c.o
                0x00001e3c                xQueueGenericSendFromISR
 .text.xQueueGiveFromISR
                0x00001ea0       0x60 _build/nrf52840_xxaa/queue.c.o
                0x00001ea0                xQueueGiveFromISR
 .text.xQueueReceive
                0x00001f00      0x134 _build/nrf52840_xxaa/queue.c.o
                0x00001f00                xQueueReceive
 .text.xQueueSemaphoreTake
                0x00002034      0x168 _build/nrf52840_xxaa/queue.c.o
                0x00002034                xQueueSemaphoreTake
 .text.vQueueAddToRegistry
                0x0000219c       0x20 _build/nrf52840_xxaa/queue.c.o
                0x0000219c                vQueueAddToRegistry
 .text.vQueueWaitForMessageRestricted
                0x000021bc       0x50 _build/nrf52840_xxaa/queue.c.o
                0x000021bc                vQueueWaitForMessageRestricted
 .text.prvAddCurrentTaskToDelayedList
                0x0000220c       0x8c _build/nrf52840_xxaa/tasks.c.o
 .text.xTaskCreate
                0x00002298      0x1d8 _build/nrf52840_xxaa/tasks.c.o
                0x00002298                xTaskCreate
 .text.vTaskResume
                0x00002470       0x98 _build/nrf52840_xxaa/tasks.c.o
                0x00002470                vTaskResume
 .text.vTaskStartScheduler
                0x00002508       0x60 _build/nrf52840_xxaa/tasks.c.o
                0x00002508                vTaskStartScheduler
 .text.vTaskSuspendAll
                0x00002568       0x10 _build/nrf52840_xxaa/tasks.c.o
                0x00002568                vTaskSuspendAll
 .text.xTaskGetTickCount
                0x00002578        0xc _build/nrf52840_xxaa/tasks.c.o
                0x00002578                xTaskGetTickCount
 .text.vTaskStepTick
                0x00002584       0x10 _build/nrf52840_xxaa/tasks.c.o
                0x00002584                vTaskStepTick
 .text.xTaskIncrementTick
                0x00002594      0x154 _build/nrf52840_xxaa/tasks.c.o
                0x00002594                xTaskIncrementTick
 .text.xTaskResumeAll
                0x000026e8      0x118 _build/nrf52840_xxaa/tasks.c.o
                0x000026e8                xTaskResumeAll
 .text.vTaskDelay
                0x00002800       0x38 _build/nrf52840_xxaa/tasks.c.o
                0x00002800                vTaskDelay
 .text.prvIdleTask
                0x00002838      0x12c _build/nrf52840_xxaa/tasks.c.o
 .text.vTaskSwitchContext
                0x00002964       0x6c _build/nrf52840_xxaa/tasks.c.o
                0x00002964                vTaskSwitchContext
 .text.vTaskSuspend
                0x000029d0       0xec _build/nrf52840_xxaa/tasks.c.o
                0x000029d0                vTaskSuspend
 .text.vTaskPlaceOnEventList
                0x00002abc       0x20 _build/nrf52840_xxaa/tasks.c.o
                0x00002abc                vTaskPlaceOnEventList
 .text.vTaskPlaceOnEventListRestricted
                0x00002adc       0x2c _build/nrf52840_xxaa/tasks.c.o
                0x00002adc                vTaskPlaceOnEventListRestricted
 .text.xTaskRemoveFromEventList
                0x00002b08       0xa4 _build/nrf52840_xxaa/tasks.c.o
                0x00002b08                xTaskRemoveFromEventList
 .text.vTaskInternalSetTimeOutState
                0x00002bac       0x18 _build/nrf52840_xxaa/tasks.c.o
                0x00002bac                vTaskInternalSetTimeOutState
 .text.xTaskCheckForTimeOut
                0x00002bc4       0x68 _build/nrf52840_xxaa/tasks.c.o
                0x00002bc4                xTaskCheckForTimeOut
 .text.vTaskMissedYield
                0x00002c2c        0xc _build/nrf52840_xxaa/tasks.c.o
                0x00002c2c                vTaskMissedYield
 .text.eTaskConfirmSleepModeStatus
                0x00002c38       0x38 _build/nrf52840_xxaa/tasks.c.o
                0x00002c38                eTaskConfirmSleepModeStatus
 .text.xTaskGetSchedulerState
                0x00002c70       0x20 _build/nrf52840_xxaa/tasks.c.o
                0x00002c70                xTaskGetSchedulerState
 .text.xTaskPriorityInherit
                0x00002c90       0xb0 _build/nrf52840_xxaa/tasks.c.o
                0x00002c90                xTaskPriorityInherit
 .text.xTaskPriorityDisinherit
                0x00002d40       0x88 _build/nrf52840_xxaa/tasks.c.o
                0x00002d40                xTaskPriorityDisinherit
 .text.vTaskPriorityDisinheritAfterTimeout
                0x00002dc8       0x9c _build/nrf52840_xxaa/tasks.c.o
                0x00002dc8                vTaskPriorityDisinheritAfterTimeout
 .text.pvTaskIncrementMutexHeldCount
                0x00002e64       0x18 _build/nrf52840_xxaa/tasks.c.o
                0x00002e64                pvTaskIncrementMutexHeldCount
 .text.prvCheckForValidListAndQueue
                0x00002e7c       0x5c _build/nrf52840_xxaa/timers.c.o
 .text.xTimerCreateTimerTask
                0x00002ed8       0x3c _build/nrf52840_xxaa/timers.c.o
                0x00002ed8                xTimerCreateTimerTask
 .text.xTimerCreate
                0x00002f14       0x34 _build/nrf52840_xxaa/timers.c.o
                0x00002f14                xTimerCreate
 .text.xTimerGenericCommand
                0x00002f48       0x58 _build/nrf52840_xxaa/timers.c.o
                0x00002f48                xTimerGenericCommand
 .text.prvSwitchTimerLists
                0x00002fa0       0x74 _build/nrf52840_xxaa/timers.c.o
 .text.prvTimerTask
                0x00003014      0x204 _build/nrf52840_xxaa/timers.c.o
 .text.nrf_drv_clock_lfclk_request
                0x00003218       0x5c _build/nrf52840_xxaa/nrf_drv_clock.c.o
                0x00003218                nrf_drv_clock_lfclk_request
 .text.nrfx_clock_lfclk_start
                0x00003274       0x24 _build/nrf52840_xxaa/nrfx_clock.c.o
                0x00003274                nrfx_clock_lfclk_start
 .text.POWER_CLOCK_IRQHandler
                0x00003298       0x70 _build/nrf52840_xxaa/nrfx_clock.c.o
                0x00003298                POWER_CLOCK_IRQHandler
 .text.nrfx_ppi_channel_alloc
                0x00003308       0x68 _build/nrf52840_xxaa/nrfx_ppi.c.o
                0x00003308                nrfx_ppi_channel_alloc
 .text.nrfx_ppi_channel_free
                0x00003370       0x38 _build/nrf52840_xxaa/nrfx_ppi.c.o
                0x00003370                nrfx_ppi_channel_free
 .text.nrfx_ppi_channel_assign
                0x000033a8       0x4c _build/nrf52840_xxaa/nrfx_ppi.c.o
                0x000033a8                nrfx_ppi_channel_assign
 .text.nrfx_ppi_channel_fork_assign
                0x000033f4       0x28 _build/nrf52840_xxaa/nrfx_ppi.c.o
                0x000033f4                nrfx_ppi_channel_fork_assign
 .text.nrfx_ppi_channel_enable
                0x0000341c       0x28 _build/nrf52840_xxaa/nrfx_ppi.c.o
                0x0000341c                nrfx_ppi_channel_enable
 .text.nrfx_ppi_channel_disable
                0x00003444       0x28 _build/nrf52840_xxaa/nrfx_ppi.c.o
                0x00003444                nrfx_ppi_channel_disable
 .text.nrfx_ppi_group_alloc
                0x0000346c       0x64 _build/nrf52840_xxaa/nrfx_ppi.c.o
                0x0000346c                nrfx_ppi_group_alloc
 .text.nrfx_ppi_group_free
                0x000034d0       0x48 _build/nrf52840_xxaa/nrfx_ppi.c.o
                0x000034d0                nrfx_ppi_group_free
 .text.nrfx_ppi_group_enable
                0x00003518       0x30 _build/nrf52840_xxaa/nrfx_ppi.c.o
                0x00003518                nrfx_ppi_group_enable
 .text.nrfx_ppi_channels_include_in_group
                0x00003548       0x48 _build/nrf52840_xxaa/nrfx_ppi.c.o
                0x00003548                nrfx_ppi_channels_include_in_group
 .text.irq_handler
                0x00003590       0xb0 _build/nrf52840_xxaa/nrfx_rtc.c.o
 .text.nrfx_rtc_init
                0x00003640       0x90 _build/nrf52840_xxaa/nrfx_rtc.c.o
                0x00003640                nrfx_rtc_init
 .text.nrfx_rtc_uninit
                0x000036d0       0x58 _build/nrf52840_xxaa/nrfx_rtc.c.o
                0x000036d0                nrfx_rtc_uninit
 .text.nrfx_rtc_enable
                0x00003728       0x18 _build/nrf52840_xxaa/nrfx_rtc.c.o
                0x00003728                nrfx_rtc_enable
 .text.nrfx_rtc_disable
                0x00003740       0x18 _build/nrf52840_xxaa/nrfx_rtc.c.o
                0x00003740                nrfx_rtc_disable
 .text.nrfx_rtc_cc_set
                0x00003758       0xa0 _build/nrf52840_xxaa/nrfx_rtc.c.o
                0x00003758                nrfx_rtc_cc_set
 .text.nrfx_rtc_overflow_enable
                0x000037f8       0x2c _build/nrf52840_xxaa/nrfx_rtc.c.o
                0x000037f8                nrfx_rtc_overflow_enable
 .text.RTC0_IRQHandler
                0x00003824       0x10 _build/nrf52840_xxaa/nrfx_rtc.c.o
                0x00003824                RTC0_IRQHandler
 .text.RTC2_IRQHandler
                0x00003834       0x10 _build/nrf52840_xxaa/nrfx_rtc.c.o
                0x00003834                RTC2_IRQHandler
 .text.SAADC_IRQHandler
                0x00003844      0x1ac _build/nrf52840_xxaa/nrfx_saadc.c.o
                0x00003844                SAADC_IRQHandler
 .text.nrfx_timer_init
                0x000039f0      0x104 _build/nrf52840_xxaa/nrfx_timer.c.o
                0x000039f0                nrfx_timer_init
 .text.nrfx_timer_uninit
                0x00003af4       0x6c _build/nrf52840_xxaa/nrfx_timer.c.o
                0x00003af4                nrfx_timer_uninit
 .text.nrfx_timer_enable
                0x00003b60       0x1c _build/nrf52840_xxaa/nrfx_timer.c.o
                0x00003b60                nrfx_timer_enable
 .text.nrfx_timer_disable
                0x00003b7c       0x1c _build/nrf52840_xxaa/nrfx_timer.c.o
                0x00003b7c                nrfx_timer_disable
 .text.nrfx_timer_clear
                0x00003b98        0x8 _build/nrf52840_xxaa/nrfx_timer.c.o
                0x00003b98                nrfx_timer_clear
 .text.nrfx_timer_compare
                0x00003ba0       0x40 _build/nrf52840_xxaa/nrfx_timer.c.o
                0x00003ba0                nrfx_timer_compare
 .text.TIMER1_IRQHandler
                0x00003be0       0x58 _build/nrf52840_xxaa/nrfx_timer.c.o
                0x00003be0                TIMER1_IRQHandler
 .text.TIMER2_IRQHandler
                0x00003c38       0x58 _build/nrf52840_xxaa/nrfx_timer.c.o
                0x00003c38                TIMER2_IRQHandler
 .text.TIMER3_IRQHandler
                0x00003c90       0x58 _build/nrf52840_xxaa/nrfx_timer.c.o
                0x00003c90                TIMER3_IRQHandler
 .text.TIMER4_IRQHandler
                0x00003ce8       0x58 _build/nrf52840_xxaa/nrfx_timer.c.o
                0x00003ce8                TIMER4_IRQHandler
 .text.WDT_IRQHandler
                0x00003d40       0x2c _build/nrf52840_xxaa/nrfx_wdt.c.o
                0x00003d40                WDT_IRQHandler
 .text.nrfx_wdt_init
                0x00003d6c       0x58 _build/nrf52840_xxaa/nrfx_wdt.c.o
                0x00003d6c                nrfx_wdt_init
 .text.nrfx_wdt_enable
                0x00003dc4       0x1c _build/nrf52840_xxaa/nrfx_wdt.c.o
                0x00003dc4                nrfx_wdt_enable
 .text.nrfx_wdt_channel_alloc
                0x00003de0       0x4c _build/nrf52840_xxaa/nrfx_wdt.c.o
                0x00003de0                nrfx_wdt_channel_alloc
 .text.nrfx_wdt_channel_feed
                0x00003e2c       0x18 _build/nrf52840_xxaa/nrfx_wdt.c.o
                0x00003e2c                nrfx_wdt_channel_feed
 .text.SystemInit
                0x00003e44      0x274 _build/nrf52840_xxaa/system_nrf52840.c.o
                0x00003e44                SystemInit
 .text.LEDTask  0x000040b8       0x98 _build/nrf52840_xxaa/main.c.o
 .text.startup.main
                0x00004150       0xc8 _build/nrf52840_xxaa/main.c.o
                0x00004150                main
 .text.ep_bsp_init
                0x00004218      0x18c ..//libFiles/epBlinkyLibrary.a(ep_bsp.c.o)
                0x00004218                ep_bsp_init
 .text.vApplicationIdleHook
                0x000043a4       0x18 ..//libFiles/epBlinkyLibrary.a(freertos_hooks.c.o)
                0x000043a4                vApplicationIdleHook
 .text.led_timer_callback
                0x000043bc       0x30 ..//libFiles/epBlinkyLibrary.a(led_helper.c.o)
 .text.led_blink
                0x000043ec       0xe4 ..//libFiles/epBlinkyLibrary.a(led_helper.c.o)
 .text.led_task_func
                0x000044d0      0x11c ..//libFiles/epBlinkyLibrary.a(led_helper.c.o)
 .text.led_init
                0x000045ec       0xdc ..//libFiles/epBlinkyLibrary.a(led_helper.c.o)
                0x000045ec                led_init
 .text.led_mode
                0x000046c8       0x58 ..//libFiles/epBlinkyLibrary.a(led_helper.c.o)
                0x000046c8                led_mode
 .text.nrfx_gpiote_init
                0x00004720       0xac ..//libFiles/epBlinkyLibrary.a(nrfx_gpiote.c.o)
                0x00004720                nrfx_gpiote_init
 .text.nrfx_gpiote_out_init
                0x000047cc      0x100 ..//libFiles/epBlinkyLibrary.a(nrfx_gpiote.c.o)
                0x000047cc                nrfx_gpiote_out_init
 .text.nrfx_gpiote_out_uninit
                0x000048cc       0x7c ..//libFiles/epBlinkyLibrary.a(nrfx_gpiote.c.o)
                0x000048cc                nrfx_gpiote_out_uninit
 .text.nrfx_gpiote_out_task_enable
                0x00004948       0x24 ..//libFiles/epBlinkyLibrary.a(nrfx_gpiote.c.o)
                0x00004948                nrfx_gpiote_out_task_enable
 .text.nrfx_gpiote_set_task_addr_get
                0x0000496c       0x1c ..//libFiles/epBlinkyLibrary.a(nrfx_gpiote.c.o)
                0x0000496c                nrfx_gpiote_set_task_addr_get
 .text.nrfx_gpiote_clr_task_addr_get
                0x00004988       0x1c ..//libFiles/epBlinkyLibrary.a(nrfx_gpiote.c.o)
                0x00004988                nrfx_gpiote_clr_task_addr_get
 .text.GPIOTE_IRQHandler
                0x000049a4      0x1bc ..//libFiles/epBlinkyLibrary.a(nrfx_gpiote.c.o)
                0x000049a4                GPIOTE_IRQHandler
 .text.debug_uart_event_handler
                0x00004b60       0xbc ..//libFiles/epBlinkyLibrary.a(uart_helper.c.o)
                0x00004b60                debug_uart_event_handler
 .text.debugUartTxTask
                0x00004c1c       0x2c ..//libFiles/epBlinkyLibrary.a(uart_helper.c.o)
                0x00004c1c                debugUartTxTask
 .text.init_uart_helper.part.0
                0x00004c48       0xf0 ..//libFiles/epBlinkyLibrary.a(uart_helper.c.o)
 .text.tx_enqueue
                0x00004d38      0x188 ..//libFiles/epBlinkyLibrary.a(uart_helper.c.o)
                0x00004d38                tx_enqueue
 .text.init_uart
                0x00004ec0       0xac ..//libFiles/epBlinkyLibrary.a(uart_helper.c.o)
                0x00004ec0                init_uart
 .text.uninit_uart
                0x00004f6c       0xc0 ..//libFiles/epBlinkyLibrary.a(uart_helper.c.o)
                0x00004f6c                uninit_uart
 .text.rtc_event_handler
                0x0000502c       0x30 ..//libFiles/epBlinkyLibrary.a(time_helper.c.o)
 .text.set_time
                0x0000505c      0x168 ..//libFiles/epBlinkyLibrary.a(time_helper.c.o)
                0x0000505c                set_time
 .text.exit     0x000051c4       0x24 c:/program files (x86)/arm gnu toolchain arm-none-eabi/11.3 rel1/bin/../lib/gcc/arm-none-eabi/11.3.1/thumb/v7e-m+fp/hard\libc_nano.a(libc_a-exit.o)
                0x000051c4                exit
 .text.__cvt    0x000051e8       0xc4 c:/program files (x86)/arm gnu toolchain arm-none-eabi/11.3 rel1/bin/../lib/gcc/arm-none-eabi/11.3.1/thumb/v7e-m+fp/hard\libc_nano.a(libc_a-nano-vfprintf_float.o)
                0x000051e8                __cvt
 .text.__exponent
                0x000052ac       0x7c c:/program files (x86)/arm gnu toolchain arm-none-eabi/11.3 rel1/bin/../lib/gcc/arm-none-eabi/11.3.1/thumb/v7e-m+fp/hard\libc_nano.a(libc_a-nano-vfprintf_float.o)
                0x000052ac                __exponent
 .text._printf_float
                0x00005328      0x46c c:/program files (x86)/arm gnu toolchain arm-none-eabi/11.3 rel1/bin/../lib/gcc/arm-none-eabi/11.3.1/thumb/v7e-m+fp/hard\libc_nano.a(libc_a-nano-vfprintf_float.o)
                0x00005328                _printf_float
 .text._printf_common
                0x00005794       0xda c:/program files (x86)/arm gnu toolchain arm-none-eabi/11.3 rel1/bin/../lib/gcc/arm-none-eabi/11.3.1/thumb/v7e-m+fp/hard\libc_nano.a(libc_a-nano-vfprintf_i.o)
                0x00005794                _printf_common
 *fill*         0x0000586e        0x2 
 .text._printf_i
                0x00005870      0x244 c:/program files (x86)/arm gnu toolchain arm-none-eabi/11.3 rel1/bin/../lib/gcc/arm-none-eabi/11.3.1/thumb/v7e-m+fp/hard\libc_nano.a(libc_a-nano-vfprintf_i.o)
                0x00005870                _printf_i
 .text.std      0x00005ab4       0x48 c:/program files (x86)/arm gnu toolchain arm-none-eabi/11.3 rel1/bin/../lib/gcc/arm-none-eabi/11.3.1/thumb/v7e-m+fp/hard\libc_nano.a(libc_a-findfp.o)
 .text.stdio_exit_handler
                0x00005afc       0x18 c:/program files (x86)/arm gnu toolchain arm-none-eabi/11.3 rel1/bin/../lib/gcc/arm-none-eabi/11.3.1/thumb/v7e-m+fp/hard\libc_nano.a(libc_a-findfp.o)
 .text.cleanup_stdio
                0x00005b14       0x40 c:/program files (x86)/arm gnu toolchain arm-none-eabi/11.3 rel1/bin/../lib/gcc/arm-none-eabi/11.3.1/thumb/v7e-m+fp/hard\libc_nano.a(libc_a-findfp.o)
 .text.global_stdio_init.part.0
                0x00005b54       0x3c c:/program files (x86)/arm gnu toolchain arm-none-eabi/11.3 rel1/bin/../lib/gcc/arm-none-eabi/11.3.1/thumb/v7e-m+fp/hard\libc_nano.a(libc_a-findfp.o)
 .text.__sfp_lock_acquire
                0x00005b90        0xc c:/program files (x86)/arm gnu toolchain arm-none-eabi/11.3 rel1/bin/../lib/gcc/arm-none-eabi/11.3.1/thumb/v7e-m+fp/hard\libc_nano.a(libc_a-findfp.o)
                0x00005b90                __sfp_lock_acquire
 .text.__sfp_lock_release
                0x00005b9c        0xc c:/program files (x86)/arm gnu toolchain arm-none-eabi/11.3 rel1/bin/../lib/gcc/arm-none-eabi/11.3.1/thumb/v7e-m+fp/hard\libc_nano.a(libc_a-findfp.o)
                0x00005b9c                __sfp_lock_release
 .text.__sinit  0x00005ba8       0x30 c:/program files (x86)/arm gnu toolchain arm-none-eabi/11.3 rel1/bin/../lib/gcc/arm-none-eabi/11.3.1/thumb/v7e-m+fp/hard\libc_nano.a(libc_a-findfp.o)
                0x00005ba8                __sinit
 .text.fprintf  0x00005bd8       0x24 c:/program files (x86)/arm gnu toolchain arm-none-eabi/11.3 rel1/bin/../lib/gcc/arm-none-eabi/11.3.1/thumb/v7e-m+fp/hard\libc_nano.a(libc_a-fprintf.o)
                0x00005bd8                fiprintf
                0x00005bd8                fprintf
 .text._fwalk_sglue
                0x00005bfc       0x3c c:/program files (x86)/arm gnu toolchain arm-none-eabi/11.3 rel1/bin/../lib/gcc/arm-none-eabi/11.3.1/thumb/v7e-m+fp/hard\libc_nano.a(libc_a-fwalk.o)
                0x00005bfc                _fwalk_sglue
 .text.sprintf  0x00005c38       0x40 c:/program files (x86)/arm gnu toolchain arm-none-eabi/11.3 rel1/bin/../lib/gcc/arm-none-eabi/11.3.1/thumb/v7e-m+fp/hard\libc_nano.a(libc_a-sprintf.o)
                0x00005c38                siprintf
                0x00005c38                sprintf
 .text.__sread  0x00005c78       0x22 c:/program files (x86)/arm gnu toolchain arm-none-eabi/11.3 rel1/bin/../lib/gcc/arm-none-eabi/11.3.1/thumb/v7e-m+fp/hard\libc_nano.a(libc_a-stdio.o)
                0x00005c78                __sread
 .text.__swrite
                0x00005c9a       0x38 c:/program files (x86)/arm gnu toolchain arm-none-eabi/11.3 rel1/bin/../lib/gcc/arm-none-eabi/11.3.1/thumb/v7e-m+fp/hard\libc_nano.a(libc_a-stdio.o)
                0x00005c9a                __swrite
 .text.__sseek  0x00005cd2       0x24 c:/program files (x86)/arm gnu toolchain arm-none-eabi/11.3 rel1/bin/../lib/gcc/arm-none-eabi/11.3.1/thumb/v7e-m+fp/hard\libc_nano.a(libc_a-stdio.o)
                0x00005cd2                __sseek
 .text.__sclose
                0x00005cf6        0x8 c:/program files (x86)/arm gnu toolchain arm-none-eabi/11.3 rel1/bin/../lib/gcc/arm-none-eabi/11.3.1/thumb/v7e-m+fp/hard\libc_nano.a(libc_a-stdio.o)
                0x00005cf6                __sclose
 *fill*         0x00005cfe        0x2 
 .text._vsprintf_r
                0x00005d00       0x2c c:/program files (x86)/arm gnu toolchain arm-none-eabi/11.3 rel1/bin/../lib/gcc/arm-none-eabi/11.3.1/thumb/v7e-m+fp/hard\libc_nano.a(libc_a-vsprintf.o)
                0x00005d00                _vsprintf_r
                0x00005d00                _vsiprintf_r
 .text.vsprintf
                0x00005d2c       0x14 c:/program files (x86)/arm gnu toolchain arm-none-eabi/11.3 rel1/bin/../lib/gcc/arm-none-eabi/11.3.1/thumb/v7e-m+fp/hard\libc_nano.a(libc_a-vsprintf.o)
                0x00005d2c                vsiprintf
                0x00005d2c                vsprintf
 .text.memset   0x00005d40       0x10 c:/program files (x86)/arm gnu toolchain arm-none-eabi/11.3 rel1/bin/../lib/gcc/arm-none-eabi/11.3.1/thumb/v7e-m+fp/hard\libc_nano.a(libc_a-memset.o)
                0x00005d40                memset
 .text._localeconv_r
                0x00005d50        0x8 c:/program files (x86)/arm gnu toolchain arm-none-eabi/11.3 rel1/bin/../lib/gcc/arm-none-eabi/11.3.1/thumb/v7e-m+fp/hard\libc_nano.a(libc_a-localeconv.o)
                0x00005d50                _localeconv_r
 .text._close_r
                0x00005d58       0x20 c:/program files (x86)/arm gnu toolchain arm-none-eabi/11.3 rel1/bin/../lib/gcc/arm-none-eabi/11.3.1/thumb/v7e-m+fp/hard\libc_nano.a(libc_a-closer.o)
                0x00005d58                _close_r
 .text._lseek_r
                0x00005d78       0x24 c:/program files (x86)/arm gnu toolchain arm-none-eabi/11.3 rel1/bin/../lib/gcc/arm-none-eabi/11.3.1/thumb/v7e-m+fp/hard\libc_nano.a(libc_a-lseekr.o)
                0x00005d78                _lseek_r
 .text._read_r  0x00005d9c       0x24 c:/program files (x86)/arm gnu toolchain arm-none-eabi/11.3 rel1/bin/../lib/gcc/arm-none-eabi/11.3.1/thumb/v7e-m+fp/hard\libc_nano.a(libc_a-readr.o)
                0x00005d9c                _read_r
 .text._write_r
                0x00005dc0       0x24 c:/program files (x86)/arm gnu toolchain arm-none-eabi/11.3 rel1/bin/../lib/gcc/arm-none-eabi/11.3.1/thumb/v7e-m+fp/hard\libc_nano.a(libc_a-writer.o)
                0x00005dc0                _write_r
 .text.__libc_init_array
                0x00005de4       0x48 c:/program files (x86)/arm gnu toolchain arm-none-eabi/11.3 rel1/bin/../lib/gcc/arm-none-eabi/11.3.1/thumb/v7e-m+fp/hard\libc_nano.a(libc_a-init.o)
                0x00005de4                __libc_init_array
 .text.__retarget_lock_acquire_recursive
                0x00005e2c        0x2 c:/program files (x86)/arm gnu toolchain arm-none-eabi/11.3 rel1/bin/../lib/gcc/arm-none-eabi/11.3.1/thumb/v7e-m+fp/hard\libc_nano.a(libc_a-lock.o)
                0x00005e2c                __retarget_lock_acquire_recursive
 .text.__retarget_lock_release_recursive
                0x00005e2e        0x2 c:/program files (x86)/arm gnu toolchain arm-none-eabi/11.3 rel1/bin/../lib/gcc/arm-none-eabi/11.3.1/thumb/v7e-m+fp/hard\libc_nano.a(libc_a-lock.o)
                0x00005e2e                __retarget_lock_release_recursive
 .text          0x00005e30       0xa0 c:/program files (x86)/arm gnu toolchain arm-none-eabi/11.3 rel1/bin/../lib/gcc/arm-none-eabi/11.3.1/thumb/v7e-m+fp/hard\libc_nano.a(libc_a-memchr.o)
                0x00005e30                memchr
 .text.memcpy   0x00005ed0       0x1c c:/program files (x86)/arm gnu toolchain arm-none-eabi/11.3 rel1/bin/../lib/gcc/arm-none-eabi/11.3.1/thumb/v7e-m+fp/hard\libc_nano.a(libc_a-memcpy-stub.o)
                0x00005ed0                memcpy
 .text          0x00005eec       0x10 c:/program files (x86)/arm gnu toolchain arm-none-eabi/11.3 rel1/bin/../lib/gcc/arm-none-eabi/11.3.1/thumb/v7e-m+fp/hard\libc_nano.a(libc_a-strlen.o)
                0x00005eec                strlen
 .text.quorem   0x00005efc      0x110 c:/program files (x86)/arm gnu toolchain arm-none-eabi/11.3 rel1/bin/../lib/gcc/arm-none-eabi/11.3.1/thumb/v7e-m+fp/hard\libc_nano.a(libc_a-dtoa.o)
 *fill*         0x0000600c        0x4 
 .text._dtoa_r  0x00006010      0xbe4 c:/program files (x86)/arm gnu toolchain arm-none-eabi/11.3 rel1/bin/../lib/gcc/arm-none-eabi/11.3.1/thumb/v7e-m+fp/hard\libc_nano.a(libc_a-dtoa.o)
                0x00006010                _dtoa_r
 .text._free_r  0x00006bf4       0x98 c:/program files (x86)/arm gnu toolchain arm-none-eabi/11.3 rel1/bin/../lib/gcc/arm-none-eabi/11.3.1/thumb/v7e-m+fp/hard\libc_nano.a(libc_a-freer.o)
                0x00006bf4                _free_r
 .text.malloc   0x00006c8c       0x10 c:/program files (x86)/arm gnu toolchain arm-none-eabi/11.3 rel1/bin/../lib/gcc/arm-none-eabi/11.3.1/thumb/v7e-m+fp/hard\libc_nano.a(libc_a-malloc.o)
                0x00006c8c                malloc
 .text.sbrk_aligned
                0x00006c9c       0x40 c:/program files (x86)/arm gnu toolchain arm-none-eabi/11.3 rel1/bin/../lib/gcc/arm-none-eabi/11.3.1/thumb/v7e-m+fp/hard\libc_nano.a(libc_a-mallocr.o)
 .text._malloc_r
                0x00006cdc       0xec c:/program files (x86)/arm gnu toolchain arm-none-eabi/11.3 rel1/bin/../lib/gcc/arm-none-eabi/11.3.1/thumb/v7e-m+fp/hard\libc_nano.a(libc_a-mallocr.o)
                0x00006cdc                _malloc_r
 .text.__malloc_lock
                0x00006dc8        0xc c:/program files (x86)/arm gnu toolchain arm-none-eabi/11.3 rel1/bin/../lib/gcc/arm-none-eabi/11.3.1/thumb/v7e-m+fp/hard\libc_nano.a(libc_a-mlock.o)
                0x00006dc8                __malloc_lock
 .text.__malloc_unlock
                0x00006dd4        0xc c:/program files (x86)/arm gnu toolchain arm-none-eabi/11.3 rel1/bin/../lib/gcc/arm-none-eabi/11.3.1/thumb/v7e-m+fp/hard\libc_nano.a(libc_a-mlock.o)
                0x00006dd4                __malloc_unlock
 .text._Balloc  0x00006de0       0x80 c:/program files (x86)/arm gnu toolchain arm-none-eabi/11.3 rel1/bin/../lib/gcc/arm-none-eabi/11.3.1/thumb/v7e-m+fp/hard\libc_nano.a(libc_a-mprec.o)
                0x00006de0                _Balloc
 .text._Bfree   0x00006e60       0x44 c:/program files (x86)/arm gnu toolchain arm-none-eabi/11.3 rel1/bin/../lib/gcc/arm-none-eabi/11.3.1/thumb/v7e-m+fp/hard\libc_nano.a(libc_a-mprec.o)
                0x00006e60                _Bfree
 .text.__multadd
                0x00006ea4       0x8c c:/program files (x86)/arm gnu toolchain arm-none-eabi/11.3 rel1/bin/../lib/gcc/arm-none-eabi/11.3.1/thumb/v7e-m+fp/hard\libc_nano.a(libc_a-mprec.o)
                0x00006ea4                __multadd
 .text.__hi0bits
                0x00006f30       0x40 c:/program files (x86)/arm gnu toolchain arm-none-eabi/11.3 rel1/bin/../lib/gcc/arm-none-eabi/11.3.1/thumb/v7e-m+fp/hard\libc_nano.a(libc_a-mprec.o)
                0x00006f30                __hi0bits
 .text.__lo0bits
                0x00006f70       0x5a c:/program files (x86)/arm gnu toolchain arm-none-eabi/11.3 rel1/bin/../lib/gcc/arm-none-eabi/11.3.1/thumb/v7e-m+fp/hard\libc_nano.a(libc_a-mprec.o)
                0x00006f70                __lo0bits
 *fill*         0x00006fca        0x2 
 .text.__i2b    0x00006fcc       0x2c c:/program files (x86)/arm gnu toolchain arm-none-eabi/11.3 rel1/bin/../lib/gcc/arm-none-eabi/11.3.1/thumb/v7e-m+fp/hard\libc_nano.a(libc_a-mprec.o)
                0x00006fcc                __i2b
 .text.__multiply
                0x00006ff8      0x154 c:/program files (x86)/arm gnu toolchain arm-none-eabi/11.3 rel1/bin/../lib/gcc/arm-none-eabi/11.3.1/thumb/v7e-m+fp/hard\libc_nano.a(libc_a-mprec.o)
                0x00006ff8                __multiply
 .text.__pow5mult
                0x0000714c       0xb4 c:/program files (x86)/arm gnu toolchain arm-none-eabi/11.3 rel1/bin/../lib/gcc/arm-none-eabi/11.3.1/thumb/v7e-m+fp/hard\libc_nano.a(libc_a-mprec.o)
                0x0000714c                __pow5mult
 .text.__lshift
                0x00007200       0xd8 c:/program files (x86)/arm gnu toolchain arm-none-eabi/11.3 rel1/bin/../lib/gcc/arm-none-eabi/11.3.1/thumb/v7e-m+fp/hard\libc_nano.a(libc_a-mprec.o)
                0x00007200                __lshift
 .text.__mcmp   0x000072d8       0x38 c:/program files (x86)/arm gnu toolchain arm-none-eabi/11.3 rel1/bin/../lib/gcc/arm-none-eabi/11.3.1/thumb/v7e-m+fp/hard\libc_nano.a(libc_a-mprec.o)
                0x000072d8                __mcmp
 .text.__mdiff  0x00007310      0x114 c:/program files (x86)/arm gnu toolchain arm-none-eabi/11.3 rel1/bin/../lib/gcc/arm-none-eabi/11.3.1/thumb/v7e-m+fp/hard\libc_nano.a(libc_a-mprec.o)
                0x00007310                __mdiff
 .text.__d2b    0x00007424       0xb4 c:/program files (x86)/arm gnu toolchain arm-none-eabi/11.3 rel1/bin/../lib/gcc/arm-none-eabi/11.3.1/thumb/v7e-m+fp/hard\libc_nano.a(libc_a-mprec.o)
                0x00007424                __d2b
 .text.__ssputs_r
                0x000074d8       0xb4 c:/program files (x86)/arm gnu toolchain arm-none-eabi/11.3 rel1/bin/../lib/gcc/arm-none-eabi/11.3.1/thumb/v7e-m+fp/hard\libc_nano.a(libc_a-nano-svfprintf.o)
                0x000074d8                __ssputs_r
 .text._svfprintf_r
                0x0000758c      0x1fc c:/program files (x86)/arm gnu toolchain arm-none-eabi/11.3 rel1/bin/../lib/gcc/arm-none-eabi/11.3.1/thumb/v7e-m+fp/hard\libc_nano.a(libc_a-nano-svfprintf.o)
                0x0000758c                _svfiprintf_r
                0x0000758c                _svfprintf_r
 .text.__sfputc_r
                0x00007788       0x2e c:/program files (x86)/arm gnu toolchain arm-none-eabi/11.3 rel1/bin/../lib/gcc/arm-none-eabi/11.3.1/thumb/v7e-m+fp/hard\libc_nano.a(libc_a-nano-vfprintf.o)
 .text.__sfputs_r
                0x000077b6       0x24 c:/program files (x86)/arm gnu toolchain arm-none-eabi/11.3 rel1/bin/../lib/gcc/arm-none-eabi/11.3.1/thumb/v7e-m+fp/hard\libc_nano.a(libc_a-nano-vfprintf.o)
                0x000077b6                __sfputs_r
 *fill*         0x000077da        0x2 
 .text._vfprintf_r
                0x000077dc      0x234 c:/program files (x86)/arm gnu toolchain arm-none-eabi/11.3 rel1/bin/../lib/gcc/arm-none-eabi/11.3.1/thumb/v7e-m+fp/hard\libc_nano.a(libc_a-nano-vfprintf.o)
                0x000077dc                _vfprintf_r
                0x000077dc                _vfiprintf_r
 .text.__sflush_r
                0x00007a10      0x10c c:/program files (x86)/arm gnu toolchain arm-none-eabi/11.3 rel1/bin/../lib/gcc/arm-none-eabi/11.3.1/thumb/v7e-m+fp/hard\libc_nano.a(libc_a-fflush.o)
                0x00007a10                __sflush_r
 .text._fflush_r
                0x00007b1c       0x50 c:/program files (x86)/arm gnu toolchain arm-none-eabi/11.3 rel1/bin/../lib/gcc/arm-none-eabi/11.3.1/thumb/v7e-m+fp/hard\libc_nano.a(libc_a-fflush.o)
                0x00007b1c                _fflush_r
 .text.__swbuf_r
                0x00007b6c       0x7a c:/program files (x86)/arm gnu toolchain arm-none-eabi/11.3 rel1/bin/../lib/gcc/arm-none-eabi/11.3.1/thumb/v7e-m+fp/hard\libc_nano.a(libc_a-wbuf.o)
                0x00007b6c                __swbuf_r
 *fill*         0x00007be6        0x2 
 .text.__swsetup_r
                0x00007be8       0xb0 c:/program files (x86)/arm gnu toolchain arm-none-eabi/11.3 rel1/bin/../lib/gcc/arm-none-eabi/11.3.1/thumb/v7e-m+fp/hard\libc_nano.a(libc_a-wsetup.o)
                0x00007be8                __swsetup_r
 .text.memmove  0x00007c98       0x34 c:/program files (x86)/arm gnu toolchain arm-none-eabi/11.3 rel1/bin/../lib/gcc/arm-none-eabi/11.3.1/thumb/v7e-m+fp/hard\libc_nano.a(libc_a-memmove.o)
                0x00007c98                memmove
 .text._sbrk_r  0x00007ccc       0x20 c:/program files (x86)/arm gnu toolchain arm-none-eabi/11.3 rel1/bin/../lib/gcc/arm-none-eabi/11.3.1/thumb/v7e-m+fp/hard\libc_nano.a(libc_a-sbrkr.o)
                0x00007ccc                _sbrk_r
 .text.__assert_func
                0x00007cec       0x3c c:/program files (x86)/arm gnu toolchain arm-none-eabi/11.3 rel1/bin/../lib/gcc/arm-none-eabi/11.3.1/thumb/v7e-m+fp/hard\libc_nano.a(libc_a-assert.o)
                0x00007cec                __assert_func
 .text._calloc_r
                0x00007d28       0x2c c:/program files (x86)/arm gnu toolchain arm-none-eabi/11.3 rel1/bin/../lib/gcc/arm-none-eabi/11.3.1/thumb/v7e-m+fp/hard\libc_nano.a(libc_a-callocr.o)
                0x00007d28                _calloc_r
 .text.__ascii_mbtowc
                0x00007d54       0x24 c:/program files (x86)/arm gnu toolchain arm-none-eabi/11.3 rel1/bin/../lib/gcc/arm-none-eabi/11.3.1/thumb/v7e-m+fp/hard\libc_nano.a(libc_a-mbtowc_r.o)
                0x00007d54                __ascii_mbtowc
 .text._realloc_r
                0x00007d78       0x5e c:/program files (x86)/arm gnu toolchain arm-none-eabi/11.3 rel1/bin/../lib/gcc/arm-none-eabi/11.3.1/thumb/v7e-m+fp/hard\libc_nano.a(libc_a-reallocr.o)
                0x00007d78                _realloc_r
 .text.__ascii_wctomb
                0x00007dd6       0x1a c:/program files (x86)/arm gnu toolchain arm-none-eabi/11.3 rel1/bin/../lib/gcc/arm-none-eabi/11.3.1/thumb/v7e-m+fp/hard\libc_nano.a(libc_a-wctomb_r.o)
                0x00007dd6                __ascii_wctomb
 .text.__swhatbuf_r
                0x00007df0       0x4c c:/program files (x86)/arm gnu toolchain arm-none-eabi/11.3 rel1/bin/../lib/gcc/arm-none-eabi/11.3.1/thumb/v7e-m+fp/hard\libc_nano.a(libc_a-makebuf.o)
                0x00007df0                __swhatbuf_r
 .text.__smakebuf_r
                0x00007e3c       0x78 c:/program files (x86)/arm gnu toolchain arm-none-eabi/11.3 rel1/bin/../lib/gcc/arm-none-eabi/11.3.1/thumb/v7e-m+fp/hard\libc_nano.a(libc_a-makebuf.o)
                0x00007e3c                __smakebuf_r
 .text._fstat_r
                0x00007eb4       0x24 c:/program files (x86)/arm gnu toolchain arm-none-eabi/11.3 rel1/bin/../lib/gcc/arm-none-eabi/11.3.1/thumb/v7e-m+fp/hard\libc_nano.a(libc_a-fstatr.o)
                0x00007eb4                _fstat_r
 .text._isatty_r
                0x00007ed8       0x20 c:/program files (x86)/arm gnu toolchain arm-none-eabi/11.3 rel1/bin/../lib/gcc/arm-none-eabi/11.3.1/thumb/v7e-m+fp/hard\libc_nano.a(libc_a-isattyr.o)
                0x00007ed8                _isatty_r
 .text.abort    0x00007ef8        0xe c:/program files (x86)/arm gnu toolchain arm-none-eabi/11.3 rel1/bin/../lib/gcc/arm-none-eabi/11.3.1/thumb/v7e-m+fp/hard\libc_nano.a(libc_a-abort.o)
                0x00007ef8                abort
 .text._malloc_usable_size_r
                0x00007f06       0x10 c:/program files (x86)/arm gnu toolchain arm-none-eabi/11.3 rel1/bin/../lib/gcc/arm-none-eabi/11.3.1/thumb/v7e-m+fp/hard\libc_nano.a(libc_a-msizer.o)
                0x00007f06                _malloc_usable_size_r
 .text._raise_r
                0x00007f16       0x50 c:/program files (x86)/arm gnu toolchain arm-none-eabi/11.3 rel1/bin/../lib/gcc/arm-none-eabi/11.3.1/thumb/v7e-m+fp/hard\libc_nano.a(libc_a-signal.o)
                0x00007f16                _raise_r
 *fill*         0x00007f66        0x2 
 .text.raise    0x00007f68       0x10 c:/program files (x86)/arm gnu toolchain arm-none-eabi/11.3 rel1/bin/../lib/gcc/arm-none-eabi/11.3.1/thumb/v7e-m+fp/hard\libc_nano.a(libc_a-signal.o)
                0x00007f68                raise
 .text._kill_r  0x00007f78       0x24 c:/program files (x86)/arm gnu toolchain arm-none-eabi/11.3 rel1/bin/../lib/gcc/arm-none-eabi/11.3.1/thumb/v7e-m+fp/hard\libc_nano.a(libc_a-signalr.o)
                0x00007f78                _kill_r
 .text._getpid_r
                0x00007f9c        0x4 c:/program files (x86)/arm gnu toolchain arm-none-eabi/11.3 rel1/bin/../lib/gcc/arm-none-eabi/11.3.1/thumb/v7e-m+fp/hard\libc_nano.a(libc_a-signalr.o)
                0x00007f9c                _getpid_r
 .text._close   0x00007fa0       0x10 c:/program files (x86)/arm gnu toolchain arm-none-eabi/11.3 rel1/bin/../lib/gcc/arm-none-eabi/11.3.1/thumb/v7e-m+fp/hard\libnosys.a(close.o)
                0x00007fa0                _close
 .text._fstat   0x00007fb0       0x10 c:/program files (x86)/arm gnu toolchain arm-none-eabi/11.3 rel1/bin/../lib/gcc/arm-none-eabi/11.3.1/thumb/v7e-m+fp/hard\libnosys.a(fstat.o)
                0x00007fb0                _fstat
 .text._getpid  0x00007fc0       0x10 c:/program files (x86)/arm gnu toolchain arm-none-eabi/11.3 rel1/bin/../lib/gcc/arm-none-eabi/11.3.1/thumb/v7e-m+fp/hard\libnosys.a(getpid.o)
                0x00007fc0                _getpid
 .text._isatty  0x00007fd0       0x10 c:/program files (x86)/arm gnu toolchain arm-none-eabi/11.3 rel1/bin/../lib/gcc/arm-none-eabi/11.3.1/thumb/v7e-m+fp/hard\libnosys.a(isatty.o)
                0x00007fd0                _isatty
 .text._kill    0x00007fe0       0x10 c:/program files (x86)/arm gnu toolchain arm-none-eabi/11.3 rel1/bin/../lib/gcc/arm-none-eabi/11.3.1/thumb/v7e-m+fp/hard\libnosys.a(kill.o)
                0x00007fe0                _kill
 .text._lseek   0x00007ff0       0x10 c:/program files (x86)/arm gnu toolchain arm-none-eabi/11.3 rel1/bin/../lib/gcc/arm-none-eabi/11.3.1/thumb/v7e-m+fp/hard\libnosys.a(lseek.o)
                0x00007ff0                _lseek
 .text._sbrk    0x00008000       0x1c c:/program files (x86)/arm gnu toolchain arm-none-eabi/11.3 rel1/bin/../lib/gcc/arm-none-eabi/11.3.1/thumb/v7e-m+fp/hard\libnosys.a(sbrk.o)
                0x00008000                _sbrk
 .text._exit    0x0000801c        0x4 c:/program files (x86)/arm gnu toolchain arm-none-eabi/11.3 rel1/bin/../lib/gcc/arm-none-eabi/11.3.1/thumb/v7e-m+fp/hard\libnosys.a(_exit.o)
                0x0000801c                _exit
 .text          0x00008020      0x378 c:/program files (x86)/arm gnu toolchain arm-none-eabi/11.3 rel1/bin/../lib/gcc/arm-none-eabi/11.3.1/thumb/v7e-m+fp/hard\libgcc.a(_arm_addsubdf3.o)
                0x00008020                __aeabi_drsub
                0x00008028                __aeabi_dsub
                0x00008028                __subdf3
                0x0000802c                __aeabi_dadd
                0x0000802c                __adddf3
                0x000082a4                __floatunsidf
                0x000082a4                __aeabi_ui2d
                0x000082c4                __floatsidf
                0x000082c4                __aeabi_i2d
                0x000082e8                __aeabi_f2d
                0x000082e8                __extendsfdf2
                0x0000832c                __floatundidf
                0x0000832c                __aeabi_ul2d
                0x0000833c                __floatdidf
                0x0000833c                __aeabi_l2d
 .text          0x00008398      0x424 c:/program files (x86)/arm gnu toolchain arm-none-eabi/11.3 rel1/bin/../lib/gcc/arm-none-eabi/11.3.1/thumb/v7e-m+fp/hard\libgcc.a(_arm_muldivdf3.o)
                0x00008398                __aeabi_dmul
                0x00008398                __muldf3
                0x000085ec                __divdf3
                0x000085ec                __aeabi_ddiv
 .text          0x000087bc      0x110 c:/program files (x86)/arm gnu toolchain arm-none-eabi/11.3 rel1/bin/../lib/gcc/arm-none-eabi/11.3.1/thumb/v7e-m+fp/hard\libgcc.a(_arm_cmpdf2.o)
                0x000087bc                __gtdf2
                0x000087bc                __gedf2
                0x000087c4                __ltdf2
                0x000087c4                __ledf2
                0x000087cc                __nedf2
                0x000087cc                __eqdf2
                0x000087cc                __cmpdf2
                0x00008848                __aeabi_cdrcmple
                0x00008858                __aeabi_cdcmpeq
                0x00008858                __aeabi_cdcmple
                0x00008868                __aeabi_dcmpeq
                0x0000887c                __aeabi_dcmplt
                0x00008890                __aeabi_dcmple
                0x000088a4                __aeabi_dcmpge
                0x000088b8                __aeabi_dcmpgt
 .text          0x000088cc       0x2c c:/program files (x86)/arm gnu toolchain arm-none-eabi/11.3 rel1/bin/../lib/gcc/arm-none-eabi/11.3.1/thumb/v7e-m+fp/hard\libgcc.a(_arm_unorddf2.o)
                0x000088cc                __unorddf2
                0x000088cc                __aeabi_dcmpun
 .text          0x000088f8       0x50 c:/program files (x86)/arm gnu toolchain arm-none-eabi/11.3 rel1/bin/../lib/gcc/arm-none-eabi/11.3.1/thumb/v7e-m+fp/hard\libgcc.a(_arm_fixdfsi.o)
                0x000088f8                __aeabi_d2iz
                0x000088f8                __fixdfsi
 .text          0x00008948       0x30 c:/program files (x86)/arm gnu toolchain arm-none-eabi/11.3 rel1/bin/../lib/gcc/arm-none-eabi/11.3.1/thumb/v7e-m+fp/hard\libgcc.a(_aeabi_uldivmod.o)
                0x00008948                __aeabi_uldivmod
 .text.__udivmoddi4
                0x00008978      0x2c8 c:/program files (x86)/arm gnu toolchain arm-none-eabi/11.3 rel1/bin/../lib/gcc/arm-none-eabi/11.3.1/thumb/v7e-m+fp/hard\libgcc.a(_udivmoddi4.o)
                0x00008978                __udivmoddi4
 .text          0x00008c40        0x4 c:/program files (x86)/arm gnu toolchain arm-none-eabi/11.3 rel1/bin/../lib/gcc/arm-none-eabi/11.3.1/thumb/v7e-m+fp/hard\libgcc.a(_dvmd_tls.o)
                0x00008c40                __aeabi_idiv0
                0x00008c40                __aeabi_ldiv0
 *(.init)
 .init          0x00008c44        0x4 c:/program files (x86)/arm gnu toolchain arm-none-eabi/11.3 rel1/bin/../lib/gcc/arm-none-eabi/11.3.1/thumb/v7e-m+fp/hard/crti.o
                0x00008c44                _init
 .init          0x00008c48        0x8 c:/program files (x86)/arm gnu toolchain arm-none-eabi/11.3 rel1/bin/../lib/gcc/arm-none-eabi/11.3.1/thumb/v7e-m+fp/hard/crtn.o
 *(.fini)
 .fini          0x00008c50        0x4 c:/program files (x86)/arm gnu toolchain arm-none-eabi/11.3 rel1/bin/../lib/gcc/arm-none-eabi/11.3.1/thumb/v7e-m+fp/hard/crti.o
                0x00008c50                _fini
 .fini          0x00008c54        0x8 c:/program files (x86)/arm gnu toolchain arm-none-eabi/11.3 rel1/bin/../lib/gcc/arm-none-eabi/11.3.1/thumb/v7e-m+fp/hard/crtn.o
 *crtbegin.o(.ctors)
 *crtbegin?.o(.ctors)
 *(EXCLUDE_FILE(*crtend.o *crtend?.o) .ctors)
 *(SORT_BY_NAME(.ctors.*))
 *(.ctors)
 *crtbegin.o(.dtors)
 *crtbegin?.o(.dtors)
 *(EXCLUDE_FILE(*crtend.o *crtend?.o) .dtors)
 *(SORT_BY_NAME(.dtors.*))
 *(.dtors)
 *(.rodata*)
 .rodata.m_board_led_list
                0x00008c5c        0x3 _build/nrf52840_xxaa/boards.c.o
 *fill*         0x00008c5f        0x1 
 .rodata        0x00008c60        0x6 _build/nrf52840_xxaa/nrf_libuarte_async.c.o
 *fill*         0x00008c66        0x2 
 .rodata        0x00008c68        0x3 _build/nrf52840_xxaa/nrf_libuarte_drv.c.o
 *fill*         0x00008c6b        0x1 
 .rodata.vTaskStartScheduler.str1.4
                0x00008c6c        0x5 _build/nrf52840_xxaa/tasks.c.o
 *fill*         0x00008c71        0x3 
 .rodata.prvCheckForValidListAndQueue.str1.4
                0x00008c74        0x5 _build/nrf52840_xxaa/timers.c.o
 *fill*         0x00008c79        0x3 
 .rodata.xTimerCreateTimerTask.str1.4
                0x00008c7c        0x8 _build/nrf52840_xxaa/timers.c.o
 .rodata.CSWTCH.15
                0x00008c84        0x6 _build/nrf52840_xxaa/system_nrf52840.c.o
 *fill*         0x00008c8a        0x2 
 .rodata.CSWTCH.6
                0x00008c8c        0x6 _build/nrf52840_xxaa/system_nrf52840.c.o
 *fill*         0x00008c92        0x2 
 .rodata.LEDTask.str1.4
                0x00008c94       0x54 _build/nrf52840_xxaa/main.c.o
 .rodata.main.str1.4
                0x00008ce8       0x78 _build/nrf52840_xxaa/main.c.o
 .rodata.__func__.0
                0x00008d60        0x8 _build/nrf52840_xxaa/main.c.o
 .rodata.__func__.1
                0x00008d68       0x16 _build/nrf52840_xxaa/main.c.o
 *fill*         0x00008d7e        0x2 
 .rodata        0x00008d80       0x15 ..//libFiles/epBlinkyLibrary.a(ep_bsp.c.o)
 *fill*         0x00008d95        0x3 
 .rodata.led_blink.str1.4
                0x00008d98       0x27 ..//libFiles/epBlinkyLibrary.a(led_helper.c.o)
 *fill*         0x00008dbf        0x1 
 .rodata.led_task_func.str1.4
                0x00008dc0       0x18 ..//libFiles/epBlinkyLibrary.a(led_helper.c.o)
 .rodata.led_init.str1.4
                0x00008dd8       0x66 ..//libFiles/epBlinkyLibrary.a(led_helper.c.o)
 *fill*         0x00008e3e        0x2 
 .rodata.__func__.0
                0x00008e40        0xa ..//libFiles/epBlinkyLibrary.a(led_helper.c.o)
 *fill*         0x00008e4a        0x2 
 .rodata.__func__.1
                0x00008e4c        0xe ..//libFiles/epBlinkyLibrary.a(led_helper.c.o)
 *fill*         0x00008e5a        0x2 
 .rodata.__func__.2
                0x00008e5c        0x9 ..//libFiles/epBlinkyLibrary.a(led_helper.c.o)
 *fill*         0x00008e65        0x3 
 .rodata.init_uart_helper.part.0.str1.4
                0x00008e68        0x7 ..//libFiles/epBlinkyLibrary.a(uart_helper.c.o)
 *fill*         0x00008e6f        0x1 
 .rodata.tx_enqueue.str1.4
                0x00008e70       0x4b ..//libFiles/epBlinkyLibrary.a(uart_helper.c.o)
                                 0x5f (size before relaxing)
 *fill*         0x00008ebb        0x1 
 .rodata.debug_uart
                0x00008ebc       0x28 ..//libFiles/epBlinkyLibrary.a(uart_helper.c.o)
 .rodata.debug_uart_libuarte
                0x00008ee4       0x10 ..//libFiles/epBlinkyLibrary.a(uart_helper.c.o)
 .rodata.debug_uart_timer
                0x00008ef4        0x8 ..//libFiles/epBlinkyLibrary.a(uart_helper.c.o)
 *fill*         0x00008efc        0x4 
 .rodata.delay_machine_code.0
                0x00008f00        0x6 ..//libFiles/epBlinkyLibrary.a(uart_helper.c.o)
 *fill*         0x00008f06        0x2 
 .rodata.set_time.str1.4
                0x00008f08       0x7c ..//libFiles/epBlinkyLibrary.a(time_helper.c.o)
                                 0x9c (size before relaxing)
 .rodata        0x00008f84        0x6 ..//libFiles/epBlinkyLibrary.a(time_helper.c.o)
 *fill*         0x00008f8a        0x2 
 .rodata.__func__.0
                0x00008f8c        0xb ..//libFiles/epBlinkyLibrary.a(time_helper.c.o)
 *fill*         0x00008f97        0x1 
 .rodata.__func__.1
                0x00008f98        0x9 ..//libFiles/epBlinkyLibrary.a(time_helper.c.o)
 .rodata._printf_float.str1.1
                0x00008fa1       0x12 c:/program files (x86)/arm gnu toolchain arm-none-eabi/11.3 rel1/bin/../lib/gcc/arm-none-eabi/11.3.1/thumb/v7e-m+fp/hard\libc_nano.a(libc_a-nano-vfprintf_float.o)
 .rodata._printf_i.str1.1
                0x00008fb3       0x22 c:/program files (x86)/arm gnu toolchain arm-none-eabi/11.3 rel1/bin/../lib/gcc/arm-none-eabi/11.3.1/thumb/v7e-m+fp/hard\libc_nano.a(libc_a-nano-vfprintf_i.o)
 .rodata._dtoa_r.str1.1
                0x00008fd5       0x8e c:/program files (x86)/arm gnu toolchain arm-none-eabi/11.3 rel1/bin/../lib/gcc/arm-none-eabi/11.3.1/thumb/v7e-m+fp/hard\libc_nano.a(libc_a-dtoa.o)
                                 0x90 (size before relaxing)
 .rodata._Balloc.str1.1
                0x00009063       0x5a c:/program files (x86)/arm gnu toolchain arm-none-eabi/11.3 rel1/bin/../lib/gcc/arm-none-eabi/11.3.1/thumb/v7e-m+fp/hard\libc_nano.a(libc_a-mprec.o)
                                 0x71 (size before relaxing)
 .rodata.__multadd.str1.1
                0x000090bd       0x11 c:/program files (x86)/arm gnu toolchain arm-none-eabi/11.3 rel1/bin/../lib/gcc/arm-none-eabi/11.3.1/thumb/v7e-m+fp/hard\libc_nano.a(libc_a-mprec.o)
 *fill*         0x000090bd        0x3 
 .rodata.__mprec_bigtens
                0x000090c0       0x28 c:/program files (x86)/arm gnu toolchain arm-none-eabi/11.3 rel1/bin/../lib/gcc/arm-none-eabi/11.3.1/thumb/v7e-m+fp/hard\libc_nano.a(libc_a-mprec.o)
                0x000090c0                __mprec_bigtens
 .rodata.__mprec_tens
                0x000090e8       0xc8 c:/program files (x86)/arm gnu toolchain arm-none-eabi/11.3 rel1/bin/../lib/gcc/arm-none-eabi/11.3.1/thumb/v7e-m+fp/hard\libc_nano.a(libc_a-mprec.o)
                0x000090e8                __mprec_tens
 .rodata.p05.0  0x000091b0        0xc c:/program files (x86)/arm gnu toolchain arm-none-eabi/11.3 rel1/bin/../lib/gcc/arm-none-eabi/11.3.1/thumb/v7e-m+fp/hard\libc_nano.a(libc_a-mprec.o)
 .rodata._svfprintf_r.str1.1
                0x000091bc       0x11 c:/program files (x86)/arm gnu toolchain arm-none-eabi/11.3 rel1/bin/../lib/gcc/arm-none-eabi/11.3.1/thumb/v7e-m+fp/hard\libc_nano.a(libc_a-nano-svfprintf.o)
 .rodata._vfprintf_r.str1.1
                0x000091cd       0x11 c:/program files (x86)/arm gnu toolchain arm-none-eabi/11.3 rel1/bin/../lib/gcc/arm-none-eabi/11.3.1/thumb/v7e-m+fp/hard\libc_nano.a(libc_a-nano-vfprintf.o)
 .rodata._setlocale_r.str1.1
                0x000091cd        0x8 c:/program files (x86)/arm gnu toolchain arm-none-eabi/11.3 rel1/bin/../lib/gcc/arm-none-eabi/11.3.1/thumb/v7e-m+fp/hard\libc_nano.a(libc_a-locale.o)
                                  0x9 (size before relaxing)
 .rodata.str1.1
                0x000091d5        0x2 c:/program files (x86)/arm gnu toolchain arm-none-eabi/11.3 rel1/bin/../lib/gcc/arm-none-eabi/11.3.1/thumb/v7e-m+fp/hard\libc_nano.a(libc_a-locale.o)
 .rodata.__assert_func.str1.1
                0x000091d7       0x3c c:/program files (x86)/arm gnu toolchain arm-none-eabi/11.3 rel1/bin/../lib/gcc/arm-none-eabi/11.3.1/thumb/v7e-m+fp/hard\libc_nano.a(libc_a-assert.o)
                                 0x3d (size before relaxing)
 .rodata._ctype_
                0x00009213      0x101 c:/program files (x86)/arm gnu toolchain arm-none-eabi/11.3 rel1/bin/../lib/gcc/arm-none-eabi/11.3.1/thumb/v7e-m+fp/hard\libc_nano.a(libc_a-ctype_.o)
                0x00009213                _ctype_
 *(.eh_frame*)
 .eh_frame      0x00009314        0x0 c:/program files (x86)/arm gnu toolchain arm-none-eabi/11.3 rel1/bin/../lib/gcc/arm-none-eabi/11.3.1/thumb/v7e-m+fp/hard/crtbegin.o
 .eh_frame      0x00009314        0x4 c:/program files (x86)/arm gnu toolchain arm-none-eabi/11.3 rel1/bin/../lib/gcc/arm-none-eabi/11.3.1/thumb/v7e-m+fp/hard/crtend.o

.glue_7         0x00009318        0x0
 .glue_7        0x00009318        0x0 linker stubs

.glue_7t        0x00009318        0x0
 .glue_7t       0x00009318        0x0 linker stubs

.vfp11_veneer   0x00009318        0x0
 .vfp11_veneer  0x00009318        0x0 linker stubs

.v4_bx          0x00009318        0x0
 .v4_bx         0x00009318        0x0 linker stubs

.iplt           0x00009318        0x0
 .iplt          0x00009318        0x0 c:/program files (x86)/arm gnu toolchain arm-none-eabi/11.3 rel1/bin/../lib/gcc/arm-none-eabi/11.3.1/thumb/v7e-m+fp/hard/crtbegin.o

.mem_section_dummy_rom

.sdh_soc_observers
                0x00009318        0x0
                [!provide]                PROVIDE (__start_sdh_soc_observers = .)
 *(SORT_BY_NAME(.sdh_soc_observers*))
                [!provide]                PROVIDE (__stop_sdh_soc_observers = .)

.pwr_mgmt_data  0x00009318        0x0
                [!provide]                PROVIDE (__start_pwr_mgmt_data = .)
 *(SORT_BY_NAME(.pwr_mgmt_data*))
                [!provide]                PROVIDE (__stop_pwr_mgmt_data = .)

.sdh_ble_observers
                0x00009318        0x0
                [!provide]                PROVIDE (__start_sdh_ble_observers = .)
 *(SORT_BY_NAME(.sdh_ble_observers*))
                [!provide]                PROVIDE (__stop_sdh_ble_observers = .)

.log_const_data
                0x00009318        0x0
                [!provide]                PROVIDE (__start_log_const_data = .)
 *(SORT_BY_NAME(.log_const_data*))
                [!provide]                PROVIDE (__stop_log_const_data = .)

.nrf_balloc     0x00009318       0x14
                [!provide]                PROVIDE (__start_nrf_balloc = .)
 *(.nrf_balloc)
 .nrf_balloc    0x00009318       0x14 ..//libFiles/epBlinkyLibrary.a(uart_helper.c.o)
                0x00009318                debug_uart_rx_pool
                [!provide]                PROVIDE (__stop_nrf_balloc = .)

.nrf_queue      0x0000932c       0x14
                [!provide]                PROVIDE (__start_nrf_queue = .)
 *(.nrf_queue)
 .nrf_queue     0x0000932c       0x14 ..//libFiles/epBlinkyLibrary.a(uart_helper.c.o)
                0x0000932c                debug_uart_rxdata_queue
                [!provide]                PROVIDE (__stop_nrf_queue = .)

.sdh_req_observers
                0x00009340        0x0
                [!provide]                PROVIDE (__start_sdh_req_observers = .)
 *(SORT_BY_NAME(.sdh_req_observers*))
                [!provide]                PROVIDE (__stop_sdh_req_observers = .)

.sdh_state_observers
                0x00009340        0x0
                [!provide]                PROVIDE (__start_sdh_state_observers = .)
 *(SORT_BY_NAME(.sdh_state_observers*))
                [!provide]                PROVIDE (__stop_sdh_state_observers = .)

.sdh_stack_observers
                0x00009340        0x0
                [!provide]                PROVIDE (__start_sdh_stack_observers = .)
 *(SORT_BY_NAME(.sdh_stack_observers*))
                [!provide]                PROVIDE (__stop_sdh_stack_observers = .)

.cli_command    0x00009340        0x0
                [!provide]                PROVIDE (__start_cli_command = .)
 *(.cli_command)
                [!provide]                PROVIDE (__stop_cli_command = .)

.crypto_data    0x00009340        0x0
                [!provide]                PROVIDE (__start_crypto_data = .)
 *(SORT_BY_NAME(.crypto_data*))
                [!provide]                PROVIDE (__stop_crypto_data = .)

.log_backends   0x00009340        0x0
                [!provide]                PROVIDE (__start_log_backends = .)
 *(SORT_BY_NAME(.log_backends*))
                [!provide]                PROVIDE (__stop_log_backends = .)

.ARM.extab
 *(.ARM.extab* .gnu.linkonce.armextab.*)
                0x00009340                __exidx_start = .

.ARM.exidx      0x00009340        0x8
 *(.ARM.exidx* .gnu.linkonce.armexidx.*)
 .ARM.exidx     0x00009340        0x8 c:/program files (x86)/arm gnu toolchain arm-none-eabi/11.3 rel1/bin/../lib/gcc/arm-none-eabi/11.3.1/thumb/v7e-m+fp/hard/crt0.o
                                 0x10 (size before relaxing)
 .ARM.exidx.text.__udivmoddi4
                0x00009348        0x0 c:/program files (x86)/arm gnu toolchain arm-none-eabi/11.3 rel1/bin/../lib/gcc/arm-none-eabi/11.3.1/thumb/v7e-m+fp/hard\libgcc.a(_udivmoddi4.o)
                                  0x8 (size before relaxing)
                0x00009348                __exidx_end = .

.rel.dyn        0x00009348        0x0
 .rel.iplt      0x00009348        0x0 c:/program files (x86)/arm gnu toolchain arm-none-eabi/11.3 rel1/bin/../lib/gcc/arm-none-eabi/11.3.1/thumb/v7e-m+fp/hard/crtbegin.o
                0x00009348                . = ALIGN (0x4)
                0x00009348                __etext = .

.data           0x20000000      0x1e4 load address 0x00009348
                0x20000000                __data_start__ = .
 *(vtable)
 *(.data*)
 .data.SystemCoreClock
                0x20000000        0x4 _build/nrf52840_xxaa/system_nrf52840.c.o
                0x20000000                SystemCoreClock
 .data.bTxDone  0x20000004        0x1 ..//libFiles/epBlinkyLibrary.a(uart_helper.c.o)
                0x20000004                bTxDone
 *fill*         0x20000005        0x3 
 .data.uart_helper
                0x20000008        0x4 ..//libFiles/epBlinkyLibrary.a(uart_helper.c.o)
                0x20000008                uart_helper
 .data.rtc      0x2000000c        0x8 ..//libFiles/epBlinkyLibrary.a(time_helper.c.o)
                0x2000000c                rtc
 .data.__sglue  0x20000014        0xc c:/program files (x86)/arm gnu toolchain arm-none-eabi/11.3 rel1/bin/../lib/gcc/arm-none-eabi/11.3.1/thumb/v7e-m+fp/hard\libc_nano.a(libc_a-findfp.o)
                0x20000014                __sglue
 .data._impure_data
                0x20000020       0x4c c:/program files (x86)/arm gnu toolchain arm-none-eabi/11.3 rel1/bin/../lib/gcc/arm-none-eabi/11.3.1/thumb/v7e-m+fp/hard\libc_nano.a(libc_a-impure.o)
                0x20000020                _impure_data
 .data._impure_ptr
                0x2000006c        0x4 c:/program files (x86)/arm gnu toolchain arm-none-eabi/11.3 rel1/bin/../lib/gcc/arm-none-eabi/11.3.1/thumb/v7e-m+fp/hard\libc_nano.a(libc_a-impure.o)
                0x2000006c                _impure_ptr
 .data.__global_locale
                0x20000070      0x16c c:/program files (x86)/arm gnu toolchain arm-none-eabi/11.3 rel1/bin/../lib/gcc/arm-none-eabi/11.3.1/thumb/v7e-m+fp/hard\libc_nano.a(libc_a-locale.o)
                0x20000070                __global_locale
                0x200001dc                . = ALIGN (0x4)
                0x200001dc                PROVIDE (__preinit_array_start = .)
 *(.preinit_array)
                0x200001dc                PROVIDE (__preinit_array_end = .)
                0x200001dc                . = ALIGN (0x4)
                0x200001dc                PROVIDE (__init_array_start = .)
 *(SORT_BY_NAME(.init_array.*))
 *(.init_array)
 .init_array    0x200001dc        0x4 c:/program files (x86)/arm gnu toolchain arm-none-eabi/11.3 rel1/bin/../lib/gcc/arm-none-eabi/11.3.1/thumb/v7e-m+fp/hard/crtbegin.o
                0x200001e0                PROVIDE (__init_array_end = .)
                0x200001e0                . = ALIGN (0x4)
                [!provide]                PROVIDE (__fini_array_start = .)
 *(SORT_BY_NAME(.fini_array.*))
 *(.fini_array)
 .fini_array    0x200001e0        0x4 c:/program files (x86)/arm gnu toolchain arm-none-eabi/11.3 rel1/bin/../lib/gcc/arm-none-eabi/11.3.1/thumb/v7e-m+fp/hard/crtbegin.o
                [!provide]                PROVIDE (__fini_array_end = .)
 *(.jcr*)
                0x200001e4                . = ALIGN (0x4)
                0x200001e4                __data_end__ = .
LOAD c:/program files (x86)/arm gnu toolchain arm-none-eabi/11.3 rel1/bin/../lib/gcc/arm-none-eabi/11.3.1/thumb/v7e-m+fp/hard/crti.o
LOAD c:/program files (x86)/arm gnu toolchain arm-none-eabi/11.3 rel1/bin/../lib/gcc/arm-none-eabi/11.3.1/thumb/v7e-m+fp/hard/crtbegin.o
LOAD c:/program files (x86)/arm gnu toolchain arm-none-eabi/11.3 rel1/bin/../lib/gcc/arm-none-eabi/11.3.1/thumb/v7e-m+fp/hard/crt0.o
LOAD _build/nrf52840_xxaa/gcc_startup_nrf52840.S.o
LOAD _build/nrf52840_xxaa/boards.c.o
LOAD _build/nrf52840_xxaa/nrf_balloc.c.o
LOAD _build/nrf52840_xxaa/bsp.c.o
LOAD _build/nrf52840_xxaa/nrf_section_iter.c.o
LOAD _build/nrf52840_xxaa/app_fifo.c.o
LOAD _build/nrf52840_xxaa/nrf_libuarte_async.c.o
LOAD _build/nrf52840_xxaa/nrf_libuarte_drv.c.o
LOAD _build/nrf52840_xxaa/nrf_log_str_formatter.c.o
LOAD _build/nrf52840_xxaa/nrf_memobj.c.o
LOAD _build/nrf52840_xxaa/nrf_queue.c.o
LOAD _build/nrf52840_xxaa/app_scheduler.c.o
LOAD _build/nrf52840_xxaa/nrf_strerror.c.o
LOAD _build/nrf52840_xxaa/app_timer_freertos.c.o
LOAD _build/nrf52840_xxaa/retarget.c.o
LOAD _build/nrf52840_xxaa/app_error.c.o
LOAD _build/nrf52840_xxaa/app_error_handler_gcc.c.o
LOAD _build/nrf52840_xxaa/app_error_weak.c.o
LOAD _build/nrf52840_xxaa/app_util_platform.c.o
LOAD _build/nrf52840_xxaa/nrf_fprintf.c.o
LOAD _build/nrf52840_xxaa/list.c.o
LOAD _build/nrf52840_xxaa/heap_4.c.o
LOAD _build/nrf52840_xxaa/port_cmsis.c.o
LOAD _build/nrf52840_xxaa/port_cmsis_systick.c.o
LOAD _build/nrf52840_xxaa/port.c.o
LOAD _build/nrf52840_xxaa/queue.c.o
LOAD _build/nrf52840_xxaa/stream_buffer.c.o
LOAD _build/nrf52840_xxaa/tasks.c.o
LOAD _build/nrf52840_xxaa/timers.c.o
LOAD _build/nrf52840_xxaa/nrf_drv_clock.c.o
LOAD _build/nrf52840_xxaa/nrf_drv_uart.c.o
LOAD _build/nrf52840_xxaa/nrfx_clock.c.o
LOAD _build/nrf52840_xxaa/nrfx_gpiote.c.o
LOAD _build/nrf52840_xxaa/nrfx_ppi.c.o
LOAD _build/nrf52840_xxaa/nrfx_rtc.c.o
LOAD _build/nrf52840_xxaa/nrfx_saadc.c.o
LOAD _build/nrf52840_xxaa/nrfx_timer.c.o
LOAD _build/nrf52840_xxaa/nrfx_uart.c.o
LOAD _build/nrf52840_xxaa/nrfx_wdt.c.o
LOAD _build/nrf52840_xxaa/system_nrf52840.c.o
LOAD _build/nrf52840_xxaa/main.c.o
LOAD ..//libFiles/epBlinkyLibrary.a
LOAD c:/program files (x86)/arm gnu toolchain arm-none-eabi/11.3 rel1/bin/../lib/gcc/arm-none-eabi/11.3.1/thumb/v7e-m+fp/hard\libc_nano.a
LOAD c:/program files (x86)/arm gnu toolchain arm-none-eabi/11.3 rel1/bin/../lib/gcc/arm-none-eabi/11.3.1/thumb/v7e-m+fp/hard\libnosys.a
LOAD c:/program files (x86)/arm gnu toolchain arm-none-eabi/11.3 rel1/bin/../lib/gcc/arm-none-eabi/11.3.1/thumb/v7e-m+fp/hard\libm.a
START GROUP
LOAD c:/program files (x86)/arm gnu toolchain arm-none-eabi/11.3 rel1/bin/../lib/gcc/arm-none-eabi/11.3.1/thumb/v7e-m+fp/hard\libgcc.a
LOAD c:/program files (x86)/arm gnu toolchain arm-none-eabi/11.3 rel1/bin/../lib/gcc/arm-none-eabi/11.3.1/thumb/v7e-m+fp/hard\libg_nano.a
LOAD c:/program files (x86)/arm gnu toolchain arm-none-eabi/11.3 rel1/bin/../lib/gcc/arm-none-eabi/11.3.1/thumb/v7e-m+fp/hard\libc_nano.a
END GROUP
START GROUP
LOAD c:/program files (x86)/arm gnu toolchain arm-none-eabi/11.3 rel1/bin/../lib/gcc/arm-none-eabi/11.3.1/thumb/v7e-m+fp/hard\libgcc.a
LOAD c:/program files (x86)/arm gnu toolchain arm-none-eabi/11.3 rel1/bin/../lib/gcc/arm-none-eabi/11.3.1/thumb/v7e-m+fp/hard\libc_nano.a
END GROUP
LOAD c:/program files (x86)/arm gnu toolchain arm-none-eabi/11.3 rel1/bin/../lib/gcc/arm-none-eabi/11.3.1/thumb/v7e-m+fp/hard/crtend.o
LOAD c:/program files (x86)/arm gnu toolchain arm-none-eabi/11.3 rel1/bin/../lib/gcc/arm-none-eabi/11.3.1/thumb/v7e-m+fp/hard/crtn.o
START GROUP
LOAD c:/program files (x86)/arm gnu toolchain arm-none-eabi/11.3 rel1/bin/../lib/gcc/arm-none-eabi/11.3.1/thumb/v7e-m+fp/hard\libgcc.a
LOAD c:/program files (x86)/arm gnu toolchain arm-none-eabi/11.3 rel1/bin/../lib/gcc/arm-none-eabi/11.3.1/thumb/v7e-m+fp/hard\libc.a
LOAD c:/program files (x86)/arm gnu toolchain arm-none-eabi/11.3 rel1/bin/../lib/gcc/arm-none-eabi/11.3.1/thumb/v7e-m+fp/hard\libnosys.a
END GROUP

.tm_clone_table
                0x200001e4        0x0 load address 0x0000952c
 .tm_clone_table
                0x200001e4        0x0 c:/program files (x86)/arm gnu toolchain arm-none-eabi/11.3 rel1/bin/../lib/gcc/arm-none-eabi/11.3.1/thumb/v7e-m+fp/hard/crtbegin.o
 .tm_clone_table
                0x200001e4        0x0 c:/program files (x86)/arm gnu toolchain arm-none-eabi/11.3 rel1/bin/../lib/gcc/arm-none-eabi/11.3.1/thumb/v7e-m+fp/hard/crtend.o

.igot.plt       0x200001e4        0x0 load address 0x0000952c
 .igot.plt      0x200001e4        0x0 c:/program files (x86)/arm gnu toolchain arm-none-eabi/11.3 rel1/bin/../lib/gcc/arm-none-eabi/11.3.1/thumb/v7e-m+fp/hard/crtbegin.o
                0x200001e4                . = ALIGN (0x4)

.mem_section_dummy_ram

.log_dynamic_data
                0x200001e4        0x0
                [!provide]                PROVIDE (__start_log_dynamic_data = .)
 *(SORT_BY_NAME(.log_dynamic_data*))
                [!provide]                PROVIDE (__stop_log_dynamic_data = .)

.log_filter_data
                0x200001e4        0x0
                [!provide]                PROVIDE (__start_log_filter_data = .)
 *(SORT_BY_NAME(.log_filter_data*))
                [!provide]                PROVIDE (__stop_log_filter_data = .)

.cli_sorted_cmd_ptrs
                0x200001e4        0x0
                [!provide]                PROVIDE (__start_cli_sorted_cmd_ptrs = .)
 *(.cli_sorted_cmd_ptrs)
                [!provide]                PROVIDE (__stop_cli_sorted_cmd_ptrs = .)

.fs_data        0x200001e4        0x0
                [!provide]                PROVIDE (__start_fs_data = .)
 *(.fs_data)
                [!provide]                PROVIDE (__stop_fs_data = .)

.bss            0x200001e4     0x9be4 load address 0x0000952c
                0x200001e4                . = ALIGN (0x4)
                0x200001e4                __bss_start__ = .
 *(.bss*)
 .bss.completed.1
                0x200001e4        0x1 c:/program files (x86)/arm gnu toolchain arm-none-eabi/11.3 rel1/bin/../lib/gcc/arm-none-eabi/11.3.1/thumb/v7e-m+fp/hard/crtbegin.o
 *fill*         0x200001e5        0x3 
 .bss.object.0  0x200001e8       0x18 c:/program files (x86)/arm gnu toolchain arm-none-eabi/11.3 rel1/bin/../lib/gcc/arm-none-eabi/11.3.1/thumb/v7e-m+fp/hard/crtbegin.o
 .bss.m_libuarte_instance
                0x20000200        0x8 _build/nrf52840_xxaa/nrf_libuarte_drv.c.o
 .bss.debug_uart
                0x20000208        0x4 _build/nrf52840_xxaa/retarget.c.o
                0x20000208                debug_uart
 .bss.txDone    0x2000020c        0x4 _build/nrf52840_xxaa/retarget.c.o
                0x2000020c                txDone
 .bss.txLockSemaphore
                0x20000210        0x4 _build/nrf52840_xxaa/retarget.c.o
                0x20000210                txLockSemaphore
 .bss.txSemaphore
                0x20000214        0x4 _build/nrf52840_xxaa/retarget.c.o
                0x20000214                txSemaphore
 .bss.m_in_critical_region
                0x20000218        0x4 _build/nrf52840_xxaa/app_util_platform.c.o
 .bss.pxEnd     0x2000021c        0x4 _build/nrf52840_xxaa/heap_4.c.o
 .bss.ucHeap    0x20000220     0x8000 _build/nrf52840_xxaa/heap_4.c.o
 .bss.xBlockAllocatedBit
                0x20008220        0x4 _build/nrf52840_xxaa/heap_4.c.o
 .bss.xFreeBytesRemaining
                0x20008224        0x4 _build/nrf52840_xxaa/heap_4.c.o
 .bss.xMinimumEverFreeBytesRemaining
                0x20008228        0x4 _build/nrf52840_xxaa/heap_4.c.o
 .bss.xStart    0x2000822c        0x8 _build/nrf52840_xxaa/heap_4.c.o
 .bss.uxCriticalNesting
                0x20008234        0x4 _build/nrf52840_xxaa/port_cmsis.c.o
 .bss.xQueueRegistry
                0x20008238       0x10 _build/nrf52840_xxaa/queue.c.o
                0x20008238                xQueueRegistry
 .bss.pxCurrentTCB
                0x20008248        0x4 _build/nrf52840_xxaa/tasks.c.o
                0x20008248                pxCurrentTCB
 .bss.pxDelayedTaskList
                0x2000824c        0x4 _build/nrf52840_xxaa/tasks.c.o
 .bss.pxOverflowDelayedTaskList
                0x20008250        0x4 _build/nrf52840_xxaa/tasks.c.o
 .bss.pxReadyTasksLists
                0x20008254       0x64 _build/nrf52840_xxaa/tasks.c.o
 .bss.uxCurrentNumberOfTasks
                0x200082b8        0x4 _build/nrf52840_xxaa/tasks.c.o
 .bss.uxDeletedTasksWaitingCleanUp
                0x200082bc        0x4 _build/nrf52840_xxaa/tasks.c.o
 .bss.uxPendedTicks
                0x200082c0        0x4 _build/nrf52840_xxaa/tasks.c.o
 .bss.uxSchedulerSuspended
                0x200082c4        0x4 _build/nrf52840_xxaa/tasks.c.o
 .bss.uxTaskNumber
                0x200082c8        0x4 _build/nrf52840_xxaa/tasks.c.o
 .bss.uxTopReadyPriority
                0x200082cc        0x4 _build/nrf52840_xxaa/tasks.c.o
 .bss.xDelayedTaskList1
                0x200082d0       0x14 _build/nrf52840_xxaa/tasks.c.o
 .bss.xDelayedTaskList2
                0x200082e4       0x14 _build/nrf52840_xxaa/tasks.c.o
 .bss.xIdleTaskHandle
                0x200082f8        0x4 _build/nrf52840_xxaa/tasks.c.o
 .bss.xNextTaskUnblockTime
                0x200082fc        0x4 _build/nrf52840_xxaa/tasks.c.o
 .bss.xNumOfOverflows
                0x20008300        0x4 _build/nrf52840_xxaa/tasks.c.o
 .bss.xPendingReadyList
                0x20008304       0x14 _build/nrf52840_xxaa/tasks.c.o
 .bss.xSchedulerRunning
                0x20008318        0x4 _build/nrf52840_xxaa/tasks.c.o
 .bss.xSuspendedTaskList
                0x2000831c       0x14 _build/nrf52840_xxaa/tasks.c.o
 .bss.xTasksWaitingTermination
                0x20008330       0x14 _build/nrf52840_xxaa/tasks.c.o
 .bss.xTickCount
                0x20008344        0x4 _build/nrf52840_xxaa/tasks.c.o
 .bss.xYieldPending
                0x20008348        0x4 _build/nrf52840_xxaa/tasks.c.o
 .bss.pxCurrentTimerList
                0x2000834c        0x4 _build/nrf52840_xxaa/timers.c.o
 .bss.pxOverflowTimerList
                0x20008350        0x4 _build/nrf52840_xxaa/timers.c.o
 .bss.xActiveTimerList1
                0x20008354       0x14 _build/nrf52840_xxaa/timers.c.o
 .bss.xActiveTimerList2
                0x20008368       0x14 _build/nrf52840_xxaa/timers.c.o
 .bss.xLastTime.0
                0x2000837c        0x4 _build/nrf52840_xxaa/timers.c.o
 .bss.xTimerQueue
                0x20008380        0x4 _build/nrf52840_xxaa/timers.c.o
 .bss.xTimerTaskHandle
                0x20008384        0x4 _build/nrf52840_xxaa/timers.c.o
 .bss.m_clock_cb
                0x20008388       0x14 _build/nrf52840_xxaa/nrf_drv_clock.c.o
 .bss.m_clock_cb
                0x2000839c        0x8 _build/nrf52840_xxaa/nrfx_clock.c.o
 .bss.m_channels_allocated
                0x200083a4        0x4 _build/nrf52840_xxaa/nrfx_ppi.c.o
 .bss.m_groups_allocated
                0x200083a8        0x1 _build/nrf52840_xxaa/nrfx_ppi.c.o
 *fill*         0x200083a9        0x3 
 .bss.m_cb      0x200083ac        0x6 _build/nrf52840_xxaa/nrfx_rtc.c.o
 *fill*         0x200083b2        0x2 
 .bss.m_handlers
                0x200083b4        0x8 _build/nrf52840_xxaa/nrfx_rtc.c.o
 .bss.m_cb      0x200083bc       0x30 _build/nrf52840_xxaa/nrfx_saadc.c.o
 .bss.m_cb      0x200083ec       0x30 _build/nrf52840_xxaa/nrfx_timer.c.o
 .bss.m_alloc_index
                0x2000841c        0x1 _build/nrf52840_xxaa/nrfx_wdt.c.o
 .bss.m_state   0x2000841d        0x1 _build/nrf52840_xxaa/nrfx_wdt.c.o
 *fill*         0x2000841e        0x2 
 .bss.m_wdt_event_handler
                0x20008420        0x4 _build/nrf52840_xxaa/nrfx_wdt.c.o
 .bss.ledTaskHandle
                0x20008424        0x4 _build/nrf52840_xxaa/main.c.o
                0x20008424                ledTaskHandle
 .bss.m_channel_id
                0x20008428        0x1 ..//libFiles/epBlinkyLibrary.a(ep_bsp.c.o)
                0x20008428                m_channel_id
 .bss.active_mode
                0x20008429        0x1 ..//libFiles/epBlinkyLibrary.a(led_helper.c.o)
                0x20008429                active_mode
 .bss.active_mode_change
                0x2000842a        0x1 ..//libFiles/epBlinkyLibrary.a(led_helper.c.o)
                0x2000842a                active_mode_change
 .bss.active_mode_latch
                0x2000842b        0x1 ..//libFiles/epBlinkyLibrary.a(led_helper.c.o)
                0x2000842b                active_mode_latch
 .bss.active_mode_leds
                0x2000842c        0x1 ..//libFiles/epBlinkyLibrary.a(led_helper.c.o)
                0x2000842c                active_mode_leds
 *fill*         0x2000842d        0x3 
 .bss.led_semaphore
                0x20008430        0x4 ..//libFiles/epBlinkyLibrary.a(led_helper.c.o)
                0x20008430                led_semaphore
 .bss.led_timer
                0x20008434        0x4 ..//libFiles/epBlinkyLibrary.a(led_helper.c.o)
                0x20008434                led_timer
 .bss.pvtLedTaskHandle
                0x20008438        0x4 ..//libFiles/epBlinkyLibrary.a(led_helper.c.o)
                0x20008438                pvtLedTaskHandle
 .bss.m_cb      0x2000843c       0x6c ..//libFiles/epBlinkyLibrary.a(nrfx_gpiote.c.o)
 .bss.debugControl
                0x200084a8        0x5 ..//libFiles/epBlinkyLibrary.a(uart_helper.c.o)
 *fill*         0x200084ad        0x3 
 .bss.debug_uart_libuartectrl_blk
                0x200084b0       0x40 ..//libFiles/epBlinkyLibrary.a(uart_helper.c.o)
 .bss.debug_uart_rx_pool_nrf_balloc_cb
                0x200084f0        0x8 ..//libFiles/epBlinkyLibrary.a(uart_helper.c.o)
 .bss.debug_uart_rx_pool_nrf_balloc_pool_mem
                0x200084f8      0x300 ..//libFiles/epBlinkyLibrary.a(uart_helper.c.o)
 .bss.debug_uart_rx_pool_nrf_balloc_pool_stack
                0x200087f8        0x3 ..//libFiles/epBlinkyLibrary.a(uart_helper.c.o)
 *fill*         0x200087fb        0x1 
 .bss.debug_uart_rxdata_queue_nrf_queue_buffer
                0x200087fc       0x10 ..//libFiles/epBlinkyLibrary.a(uart_helper.c.o)
 .bss.debug_uart_rxdata_queue_nrf_queue_cb
                0x2000880c        0xc ..//libFiles/epBlinkyLibrary.a(uart_helper.c.o)
 .bss.debug_uartctrl_blk
                0x20008818       0x28 ..//libFiles/epBlinkyLibrary.a(uart_helper.c.o)
 .bss.initialized.1
                0x20008840        0x1 ..//libFiles/epBlinkyLibrary.a(uart_helper.c.o)
 *fill*         0x20008841        0x3 
 .bss.temp_tx_buff
                0x20008844     0x1400 ..//libFiles/epBlinkyLibrary.a(uart_helper.c.o)
                0x20008844                temp_tx_buff
 .bss.temp_tx_buff_index
                0x20009c44        0x1 ..//libFiles/epBlinkyLibrary.a(uart_helper.c.o)
                0x20009c44                temp_tx_buff_index
 .bss.txInProcess
                0x20009c45        0x1 ..//libFiles/epBlinkyLibrary.a(uart_helper.c.o)
 .bss.uartStatus
                0x20009c46        0x1 ..//libFiles/epBlinkyLibrary.a(uart_helper.c.o)
 *fill*         0x20009c47        0x1 
 .bss.uartTxTaskHandle
                0x20009c48        0x4 ..//libFiles/epBlinkyLibrary.a(uart_helper.c.o)
                0x20009c48                uartTxTaskHandle
 .bss.xDebugUartRxQueue
                0x20009c4c        0x4 ..//libFiles/epBlinkyLibrary.a(uart_helper.c.o)
                0x20009c4c                xDebugUartRxQueue
 .bss.xDebugUartStatusSemaphore
                0x20009c50        0x4 ..//libFiles/epBlinkyLibrary.a(uart_helper.c.o)
                0x20009c50                xDebugUartStatusSemaphore
 .bss.xDebugUartTxLockoutSemaphore
                0x20009c54        0x4 ..//libFiles/epBlinkyLibrary.a(uart_helper.c.o)
                0x20009c54                xDebugUartTxLockoutSemaphore
 .bss.xDebugUartTxQueue
                0x20009c58        0x4 ..//libFiles/epBlinkyLibrary.a(uart_helper.c.o)
                0x20009c58                xDebugUartTxQueue
 .bss.xDebugUartTxSemaphore
                0x20009c5c        0x4 ..//libFiles/epBlinkyLibrary.a(uart_helper.c.o)
                0x20009c5c                xDebugUartTxSemaphore
 .bss.xTxTempBuffSemaphore
                0x20009c60        0x4 ..//libFiles/epBlinkyLibrary.a(uart_helper.c.o)
                0x20009c60                xTxTempBuffSemaphore
 .bss.sync_time_seconds
                0x20009c64        0x4 ..//libFiles/epBlinkyLibrary.a(time_helper.c.o)
                0x20009c64                sync_time_seconds
 .bss.tick_overflow_counter
                0x20009c68        0x4 ..//libFiles/epBlinkyLibrary.a(time_helper.c.o)
                0x20009c68                tick_overflow_counter
 .bss.ticks_at_sync
                0x20009c6c        0x4 ..//libFiles/epBlinkyLibrary.a(time_helper.c.o)
                0x20009c6c                ticks_at_sync
 .bss.time_semaphore
                0x20009c70        0x4 ..//libFiles/epBlinkyLibrary.a(time_helper.c.o)
                0x20009c70                time_semaphore
 .bss.utility_initialized
                0x20009c74        0x1 ..//libFiles/epBlinkyLibrary.a(time_helper.c.o)
 *fill*         0x20009c75        0x3 
 .bss.__sf      0x20009c78      0x138 c:/program files (x86)/arm gnu toolchain arm-none-eabi/11.3 rel1/bin/../lib/gcc/arm-none-eabi/11.3.1/thumb/v7e-m+fp/hard\libc_nano.a(libc_a-findfp.o)
                0x20009c78                __sf
 .bss.__stdio_exit_handler
                0x20009db0        0x4 c:/program files (x86)/arm gnu toolchain arm-none-eabi/11.3 rel1/bin/../lib/gcc/arm-none-eabi/11.3.1/thumb/v7e-m+fp/hard\libc_nano.a(libc_a-findfp.o)
                0x20009db0                __stdio_exit_handler
 .bss.errno     0x20009db4        0x4 c:/program files (x86)/arm gnu toolchain arm-none-eabi/11.3 rel1/bin/../lib/gcc/arm-none-eabi/11.3.1/thumb/v7e-m+fp/hard\libc_nano.a(libc_a-reent.o)
                0x20009db4                errno
 .bss.__lock___malloc_recursive_mutex
                0x20009db8        0x1 c:/program files (x86)/arm gnu toolchain arm-none-eabi/11.3 rel1/bin/../lib/gcc/arm-none-eabi/11.3.1/thumb/v7e-m+fp/hard\libc_nano.a(libc_a-lock.o)
                0x20009db8                __lock___malloc_recursive_mutex
 .bss.__lock___sfp_recursive_mutex
                0x20009db9        0x1 c:/program files (x86)/arm gnu toolchain arm-none-eabi/11.3 rel1/bin/../lib/gcc/arm-none-eabi/11.3.1/thumb/v7e-m+fp/hard\libc_nano.a(libc_a-lock.o)
                0x20009db9                __lock___sfp_recursive_mutex
 *fill*         0x20009dba        0x2 
 .bss.__malloc_free_list
                0x20009dbc        0x4 c:/program files (x86)/arm gnu toolchain arm-none-eabi/11.3 rel1/bin/../lib/gcc/arm-none-eabi/11.3.1/thumb/v7e-m+fp/hard\libc_nano.a(libc_a-mallocr.o)
                0x20009dbc                __malloc_free_list
 .bss.__malloc_sbrk_start
                0x20009dc0        0x4 c:/program files (x86)/arm gnu toolchain arm-none-eabi/11.3 rel1/bin/../lib/gcc/arm-none-eabi/11.3.1/thumb/v7e-m+fp/hard\libc_nano.a(libc_a-mallocr.o)
                0x20009dc0                __malloc_sbrk_start
 .bss.heap_end.0
                0x20009dc4        0x4 c:/program files (x86)/arm gnu toolchain arm-none-eabi/11.3 rel1/bin/../lib/gcc/arm-none-eabi/11.3.1/thumb/v7e-m+fp/hard\libnosys.a(sbrk.o)
 *(COMMON)
                0x20009dc8                . = ALIGN (0x4)
                0x20009dc8                __bss_end__ = .

.heap           0x20009dc8     0x2000
                0x20009dc8                __HeapBase = .
                0x20009dc8                __end__ = .
                0x20009dc8                PROVIDE (end = .)
 *(.heap*)
 .heap          0x20009dc8     0x2000 _build/nrf52840_xxaa/gcc_startup_nrf52840.S.o
                0x2000bdc8                __HeapLimit = .

.stack_dummy    0x20009dc8     0x2000
 *(.stack*)
 .stack         0x20009dc8     0x2000 _build/nrf52840_xxaa/gcc_startup_nrf52840.S.o
                0x2003bc48                __StackTop = (ORIGIN (RAM) + LENGTH (RAM))
                0x20039c48                __StackLimit = (__StackTop - SIZEOF (.stack_dummy))
                0x2003bc48                PROVIDE (__stack = __StackTop)
                0x00000001                ASSERT ((__StackLimit >= __HeapLimit), region RAM overflowed with stack)
                0x000001e4                DataInitFlashUsed = (__bss_start__ - __data_start__)
                0x00009348                CodeFlashUsed = (__etext - ORIGIN (FLASH))
                0x0000952c                TotalFlashUsed = (CodeFlashUsed + DataInitFlashUsed)
                0x00000001                ASSERT ((TotalFlashUsed <= LENGTH (FLASH)), region FLASH overflowed with .data and user data)
OUTPUT(_build/nrf52840_xxaa.out elf32-littlearm)
LOAD linker stubs

.ARM.attributes
                0x00000000       0x30
 .ARM.attributes
                0x00000000       0x1e c:/program files (x86)/arm gnu toolchain arm-none-eabi/11.3 rel1/bin/../lib/gcc/arm-none-eabi/11.3.1/thumb/v7e-m+fp/hard/crti.o
 .ARM.attributes
                0x0000001e       0x34 c:/program files (x86)/arm gnu toolchain arm-none-eabi/11.3 rel1/bin/../lib/gcc/arm-none-eabi/11.3.1/thumb/v7e-m+fp/hard/crtbegin.o
 .ARM.attributes
                0x00000052       0x1c c:/program files (x86)/arm gnu toolchain arm-none-eabi/11.3 rel1/bin/../lib/gcc/arm-none-eabi/11.3.1/thumb/v7e-m+fp/hard/crt0.o
 .ARM.attributes
                0x0000006e       0x20 _build/nrf52840_xxaa/gcc_startup_nrf52840.S.o
 .ARM.attributes
                0x0000008e       0x34 _build/nrf52840_xxaa/boards.c.o
 .ARM.attributes
                0x000000c2       0x34 _build/nrf52840_xxaa/nrf_balloc.c.o
 .ARM.attributes
                0x000000f6       0x34 _build/nrf52840_xxaa/nrf_libuarte_async.c.o
 .ARM.attributes
                0x0000012a       0x34 _build/nrf52840_xxaa/nrf_libuarte_drv.c.o
 .ARM.attributes
                0x0000015e       0x34 _build/nrf52840_xxaa/nrf_queue.c.o
 .ARM.attributes
                0x00000192       0x34 _build/nrf52840_xxaa/retarget.c.o
 .ARM.attributes
                0x000001c6       0x34 _build/nrf52840_xxaa/app_error.c.o
 .ARM.attributes
                0x000001fa       0x34 _build/nrf52840_xxaa/app_error_weak.c.o
 .ARM.attributes
                0x0000022e       0x34 _build/nrf52840_xxaa/app_util_platform.c.o
 .ARM.attributes
                0x00000262       0x34 _build/nrf52840_xxaa/list.c.o
 .ARM.attributes
                0x00000296       0x34 _build/nrf52840_xxaa/heap_4.c.o
 .ARM.attributes
                0x000002ca       0x34 _build/nrf52840_xxaa/port_cmsis.c.o
 .ARM.attributes
                0x000002fe       0x34 _build/nrf52840_xxaa/port_cmsis_systick.c.o
 .ARM.attributes
                0x00000332       0x34 _build/nrf52840_xxaa/port.c.o
 .ARM.attributes
                0x00000366       0x34 _build/nrf52840_xxaa/queue.c.o
 .ARM.attributes
                0x0000039a       0x34 _build/nrf52840_xxaa/tasks.c.o
 .ARM.attributes
                0x000003ce       0x34 _build/nrf52840_xxaa/timers.c.o
 .ARM.attributes
                0x00000402       0x34 _build/nrf52840_xxaa/nrf_drv_clock.c.o
 .ARM.attributes
                0x00000436       0x34 _build/nrf52840_xxaa/nrfx_clock.c.o
 .ARM.attributes
                0x0000046a       0x34 _build/nrf52840_xxaa/nrfx_ppi.c.o
 .ARM.attributes
                0x0000049e       0x34 _build/nrf52840_xxaa/nrfx_rtc.c.o
 .ARM.attributes
                0x000004d2       0x34 _build/nrf52840_xxaa/nrfx_saadc.c.o
 .ARM.attributes
                0x00000506       0x34 _build/nrf52840_xxaa/nrfx_timer.c.o
 .ARM.attributes
                0x0000053a       0x34 _build/nrf52840_xxaa/nrfx_wdt.c.o
 .ARM.attributes
                0x0000056e       0x34 _build/nrf52840_xxaa/system_nrf52840.c.o
 .ARM.attributes
                0x000005a2       0x34 _build/nrf52840_xxaa/main.c.o
 .ARM.attributes